../Core/Src/_MULTI_FX_EFFECTS/FX_Definitions/convolution_reverb_f32.c:88:13:convolution_reverb_f32_process	0	static
../Core/Src/_MULTI_FX_EFFECTS/FX_Definitions/convolution_reverb_f32.c:70:6:convolution_reverb_f32_clean	0	static
../Core/Src/_MULTI_FX_EFFECTS/FX_Definitions/convolution_reverb_f32.c:102:12:fx_reverb_parameters	0	static
../Core/Src/_MULTI_FX_EFFECTS/FX_Definitions/convolution_reverb_f32.c:122:6:fx_reverb_init	8	static
../Core/Src/_MULTI_FX_EFFECTS/FX_Definitions/convolution_reverb_f32.c:170:6:fx_reverb_clean	16	static
