../Core/Src/main.c:113:6:HAL_ADC_ConvHalfCpltCallback	0	static,ignoring_inline_asm
../Core/Src/main.c:121:6:HAL_ADC_ConvCpltCallback	0	static,ignoring_inline_asm
../Core/Src/main.c:131:6:HAL_UART_RxCpltCallback	8	static
../Core/Src/main.c:328:6:SystemClock_Config	136	static,ignoring_inline_asm
../Core/Src/main.c:387:6:PeriphCommonClock_Config	200	static,ignoring_inline_asm
../Core/Src/main.c:162:5:main	136	static,ignoring_inline_asm
../Core/Src/main.c:753:6:Error_Handler	0	static,ignoring_inline_asm
