../Core/Src/main.c:139:6:HAL_ADC_ConvHalfCpltCallback	0	static,ignoring_inline_asm
../Core/Src/main.c:147:6:HAL_ADC_ConvCpltCallback	0	static,ignoring_inline_asm
../Core/Src/main.c:157:6:HAL_UART_RxCpltCallback	8	static
../Core/Src/main.c:485:6:SystemClock_Config	136	static,ignoring_inline_asm
../Core/Src/main.c:545:6:PeriphCommonClock_Config	200	static,ignoring_inline_asm
../Core/Src/main.c:188:5:main	144	static,ignoring_inline_asm
../Core/Src/main.c:951:6:Error_Handler	0	static,ignoring_inline_asm
