../Core/Src/stm32h7xx_hal_msp.c:66:6:HAL_MspInit	8	static
../Core/Src/stm32h7xx_hal_msp.c:88:6:HAL_ADC_MspInit	240	static
../Core/Src/stm32h7xx_hal_msp.c:155:6:HAL_ADC_MspDeInit	8	static
../Core/Src/stm32h7xx_hal_msp.c:188:6:HAL_DAC_MspInit	48	static
../Core/Src/stm32h7xx_hal_msp.c:244:6:HAL_DAC_MspDeInit	8	static
../Core/Src/stm32h7xx_hal_msp.c:277:6:HAL_TIM_Base_MspInit	8	static
../Core/Src/stm32h7xx_hal_msp.c:300:6:HAL_TIM_Base_MspDeInit	0	static
../Core/Src/stm32h7xx_hal_msp.c:322:6:HAL_UART_MspInit	248	static
../Core/Src/stm32h7xx_hal_msp.c:381:6:HAL_UART_MspDeInit	8	static
../Core/Src/stm32h7xx_hal_msp.c:520:6:HAL_SDRAM_MspInit	240	static
../Core/Src/stm32h7xx_hal_msp.c:605:6:HAL_SDRAM_MspDeInit	8	static
