../Core/Src/main.c:41:6:FMC_TEST	24	static
../Core/Src/main.c:123:6:HAL_UART_RxCpltCallback	24	static
../Core/Src/main.c:149:6:FMC_Init	32	static
../Core/Src/main.c:187:5:main	8	static,ignoring_inline_asm
../Core/Src/main.c:274:6:SystemClock_Config	120	static
../Core/Src/main.c:334:13:MX_USART2_UART_Init	8	static
../Core/Src/main.c:378:13:MX_FMC_Init	40	static
../Core/Src/main.c:429:13:MX_GPIO_Init	56	static
../Core/Src/main.c:474:6:MPU_Config	16	static
../Core/Src/main.c:519:6:Error_Handler	4	static,ignoring_inline_asm
