../Core/Src/main.c:100:6:HAL_ADC_ConvHalfCpltCallback	32	static,ignoring_inline_asm
../Core/Src/main.c:108:6:HAL_ADC_ConvCpltCallback	32	static,ignoring_inline_asm
../Core/Src/main.c:127:5:main	80	static,ignoring_inline_asm
../Core/Src/main.c:291:6:SystemClock_Config	120	static
../Core/Src/main.c:349:6:PeriphCommonClock_Config	200	static
../Core/Src/main.c:377:13:MX_ADC1_Init	48	static
../Core/Src/main.c:446:13:MX_DAC1_Init	48	static
../Core/Src/main.c:489:13:MX_SAI1_Init	8	static
../Core/Src/main.c:540:13:MX_TIM8_Init	56	static
../Core/Src/main.c:592:13:MX_DMA_Init	16	static
../Core/Src/main.c:619:13:MX_GPIO_Init	24	static
../Core/Src/main.c:640:6:MPU_Config	24	static
../Core/Src/main.c:671:6:Error_Handler	4	static,ignoring_inline_asm
