Archive member included to satisfy reference by file (symbol)

/Users/spencer/Library/CloudStorage/OneDrive-BCIT/capstone/github/BEngCapstone/Untitled/yellowBoard-DSP/Lib/libarm_cortexM7lfsp_math.a(arm_copy_f32.o)
                              ./Core/Src/pipe.o (arm_copy_f32)
/Users/spencer/Library/CloudStorage/OneDrive-BCIT/capstone/github/BEngCapstone/Untitled/yellowBoard-DSP/Lib/libarm_cortexM7lfsp_math.a(arm_scale_f32.o)
                              ./Core/Src/main.o (arm_scale_f32)
/Users/spencer/Library/CloudStorage/OneDrive-BCIT/capstone/github/BEngCapstone/Untitled/yellowBoard-DSP/Lib/libarm_cortexM7lfsp_math.a(arm_offset_f32.o)
                              ./Core/Src/pipe.o (arm_offset_f32)
/Applications/STM32CubeIDE.app/Contents/Eclipse/plugins/com.st.stm32cube.ide.mcu.externaltools.gnu-tools-for-stm32.13.3.rel1.macos64_1.0.0.202411102158/tools/bin/../lib/gcc/arm-none-eabi/13.3.1/../../../../arm-none-eabi/lib/thumb/v7e-m+dp/hard/libc_nano.a(libc_a-exit.o)
                              /Applications/STM32CubeIDE.app/Contents/Eclipse/plugins/com.st.stm32cube.ide.mcu.externaltools.gnu-tools-for-stm32.13.3.rel1.macos64_1.0.0.202411102158/tools/bin/../lib/gcc/arm-none-eabi/13.3.1/../../../../arm-none-eabi/lib/thumb/v7e-m+dp/hard/crt0.o (exit)
/Applications/STM32CubeIDE.app/Contents/Eclipse/plugins/com.st.stm32cube.ide.mcu.externaltools.gnu-tools-for-stm32.13.3.rel1.macos64_1.0.0.202411102158/tools/bin/../lib/gcc/arm-none-eabi/13.3.1/../../../../arm-none-eabi/lib/thumb/v7e-m+dp/hard/libc_nano.a(libc_a-findfp.o)
                              /Applications/STM32CubeIDE.app/Contents/Eclipse/plugins/com.st.stm32cube.ide.mcu.externaltools.gnu-tools-for-stm32.13.3.rel1.macos64_1.0.0.202411102158/tools/bin/../lib/gcc/arm-none-eabi/13.3.1/../../../../arm-none-eabi/lib/thumb/v7e-m+dp/hard/libc_nano.a(libc_a-exit.o) (__stdio_exit_handler)
/Applications/STM32CubeIDE.app/Contents/Eclipse/plugins/com.st.stm32cube.ide.mcu.externaltools.gnu-tools-for-stm32.13.3.rel1.macos64_1.0.0.202411102158/tools/bin/../lib/gcc/arm-none-eabi/13.3.1/../../../../arm-none-eabi/lib/thumb/v7e-m+dp/hard/libc_nano.a(libc_a-fwalk.o)
                              /Applications/STM32CubeIDE.app/Contents/Eclipse/plugins/com.st.stm32cube.ide.mcu.externaltools.gnu-tools-for-stm32.13.3.rel1.macos64_1.0.0.202411102158/tools/bin/../lib/gcc/arm-none-eabi/13.3.1/../../../../arm-none-eabi/lib/thumb/v7e-m+dp/hard/libc_nano.a(libc_a-findfp.o) (_fwalk_sglue)
/Applications/STM32CubeIDE.app/Contents/Eclipse/plugins/com.st.stm32cube.ide.mcu.externaltools.gnu-tools-for-stm32.13.3.rel1.macos64_1.0.0.202411102158/tools/bin/../lib/gcc/arm-none-eabi/13.3.1/../../../../arm-none-eabi/lib/thumb/v7e-m+dp/hard/libc_nano.a(libc_a-memset.o)
                              /Applications/STM32CubeIDE.app/Contents/Eclipse/plugins/com.st.stm32cube.ide.mcu.externaltools.gnu-tools-for-stm32.13.3.rel1.macos64_1.0.0.202411102158/tools/bin/../lib/gcc/arm-none-eabi/13.3.1/../../../../arm-none-eabi/lib/thumb/v7e-m+dp/hard/crt0.o (memset)
/Applications/STM32CubeIDE.app/Contents/Eclipse/plugins/com.st.stm32cube.ide.mcu.externaltools.gnu-tools-for-stm32.13.3.rel1.macos64_1.0.0.202411102158/tools/bin/../lib/gcc/arm-none-eabi/13.3.1/../../../../arm-none-eabi/lib/thumb/v7e-m+dp/hard/libc_nano.a(libc_a-errno.o)
                              ./Core/Src/syscalls.o (__errno)
/Applications/STM32CubeIDE.app/Contents/Eclipse/plugins/com.st.stm32cube.ide.mcu.externaltools.gnu-tools-for-stm32.13.3.rel1.macos64_1.0.0.202411102158/tools/bin/../lib/gcc/arm-none-eabi/13.3.1/../../../../arm-none-eabi/lib/thumb/v7e-m+dp/hard/libc_nano.a(libc_a-init.o)
                              /Applications/STM32CubeIDE.app/Contents/Eclipse/plugins/com.st.stm32cube.ide.mcu.externaltools.gnu-tools-for-stm32.13.3.rel1.macos64_1.0.0.202411102158/tools/bin/../lib/gcc/arm-none-eabi/13.3.1/../../../../arm-none-eabi/lib/thumb/v7e-m+dp/hard/crt0.o (__libc_init_array)
/Applications/STM32CubeIDE.app/Contents/Eclipse/plugins/com.st.stm32cube.ide.mcu.externaltools.gnu-tools-for-stm32.13.3.rel1.macos64_1.0.0.202411102158/tools/bin/../lib/gcc/arm-none-eabi/13.3.1/../../../../arm-none-eabi/lib/thumb/v7e-m+dp/hard/libc_nano.a(libc_a-lock.o)
                              /Applications/STM32CubeIDE.app/Contents/Eclipse/plugins/com.st.stm32cube.ide.mcu.externaltools.gnu-tools-for-stm32.13.3.rel1.macos64_1.0.0.202411102158/tools/bin/../lib/gcc/arm-none-eabi/13.3.1/../../../../arm-none-eabi/lib/thumb/v7e-m+dp/hard/libc_nano.a(libc_a-findfp.o) (__retarget_lock_init_recursive)
/Applications/STM32CubeIDE.app/Contents/Eclipse/plugins/com.st.stm32cube.ide.mcu.externaltools.gnu-tools-for-stm32.13.3.rel1.macos64_1.0.0.202411102158/tools/bin/../lib/gcc/arm-none-eabi/13.3.1/../../../../arm-none-eabi/lib/thumb/v7e-m+dp/hard/libc_nano.a(libc_a-impure.o)
[...]
Memory Configuration

Name             Origin             Length             Attributes
FLASH            0x08000000         0x00020000         xr
DTCMRAM          0x20000000         0x00020000         xrw
RAM_D1           0x24000000         0x00080000         xrw
RAM_D2           0x30000000         0x00048000         xrw
RAM_D3           0x38000000         0x00010000         xrw
ITCMRAM          0x00000000         0x00010000         xrw
*default*        0x00000000         0xffffffff

Linker script and memory map

LOAD /Applications/STM32CubeIDE.app/Contents/Eclipse/plugins/com.st.stm32cube.ide.mcu.externaltools.gnu-tools-for-stm32.13.3.rel1.macos64_1.0.0.202411102158/tools/bin/../lib/gcc/arm-none-eabi/13.3.1/thumb/v7e-m+dp/hard/crti.o
LOAD /Applications/STM32CubeIDE.app/Contents/Eclipse/plugins/com.st.stm32cube.ide.mcu.externaltools.gnu-tools-for-stm32.13.3.rel1.macos64_1.0.0.202411102158/tools/bin/../lib/gcc/arm-none-eabi/13.3.1/thumb/v7e-m+dp/hard/crtbegin.o
LOAD /Applications/STM32CubeIDE.app/Contents/Eclipse/plugins/com.st.stm32cube.ide.mcu.externaltools.gnu-tools-for-stm32.13.3.rel1.macos64_1.0.0.202411102158/tools/bin/../lib/gcc/arm-none-eabi/13.3.1/../../../../arm-none-eabi/lib/thumb/v7e-m+dp/hard/crt0.o
LOAD ./Core/Src/MPU.o
LOAD ./Core/Src/main.o
LOAD ./Core/Src/pipe.o
LOAD ./Core/Src/stm32h7xx_hal_msp.o
LOAD ./Core/Src/stm32h7xx_it.o
LOAD ./Core/Src/syscalls.o
LOAD ./Core/Src/sysmem.o
LOAD ./Core/Src/system_stm32h7xx.o
LOAD ./Core/Startup/startup_stm32h750ibkx.o
LOAD ./Drivers/STM32H7xx_HAL_Driver/Src/stm32h7xx_hal.o
LOAD ./Drivers/STM32H7xx_HAL_Driver/Src/stm32h7xx_hal_adc.o
LOAD ./Drivers/STM32H7xx_HAL_Driver/Src/stm32h7xx_hal_adc_ex.o
LOAD ./Drivers/STM32H7xx_HAL_Driver/Src/stm32h7xx_hal_cortex.o
LOAD ./Drivers/STM32H7xx_HAL_Driver/Src/stm32h7xx_hal_dac.o
LOAD ./Drivers/STM32H7xx_HAL_Driver/Src/stm32h7xx_hal_dac_ex.o
LOAD ./Drivers/STM32H7xx_HAL_Driver/Src/stm32h7xx_hal_dma.o
LOAD ./Drivers/STM32H7xx_HAL_Driver/Src/stm32h7xx_hal_dma_ex.o
LOAD ./Drivers/STM32H7xx_HAL_Driver/Src/stm32h7xx_hal_exti.o
LOAD ./Drivers/STM32H7xx_HAL_Driver/Src/stm32h7xx_hal_flash.o
LOAD ./Drivers/STM32H7xx_HAL_Driver/Src/stm32h7xx_hal_flash_ex.o
LOAD ./Drivers/STM32H7xx_HAL_Driver/Src/stm32h7xx_hal_gpio.o
LOAD ./Drivers/STM32H7xx_HAL_Driver/Src/stm32h7xx_hal_hsem.o
LOAD ./Drivers/STM32H7xx_HAL_Driver/Src/stm32h7xx_hal_i2c.o
LOAD ./Drivers/STM32H7xx_HAL_Driver/Src/stm32h7xx_hal_i2c_ex.o
LOAD ./Drivers/STM32H7xx_HAL_Driver/Src/stm32h7xx_hal_mdma.o
LOAD ./Drivers/STM32H7xx_HAL_Driver/Src/stm32h7xx_hal_pwr.o
LOAD ./Drivers/STM32H7xx_HAL_Driver/Src/stm32h7xx_hal_pwr_ex.o
LOAD ./Drivers/STM32H7xx_HAL_Driver/Src/stm32h7xx_hal_rcc.o
LOAD ./Drivers/STM32H7xx_HAL_Driver/Src/stm32h7xx_hal_rcc_ex.o
LOAD ./Drivers/STM32H7xx_HAL_Driver/Src/stm32h7xx_hal_sai.o
LOAD ./Drivers/STM32H7xx_HAL_Driver/Src/stm32h7xx_hal_sai_ex.o
LOAD ./Drivers/STM32H7xx_HAL_Driver/Src/stm32h7xx_hal_tim.o
LOAD ./Drivers/STM32H7xx_HAL_Driver/Src/stm32h7xx_hal_tim_ex.o
LOAD /Users/spencer/Library/CloudStorage/OneDrive-BCIT/capstone/github/BEngCapstone/Untitled/yellowBoard-DSP/Lib/libarm_cortexM7lfsp_math.a
START GROUP
LOAD /Applications/STM32CubeIDE.app/Contents/Eclipse/plugins/com.st.stm32cube.ide.mcu.externaltools.gnu-tools-for-stm32.13.3.rel1.macos64_1.0.0.202411102158/tools/bin/../lib/gcc/arm-none-eabi/13.3.1/../../../../arm-none-eabi/lib/thumb/v7e-m+dp/hard/libc_nano.a
LOAD /Applications/STM32CubeIDE.app/Contents/Eclipse/plugins/com.st.stm32cube.ide.mcu.externaltools.gnu-tools-for-stm32.13.3.rel1.macos64_1.0.0.202411102158/tools/bin/../lib/gcc/arm-none-eabi/13.3.1/../../../../arm-none-eabi/lib/thumb/v7e-m+dp/hard/libm.a
END GROUP
START GROUP
LOAD /Applications/STM32CubeIDE.app/Contents/Eclipse/plugins/com.st.stm32cube.ide.mcu.externaltools.gnu-tools-for-stm32.13.3.rel1.macos64_1.0.0.202411102158/tools/bin/../lib/gcc/arm-none-eabi/13.3.1/thumb/v7e-m+dp/hard/libgcc.a
LOAD /Applications/STM32CubeIDE.app/Contents/Eclipse/plugins/com.st.stm32cube.ide.mcu.externaltools.gnu-tools-for-stm32.13.3.rel1.macos64_1.0.0.202411102158/tools/bin/../lib/gcc/arm-none-eabi/13.3.1/../../../../arm-none-eabi/lib/thumb/v7e-m+dp/hard/libc_nano.a
END GROUP
START GROUP
LOAD /Applications/STM32CubeIDE.app/Contents/Eclipse/plugins/com.st.stm32cube.ide.mcu.externaltools.gnu-tools-for-stm32.13.3.rel1.macos64_1.0.0.202411102158/tools/bin/../lib/gcc/arm-none-eabi/13.3.1/thumb/v7e-m+dp/hard/libgcc.a
LOAD /Applications/STM32CubeIDE.app/Contents/Eclipse/plugins/com.st.stm32cube.ide.mcu.externaltools.gnu-tools-for-stm32.13.3.rel1.macos64_1.0.0.202411102158/tools/bin/../lib/gcc/arm-none-eabi/13.3.1/../../../../arm-none-eabi/lib/thumb/v7e-m+dp/hard/libc_nano.a
LOAD /Applications/STM32CubeIDE.app/Contents/Eclipse/plugins/com.st.stm32cube.ide.mcu.externaltools.gnu-tools-for-stm32.13.3.rel1.macos64_1.0.0.202411102158/tools/bin/../lib/gcc/arm-none-eabi/13.3.1/../../../../arm-none-eabi/lib/thumb/v7e-m+dp/hard/libnosys.a
END GROUP
START GROUP
LOAD /Applications/STM32CubeIDE.app/Contents/Eclipse/plugins/com.st.stm32cube.ide.mcu.externaltools.gnu-tools-for-stm32.13.3.rel1.macos64_1.0.0.202411102158/tools/bin/../lib/gcc/arm-none-eabi/13.3.1/thumb/v7e-m+dp/hard/libgcc.a
LOAD /Applications/STM32CubeIDE.app/Contents/Eclipse/plugins/com.st.stm32cube.ide.mcu.externaltools.gnu-tools-for-stm32.13.3.rel1.macos64_1.0.0.202411102158/tools/bin/../lib/gcc/arm-none-eabi/13.3.1/../../../../arm-none-eabi/lib/thumb/v7e-m+dp/hard/libc_nano.a
LOAD /Applications/STM32CubeIDE.app/Contents/Eclipse/plugins/com.st.stm32cube.ide.mcu.externaltools.gnu-tools-for-stm32.13.3.rel1.macos64_1.0.0.202411102158/tools/bin/../lib/gcc/arm-none-eabi/13.3.1/../../../../arm-none-eabi/lib/thumb/v7e-m+dp/hard/libnosys.a
END GROUP
LOAD /Applications/STM32CubeIDE.app/Contents/Eclipse/plugins/com.st.stm32cube.ide.mcu.externaltools.gnu-tools-for-stm32.13.3.rel1.macos64_1.0.0.202411102158/tools/bin/../lib/gcc/arm-none-eabi/13.3.1/thumb/v7e-m+dp/hard/crtend.o
LOAD /Applications/STM32CubeIDE.app/Contents/Eclipse/plugins/com.st.stm32cube.ide.mcu.externaltools.gnu-tools-for-stm32.13.3.rel1.macos64_1.0.0.202411102158/tools/bin/../lib/gcc/arm-none-eabi/13.3.1/thumb/v7e-m+dp/hard/crtn.o
                0x24080000                        _estack = (ORIGIN (RAM_D1) + LENGTH (RAM_D1))
                0x00000200                        _Min_Heap_Size = 0x200
                0x00000400                        _Min_Stack_Size = 0x400

.isr_vector     0x08000000      0x298
                0x08000000                        . = ALIGN (0x4)
 *(.isr_vector)
 .isr_vector    0x08000000      0x298 ./Core/Startup/startup_stm32h750ibkx.o
                0x08000000                g_pfnVectors
                0x08000298                        . = ALIGN (0x4)

.text           0x08000298     0xaf34
                0x08000298                        . = ALIGN (0x4)
 *(.text)
 .text          0x08000298       0x40 /Applications/STM32CubeIDE.app/Contents/Eclipse/plugins/com.st.stm32cube.ide.mcu.externaltools.gnu-tools-for-stm32.13.3.rel1.macos64_1.0.0.202411102158/tools/bin/../lib/gcc/arm-none-eabi/13.3.1/thumb/v7e-m+dp/hard/crtbegin.o
 *(.text*)
 .text.HAL_ADC_ConvCpltCallback
                0x080002d8       0x70 ./Core/Src/main.o
                0x080002d8                HAL_ADC_ConvCpltCallback
 .text.HAL_ADC_ConvHalfCpltCallback
                0x08000348       0x70 ./Core/Src/main.o
                0x08000348                HAL_ADC_ConvHalfCpltCallback
 .text.processAudio
                0x080003b8       0x74 ./Core/Src/main.o
                0x080003b8                processAudio
 .text.bits2normal
                0x0800042c       0xc0 ./Core/Src/main.o
                0x0800042c                bits2normal
 .text.normal2bits
                0x080004ec      0x17c ./Core/Src/main.o
                0x080004ec                normal2bits
 .text.HAL_SAI_TxCpltCallback
                0x08000668       0x2c ./Core/Src/main.o
                0x08000668                HAL_SAI_TxCpltCallback
 .text.HAL_SAI_TxHalfCpltCallback
                0x08000694       0x2c ./Core/Src/main.o
                0x08000694                HAL_SAI_TxHalfCpltCallback
 .text.HAL_SAI_RxCpltCallback
                0x080006c0       0x48 ./Core/Src/main.o
                0x080006c0                HAL_SAI_RxCpltCallback
 .text.HAL_SAI_RxHalfCpltCallback
                0x08000708       0x48 ./Core/Src/main.o
                0x08000708                HAL_SAI_RxHalfCpltCallback
 .text.main     0x08000750       0xcc ./Core/Src/main.o
                0x08000750                main
 .text.SystemClock_Config
                0x0800081c       0xf4 ./Core/Src/main.o
                0x0800081c                SystemClock_Config
 .text.PeriphCommonClock_Config
                0x08000910       0x68 ./Core/Src/main.o
                0x08000910                PeriphCommonClock_Config
 .text.MX_ADC1_Init
                0x08000978       0xfc ./Core/Src/main.o
 .text.MX_DAC1_Init
                0x08000a74       0x64 ./Core/Src/main.o
 .text.MX_SAI1_Init
                0x08000ad8       0xcc ./Core/Src/main.o
 .text.MX_TIM8_Init
                0x08000ba4       0xd4 ./Core/Src/main.o
 .text.MX_DMA_Init
                0x08000c78       0x70 ./Core/Src/main.o
 .text.MX_GPIO_Init
                0x08000ce8       0x90 ./Core/Src/main.o
 .text.MPU_Config
                0x08000d78       0x58 ./Core/Src/main.o
 .text.Error_Handler
                0x08000dd0        0xc ./Core/Src/main.o
                0x08000dd0                Error_Handler
 .text.HAL_MspInit
                0x08000ddc       0x34 ./Core/Src/stm32h7xx_hal_msp.o
                0x08000ddc                HAL_MspInit
 .text.HAL_ADC_MspInit
                0x08000e10      0x104 ./Core/Src/stm32h7xx_hal_msp.o
                0x08000e10                HAL_ADC_MspInit
 .text.HAL_DAC_MspInit
                0x08000f14       0xf0 ./Core/Src/stm32h7xx_hal_msp.o
                0x08000f14                HAL_DAC_MspInit
 .text.HAL_TIM_Base_MspInit
                0x08001004       0x44 ./Core/Src/stm32h7xx_hal_msp.o
                0x08001004                HAL_TIM_Base_MspInit
 .text.HAL_SAI_MspInit
                0x08001048      0x1cc ./Core/Src/stm32h7xx_hal_msp.o
                0x08001048                HAL_SAI_MspInit
 .text.NMI_Handler
                0x08001214        0x8 ./Core/Src/stm32h7xx_it.o
                0x08001214                NMI_Handler
 .text.HardFault_Handler
                0x0800121c        0x8 ./Core/Src/stm32h7xx_it.o
                0x0800121c                HardFault_Handler
 .text.MemManage_Handler
                0x08001224        0x8 ./Core/Src/stm32h7xx_it.o
                0x08001224                MemManage_Handler
 .text.BusFault_Handler
                0x0800122c        0x8 ./Core/Src/stm32h7xx_it.o
                0x0800122c                BusFault_Handler
 .text.UsageFault_Handler
                0x08001234        0x8 ./Core/Src/stm32h7xx_it.o
                0x08001234                UsageFault_Handler
 .text.SVC_Handler
                0x0800123c        0xe ./Core/Src/stm32h7xx_it.o
                0x0800123c                SVC_Handler
 .text.DebugMon_Handler
                0x0800124a        0xe ./Core/Src/stm32h7xx_it.o
                0x0800124a                DebugMon_Handler
 .text.PendSV_Handler
                0x08001258        0xe ./Core/Src/stm32h7xx_it.o
                0x08001258                PendSV_Handler
 .text.SysTick_Handler
                0x08001266        0xc ./Core/Src/stm32h7xx_it.o
                0x08001266                SysTick_Handler
 *fill*         0x08001272        0x2 
 .text.DMA1_Stream0_IRQHandler
                0x08001274       0x14 ./Core/Src/stm32h7xx_it.o
                0x08001274                DMA1_Stream0_IRQHandler
 .text.DMA1_Stream1_IRQHandler
                0x08001288       0x14 ./Core/Src/stm32h7xx_it.o
                0x08001288                DMA1_Stream1_IRQHandler
 .text.DMA1_Stream2_IRQHandler
                0x0800129c       0x14 ./Core/Src/stm32h7xx_it.o
                0x0800129c                DMA1_Stream2_IRQHandler
 .text.DMA1_Stream3_IRQHandler
                0x080012b0       0x14 ./Core/Src/stm32h7xx_it.o
                0x080012b0                DMA1_Stream3_IRQHandler
 .text.ADC_IRQHandler
                0x080012c4       0x14 ./Core/Src/stm32h7xx_it.o
                0x080012c4                ADC_IRQHandler
 .text.SystemInit
                0x080012d8      0x140 ./Core/Src/system_stm32h7xx.o
                0x080012d8                SystemInit
 .text.ExitRun0Mode
                0x08001418       0x30 ./Core/Src/system_stm32h7xx.o
                0x08001418                ExitRun0Mode
 .text.Reset_Handler
                0x08001448       0x54 ./Core/Startup/startup_stm32h750ibkx.o
                0x08001448                Reset_Handler
 .text.Default_Handler
                0x0800149c        0x2 ./Core/Startup/startup_stm32h750ibkx.o
                0x0800149c                SAI1_IRQHandler
                0x0800149c                HASH_RNG_IRQHandler
                0x0800149c                EXTI2_IRQHandler
                0x0800149c                TIM8_CC_IRQHandler
                0x0800149c                HRTIM1_Master_IRQHandler
                0x0800149c                UART8_IRQHandler
                0x0800149c                SPI4_IRQHandler
                0x0800149c                TIM1_CC_IRQHandler
                0x0800149c                BDMA_Channel6_IRQHandler
                0x0800149c                DMA2_Stream5_IRQHandler
                0x0800149c                HRTIM1_FLT_IRQHandler
                0x0800149c                JPEG_IRQHandler
                0x0800149c                DMA1_Stream5_IRQHandler
                0x0800149c                BDMA_Channel1_IRQHandler
                0x0800149c                HRTIM1_TIMD_IRQHandler
                0x0800149c                TAMP_STAMP_IRQHandler
                0x0800149c                EXTI3_IRQHandler
                0x0800149c                LPTIM4_IRQHandler
                0x0800149c                TIM8_TRG_COM_TIM14_IRQHandler
                0x0800149c                LPTIM2_IRQHandler
                0x0800149c                DFSDM1_FLT1_IRQHandler
                0x0800149c                DMAMUX2_OVR_IRQHandler
                0x0800149c                TIM8_UP_TIM13_IRQHandler
                0x0800149c                I2C3_ER_IRQHandler
                0x0800149c                DFSDM1_FLT2_IRQHandler
                0x0800149c                MDMA_IRQHandler
                0x0800149c                LPTIM3_IRQHandler
                0x0800149c                HSEM1_IRQHandler
                0x0800149c                EXTI0_IRQHandler
                0x0800149c                I2C2_EV_IRQHandler
                0x0800149c                FPU_IRQHandler
                0x0800149c                OTG_HS_WKUP_IRQHandler
                0x0800149c                FDCAN1_IT1_IRQHandler
                0x0800149c                LTDC_ER_IRQHandler
                0x0800149c                DMA2_Stream2_IRQHandler
                0x0800149c                HRTIM1_TIME_IRQHandler
                0x0800149c                SPI1_IRQHandler
                0x0800149c                TIM6_DAC_IRQHandler
                0x0800149c                DCMI_IRQHandler
                0x0800149c                HRTIM1_TIMC_IRQHandler
                0x0800149c                DMA2_Stream3_IRQHandler
                0x0800149c                SAI2_IRQHandler
                0x0800149c                DFSDM1_FLT3_IRQHandler
                0x0800149c                USART6_IRQHandler
                0x0800149c                TIM17_IRQHandler
                0x0800149c                USART3_IRQHandler
                0x0800149c                BDMA_Channel7_IRQHandler
                0x0800149c                CRYP_IRQHandler
                0x0800149c                LPTIM5_IRQHandler
                0x0800149c                UART5_IRQHandler
                0x0800149c                ADC3_IRQHandler
                0x0800149c                DMA2_Stream0_IRQHandler
                0x0800149c                TIM4_IRQHandler
                0x0800149c                BDMA_Channel2_IRQHandler
                0x0800149c                QUADSPI_IRQHandler
                0x0800149c                I2C1_EV_IRQHandler
                0x0800149c                DMA1_Stream6_IRQHandler
                0x0800149c                DMAMUX1_OVR_IRQHandler
                0x0800149c                TIM16_IRQHandler
                0x0800149c                UART4_IRQHandler
                0x0800149c                BDMA_Channel5_IRQHandler
                0x0800149c                TIM3_IRQHandler
                0x0800149c                RCC_IRQHandler
                0x0800149c                TIM8_BRK_TIM12_IRQHandler
                0x0800149c                TIM1_TRG_COM_IRQHandler
                0x0800149c                Default_Handler
                0x0800149c                ECC_IRQHandler
                0x0800149c                CEC_IRQHandler
                0x0800149c                EXTI15_10_IRQHandler
                0x0800149c                BDMA_Channel0_IRQHandler
                0x0800149c                DMA1_Stream7_IRQHandler
                0x0800149c                HRTIM1_TIMA_IRQHandler
                0x0800149c                SPI5_IRQHandler
                0x0800149c                TIM7_IRQHandler
                0x0800149c                SDMMC1_IRQHandler
                0x0800149c                TIM5_IRQHandler
                0x0800149c                DMA2_Stream7_IRQHandler
                0x0800149c                TIM15_IRQHandler
                0x0800149c                PVD_AVD_IRQHandler
                0x0800149c                I2C3_EV_IRQHandler
                0x0800149c                EXTI9_5_IRQHandler
                0x0800149c                RTC_WKUP_IRQHandler
                0x0800149c                LTDC_IRQHandler
                0x0800149c                SAI3_IRQHandler
                0x0800149c                ETH_WKUP_IRQHandler
                0x0800149c                SPDIF_RX_IRQHandler
                0x0800149c                SPI2_IRQHandler
                0x0800149c                OTG_HS_EP1_IN_IRQHandler
                0x0800149c                CRS_IRQHandler
                0x0800149c                EXTI4_IRQHandler
                0x0800149c                HRTIM1_TIMB_IRQHandler
                0x0800149c                FDCAN2_IT1_IRQHandler
                0x0800149c                ETH_IRQHandler
                0x0800149c                TIM1_UP_IRQHandler
                0x0800149c                BDMA_Channel4_IRQHandler
                0x0800149c                OTG_HS_EP1_OUT_IRQHandler
                0x0800149c                WWDG_IRQHandler
                0x0800149c                SPI6_IRQHandler
                0x0800149c                MDIOS_IRQHandler
                0x0800149c                I2C4_EV_IRQHandler
                0x0800149c                FDCAN2_IT0_IRQHandler
                0x0800149c                LPUART1_IRQHandler
                0x0800149c                FDCAN1_IT0_IRQHandler
                0x0800149c                TIM2_IRQHandler
                0x0800149c                OTG_FS_WKUP_IRQHandler
                0x0800149c                OTG_HS_IRQHandler
                0x0800149c                DMA2D_IRQHandler
                0x0800149c                TIM1_BRK_IRQHandler
                0x0800149c                EXTI1_IRQHandler
                0x0800149c                SDMMC2_IRQHandler
                0x0800149c                OTG_FS_EP1_OUT_IRQHandler
                0x0800149c                BDMA_Channel3_IRQHandler
                0x0800149c                UART7_IRQHandler
                0x0800149c                MDIOS_WKUP_IRQHandler
                0x0800149c                USART2_IRQHandler
                0x0800149c                DFSDM1_FLT0_IRQHandler
                0x0800149c                SAI4_IRQHandler
                0x0800149c                I2C2_ER_IRQHandler
                0x0800149c                DMA2_Stream1_IRQHandler
                0x0800149c                FLASH_IRQHandler
                0x0800149c                DMA2_Stream4_IRQHandler
                0x0800149c                USART1_IRQHandler
                0x0800149c                OTG_FS_IRQHandler
                0x0800149c                SPI3_IRQHandler
                0x0800149c                WAKEUP_PIN_IRQHandler
                0x0800149c                DMA1_Stream4_IRQHandler
                0x0800149c                OTG_FS_EP1_IN_IRQHandler
                0x0800149c                I2C1_ER_IRQHandler
                0x0800149c                FMC_IRQHandler
                0x0800149c                FDCAN_CAL_IRQHandler
                0x0800149c                SWPMI1_IRQHandler
                0x0800149c                COMP1_IRQHandler
                0x0800149c                LPTIM1_IRQHandler
                0x0800149c                I2C4_ER_IRQHandler
                0x0800149c                DMA2_Stream6_IRQHandler
                0x0800149c                RTC_Alarm_IRQHandler
 *fill*         0x0800149e        0x2 
 .text.HAL_Init
                0x080014a0       0x78 ./Drivers/STM32H7xx_HAL_Driver/Src/stm32h7xx_hal.o
                0x080014a0                HAL_Init
 .text.HAL_InitTick
                0x08001518       0x6c ./Drivers/STM32H7xx_HAL_Driver/Src/stm32h7xx_hal.o
                0x08001518                HAL_InitTick
 .text.HAL_IncTick
                0x08001584       0x28 ./Drivers/STM32H7xx_HAL_Driver/Src/stm32h7xx_hal.o
                0x08001584                HAL_IncTick
 .text.HAL_GetTick
                0x080015ac       0x18 ./Drivers/STM32H7xx_HAL_Driver/Src/stm32h7xx_hal.o
                0x080015ac                HAL_GetTick
 .text.HAL_GetREVID
                0x080015c4       0x18 ./Drivers/STM32H7xx_HAL_Driver/Src/stm32h7xx_hal.o
                0x080015c4                HAL_GetREVID
 .text.LL_ADC_SetCommonClock
                0x080015dc       0x26 ./Drivers/STM32H7xx_HAL_Driver/Src/stm32h7xx_hal_adc.o
 .text.LL_ADC_SetCommonPathInternalCh
                0x08001602       0x26 ./Drivers/STM32H7xx_HAL_Driver/Src/stm32h7xx_hal_adc.o
 .text.LL_ADC_GetCommonPathInternalCh
                0x08001628       0x1c ./Drivers/STM32H7xx_HAL_Driver/Src/stm32h7xx_hal_adc.o
 .text.LL_ADC_SetChannelPreselection
                0x08001644       0x66 ./Drivers/STM32H7xx_HAL_Driver/Src/stm32h7xx_hal_adc.o
 .text.LL_ADC_SetOffset
                0x080016aa       0x40 ./Drivers/STM32H7xx_HAL_Driver/Src/stm32h7xx_hal_adc.o
 .text.LL_ADC_SetDataRightShift
                0x080016ea       0x32 ./Drivers/STM32H7xx_HAL_Driver/Src/stm32h7xx_hal_adc.o
 .text.LL_ADC_SetOffsetSignedSaturation
                0x0800171c       0x36 ./Drivers/STM32H7xx_HAL_Driver/Src/stm32h7xx_hal_adc.o
 .text.LL_ADC_REG_IsTriggerSourceSWStart
                0x08001752       0x26 ./Drivers/STM32H7xx_HAL_Driver/Src/stm32h7xx_hal_adc.o
 .text.LL_ADC_REG_SetSequencerRanks
                0x08001778       0x58 ./Drivers/STM32H7xx_HAL_Driver/Src/stm32h7xx_hal_adc.o
 .text.LL_ADC_REG_SetDataTransferMode
                0x080017d0       0x26 ./Drivers/STM32H7xx_HAL_Driver/Src/stm32h7xx_hal_adc.o
 .text.LL_ADC_INJ_IsTriggerSourceSWStart
                0x080017f6       0x26 ./Drivers/STM32H7xx_HAL_Driver/Src/stm32h7xx_hal_adc.o
 .text.LL_ADC_SetChannelSamplingTime
                0x0800181c       0x56 ./Drivers/STM32H7xx_HAL_Driver/Src/stm32h7xx_hal_adc.o
 *fill*         0x08001872        0x2 
 .text.LL_ADC_SetChannelSingleDiff
                0x08001874       0x48 ./Drivers/STM32H7xx_HAL_Driver/Src/stm32h7xx_hal_adc.o
 .text.LL_ADC_GetMultimode
                0x080018bc       0x1c ./Drivers/STM32H7xx_HAL_Driver/Src/stm32h7xx_hal_adc.o
 .text.LL_ADC_GetMultiDMATransfer
                0x080018d8       0x1c ./Drivers/STM32H7xx_HAL_Driver/Src/stm32h7xx_hal_adc.o
 .text.LL_ADC_DisableDeepPowerDown
                0x080018f4       0x24 ./Drivers/STM32H7xx_HAL_Driver/Src/stm32h7xx_hal_adc.o
 .text.LL_ADC_IsDeepPowerDownEnabled
                0x08001918       0x28 ./Drivers/STM32H7xx_HAL_Driver/Src/stm32h7xx_hal_adc.o
 .text.LL_ADC_EnableInternalRegulator
                0x08001940       0x28 ./Drivers/STM32H7xx_HAL_Driver/Src/stm32h7xx_hal_adc.o
 .text.LL_ADC_IsInternalRegulatorEnabled
                0x08001968       0x28 ./Drivers/STM32H7xx_HAL_Driver/Src/stm32h7xx_hal_adc.o
 .text.LL_ADC_Enable
                0x08001990       0x28 ./Drivers/STM32H7xx_HAL_Driver/Src/stm32h7xx_hal_adc.o
 .text.LL_ADC_Disable
                0x080019b8       0x28 ./Drivers/STM32H7xx_HAL_Driver/Src/stm32h7xx_hal_adc.o
 .text.LL_ADC_IsEnabled
                0x080019e0       0x26 ./Drivers/STM32H7xx_HAL_Driver/Src/stm32h7xx_hal_adc.o
 .text.LL_ADC_IsDisableOngoing
                0x08001a06       0x26 ./Drivers/STM32H7xx_HAL_Driver/Src/stm32h7xx_hal_adc.o
 .text.LL_ADC_REG_StartConversion
                0x08001a2c       0x28 ./Drivers/STM32H7xx_HAL_Driver/Src/stm32h7xx_hal_adc.o
 .text.LL_ADC_REG_IsConversionOngoing
                0x08001a54       0x26 ./Drivers/STM32H7xx_HAL_Driver/Src/stm32h7xx_hal_adc.o
 .text.LL_ADC_INJ_IsConversionOngoing
                0x08001a7a       0x26 ./Drivers/STM32H7xx_HAL_Driver/Src/stm32h7xx_hal_adc.o
 .text.HAL_ADC_Init
                0x08001aa0      0x344 ./Drivers/STM32H7xx_HAL_Driver/Src/stm32h7xx_hal_adc.o
                0x08001aa0                HAL_ADC_Init
 .text.HAL_ADC_Start_DMA
                0x08001de4      0x188 ./Drivers/STM32H7xx_HAL_Driver/Src/stm32h7xx_hal_adc.o
                0x08001de4                HAL_ADC_Start_DMA
 .text.HAL_ADC_IRQHandler
                0x08001f6c      0x474 ./Drivers/STM32H7xx_HAL_Driver/Src/stm32h7xx_hal_adc.o
                0x08001f6c                HAL_ADC_IRQHandler
 .text.HAL_ADC_LevelOutOfWindowCallback
                0x080023e0       0x14 ./Drivers/STM32H7xx_HAL_Driver/Src/stm32h7xx_hal_adc.o
                0x080023e0                HAL_ADC_LevelOutOfWindowCallback
 .text.HAL_ADC_ErrorCallback
                0x080023f4       0x14 ./Drivers/STM32H7xx_HAL_Driver/Src/stm32h7xx_hal_adc.o
                0x080023f4                HAL_ADC_ErrorCallback
 .text.HAL_ADC_ConfigChannel
                0x08002408      0x5e0 ./Drivers/STM32H7xx_HAL_Driver/Src/stm32h7xx_hal_adc.o
                0x08002408                HAL_ADC_ConfigChannel
 .text.ADC_Enable
                0x080029e8      0x114 ./Drivers/STM32H7xx_HAL_Driver/Src/stm32h7xx_hal_adc.o
                0x080029e8                ADC_Enable
 .text.ADC_Disable
                0x08002afc       0xbe ./Drivers/STM32H7xx_HAL_Driver/Src/stm32h7xx_hal_adc.o
                0x08002afc                ADC_Disable
 .text.ADC_DMAConvCplt
                0x08002bba       0xd8 ./Drivers/STM32H7xx_HAL_Driver/Src/stm32h7xx_hal_adc.o
                0x08002bba                ADC_DMAConvCplt
 .text.ADC_DMAHalfConvCplt
                0x08002c92       0x1c ./Drivers/STM32H7xx_HAL_Driver/Src/stm32h7xx_hal_adc.o
                0x08002c92                ADC_DMAHalfConvCplt
 .text.ADC_DMAError
                0x08002cae       0x34 ./Drivers/STM32H7xx_HAL_Driver/Src/stm32h7xx_hal_adc.o
                0x08002cae                ADC_DMAError
 *fill*         0x08002ce2        0x2 
 .text.ADC_ConfigureBoostMode
                0x08002ce4      0x218 ./Drivers/STM32H7xx_HAL_Driver/Src/stm32h7xx_hal_adc.o
                0x08002ce4                ADC_ConfigureBoostMode
 .text.LL_ADC_IsEnabled
                0x08002efc       0x26 ./Drivers/STM32H7xx_HAL_Driver/Src/stm32h7xx_hal_adc_ex.o
 *fill*         0x08002f22        0x2 
 .text.LL_ADC_StartCalibration
                0x08002f24       0x3c ./Drivers/STM32H7xx_HAL_Driver/Src/stm32h7xx_hal_adc_ex.o
 .text.LL_ADC_IsCalibrationOnGoing
                0x08002f60       0x28 ./Drivers/STM32H7xx_HAL_Driver/Src/stm32h7xx_hal_adc_ex.o
 .text.LL_ADC_REG_IsConversionOngoing
                0x08002f88       0x26 ./Drivers/STM32H7xx_HAL_Driver/Src/stm32h7xx_hal_adc_ex.o
 *fill*         0x08002fae        0x2 
 .text.HAL_ADCEx_Calibration_Start
                0x08002fb0       0xc8 ./Drivers/STM32H7xx_HAL_Driver/Src/stm32h7xx_hal_adc_ex.o
                0x08002fb0                HAL_ADCEx_Calibration_Start
 .text.HAL_ADCEx_InjectedConvCpltCallback
                0x08003078       0x14 ./Drivers/STM32H7xx_HAL_Driver/Src/stm32h7xx_hal_adc_ex.o
                0x08003078                HAL_ADCEx_InjectedConvCpltCallback
 .text.HAL_ADCEx_InjectedQueueOverflowCallback
                0x0800308c       0x14 ./Drivers/STM32H7xx_HAL_Driver/Src/stm32h7xx_hal_adc_ex.o
                0x0800308c                HAL_ADCEx_InjectedQueueOverflowCallback
 .text.HAL_ADCEx_LevelOutOfWindow2Callback
                0x080030a0       0x14 ./Drivers/STM32H7xx_HAL_Driver/Src/stm32h7xx_hal_adc_ex.o
                0x080030a0                HAL_ADCEx_LevelOutOfWindow2Callback
 .text.HAL_ADCEx_LevelOutOfWindow3Callback
                0x080030b4       0x14 ./Drivers/STM32H7xx_HAL_Driver/Src/stm32h7xx_hal_adc_ex.o
                0x080030b4                HAL_ADCEx_LevelOutOfWindow3Callback
 .text.HAL_ADCEx_EndOfSamplingCallback
                0x080030c8       0x14 ./Drivers/STM32H7xx_HAL_Driver/Src/stm32h7xx_hal_adc_ex.o
                0x080030c8                HAL_ADCEx_EndOfSamplingCallback
 .text.HAL_ADCEx_MultiModeConfigChannel
                0x080030dc      0x1bc ./Drivers/STM32H7xx_HAL_Driver/Src/stm32h7xx_hal_adc_ex.o
                0x080030dc                HAL_ADCEx_MultiModeConfigChannel
 .text.__NVIC_SetPriorityGrouping
                0x08003298       0x48 ./Drivers/STM32H7xx_HAL_Driver/Src/stm32h7xx_hal_cortex.o
 .text.__NVIC_GetPriorityGrouping
                0x080032e0       0x1c ./Drivers/STM32H7xx_HAL_Driver/Src/stm32h7xx_hal_cortex.o
 .text.__NVIC_EnableIRQ
                0x080032fc       0x3c ./Drivers/STM32H7xx_HAL_Driver/Src/stm32h7xx_hal_cortex.o
 .text.__NVIC_SetPriority
                0x08003338       0x54 ./Drivers/STM32H7xx_HAL_Driver/Src/stm32h7xx_hal_cortex.o
 .text.NVIC_EncodePriority
                0x0800338c       0x66 ./Drivers/STM32H7xx_HAL_Driver/Src/stm32h7xx_hal_cortex.o
 *fill*         0x080033f2        0x2 
 .text.SysTick_Config
                0x080033f4       0x44 ./Drivers/STM32H7xx_HAL_Driver/Src/stm32h7xx_hal_cortex.o
 .text.HAL_NVIC_SetPriorityGrouping
                0x08003438       0x16 ./Drivers/STM32H7xx_HAL_Driver/Src/stm32h7xx_hal_cortex.o
                0x08003438                HAL_NVIC_SetPriorityGrouping
 .text.HAL_NVIC_SetPriority
                0x0800344e       0x34 ./Drivers/STM32H7xx_HAL_Driver/Src/stm32h7xx_hal_cortex.o
                0x0800344e                HAL_NVIC_SetPriority
 .text.HAL_NVIC_EnableIRQ
                0x08003482       0x1c ./Drivers/STM32H7xx_HAL_Driver/Src/stm32h7xx_hal_cortex.o
                0x08003482                HAL_NVIC_EnableIRQ
 .text.HAL_SYSTICK_Config
                0x0800349e       0x18 ./Drivers/STM32H7xx_HAL_Driver/Src/stm32h7xx_hal_cortex.o
                0x0800349e                HAL_SYSTICK_Config
 *fill*         0x080034b6        0x2 
 .text.HAL_MPU_Disable
                0x080034b8       0x30 ./Drivers/STM32H7xx_HAL_Driver/Src/stm32h7xx_hal_cortex.o
                0x080034b8                HAL_MPU_Disable
 .text.HAL_MPU_Enable
                0x080034e8       0x40 ./Drivers/STM32H7xx_HAL_Driver/Src/stm32h7xx_hal_cortex.o
                0x080034e8                HAL_MPU_Enable
 .text.HAL_MPU_ConfigRegion
                0x08003528       0x80 ./Drivers/STM32H7xx_HAL_Driver/Src/stm32h7xx_hal_cortex.o
                0x08003528                HAL_MPU_ConfigRegion
 .text.HAL_DAC_Init
                0x080035a8       0x44 ./Drivers/STM32H7xx_HAL_Driver/Src/stm32h7xx_hal_dac.o
                0x080035a8                HAL_DAC_Init
 .text.HAL_DAC_Start_DMA
                0x080035ec      0x180 ./Drivers/STM32H7xx_HAL_Driver/Src/stm32h7xx_hal_dac.o
                0x080035ec                HAL_DAC_Start_DMA
 .text.HAL_DAC_ConvCpltCallbackCh1
                0x0800376c       0x14 ./Drivers/STM32H7xx_HAL_Driver/Src/stm32h7xx_hal_dac.o
                0x0800376c                HAL_DAC_ConvCpltCallbackCh1
 .text.HAL_DAC_ConvHalfCpltCallbackCh1
                0x08003780       0x14 ./Drivers/STM32H7xx_HAL_Driver/Src/stm32h7xx_hal_dac.o
                0x08003780                HAL_DAC_ConvHalfCpltCallbackCh1
 .text.HAL_DAC_ErrorCallbackCh1
                0x08003794       0x14 ./Drivers/STM32H7xx_HAL_Driver/Src/stm32h7xx_hal_dac.o
                0x08003794                HAL_DAC_ErrorCallbackCh1
 .text.HAL_DAC_ConfigChannel
                0x080037a8      0x28c ./Drivers/STM32H7xx_HAL_Driver/Src/stm32h7xx_hal_dac.o
                0x080037a8                HAL_DAC_ConfigChannel
 .text.DAC_DMAConvCpltCh1
                0x08003a34       0x22 ./Drivers/STM32H7xx_HAL_Driver/Src/stm32h7xx_hal_dac.o
                0x08003a34                DAC_DMAConvCpltCh1
 .text.DAC_DMAHalfConvCpltCh1
                0x08003a56       0x1c ./Drivers/STM32H7xx_HAL_Driver/Src/stm32h7xx_hal_dac.o
                0x08003a56                DAC_DMAHalfConvCpltCh1
 .text.DAC_DMAErrorCh1
                0x08003a72       0x2e ./Drivers/STM32H7xx_HAL_Driver/Src/stm32h7xx_hal_dac.o
                0x08003a72                DAC_DMAErrorCh1
 .text.HAL_DACEx_ConvCpltCallbackCh2
                0x08003aa0       0x14 ./Drivers/STM32H7xx_HAL_Driver/Src/stm32h7xx_hal_dac_ex.o
                0x08003aa0                HAL_DACEx_ConvCpltCallbackCh2
 .text.HAL_DACEx_ConvHalfCpltCallbackCh2
                0x08003ab4       0x14 ./Drivers/STM32H7xx_HAL_Driver/Src/stm32h7xx_hal_dac_ex.o
                0x08003ab4                HAL_DACEx_ConvHalfCpltCallbackCh2
 .text.HAL_DACEx_ErrorCallbackCh2
                0x08003ac8       0x14 ./Drivers/STM32H7xx_HAL_Driver/Src/stm32h7xx_hal_dac_ex.o
                0x08003ac8                HAL_DACEx_ErrorCallbackCh2
 .text.DAC_DMAConvCpltCh2
                0x08003adc       0x22 ./Drivers/STM32H7xx_HAL_Driver/Src/stm32h7xx_hal_dac_ex.o
                0x08003adc                DAC_DMAConvCpltCh2
 .text.DAC_DMAHalfConvCpltCh2
                0x08003afe       0x1c ./Drivers/STM32H7xx_HAL_Driver/Src/stm32h7xx_hal_dac_ex.o
                0x08003afe                DAC_DMAHalfConvCpltCh2
 .text.DAC_DMAErrorCh2
                0x08003b1a       0x2e ./Drivers/STM32H7xx_HAL_Driver/Src/stm32h7xx_hal_dac_ex.o
                0x08003b1a                DAC_DMAErrorCh2
 .text.HAL_DMA_Init
                0x08003b48      0x6b8 ./Drivers/STM32H7xx_HAL_Driver/Src/stm32h7xx_hal_dma.o
                0x08003b48                HAL_DMA_Init
 .text.HAL_DMA_Start_IT
                0x08004200      0x4d4 ./Drivers/STM32H7xx_HAL_Driver/Src/stm32h7xx_hal_dma.o
                0x08004200                HAL_DMA_Start_IT
 .text.HAL_DMA_IRQHandler
                0x080046d4      0xe54 ./Drivers/STM32H7xx_HAL_Driver/Src/stm32h7xx_hal_dma.o
                0x080046d4                HAL_DMA_IRQHandler
 .text.HAL_DMA_GetError
                0x08005528       0x18 ./Drivers/STM32H7xx_HAL_Driver/Src/stm32h7xx_hal_dma.o
                0x08005528                HAL_DMA_GetError
 .text.DMA_SetConfig
                0x08005540      0x358 ./Drivers/STM32H7xx_HAL_Driver/Src/stm32h7xx_hal_dma.o
 .text.DMA_CalcBaseAndBitshift
                0x08005898      0x164 ./Drivers/STM32H7xx_HAL_Driver/Src/stm32h7xx_hal_dma.o
 .text.DMA_CheckFifoParam
                0x080059fc       0xf8 ./Drivers/STM32H7xx_HAL_Driver/Src/stm32h7xx_hal_dma.o
 .text.DMA_CalcDMAMUXChannelBaseAndMask
                0x08005af4      0x134 ./Drivers/STM32H7xx_HAL_Driver/Src/stm32h7xx_hal_dma.o
 .text.DMA_CalcDMAMUXRequestGenBaseAndMask
                0x08005c28       0xe8 ./Drivers/STM32H7xx_HAL_Driver/Src/stm32h7xx_hal_dma.o
 .text.HAL_GPIO_Init
                0x08005d10      0x360 ./Drivers/STM32H7xx_HAL_Driver/Src/stm32h7xx_hal_gpio.o
                0x08005d10                HAL_GPIO_Init
 .text.HAL_PWREx_ConfigSupply
                0x08006070       0x74 ./Drivers/STM32H7xx_HAL_Driver/Src/stm32h7xx_hal_pwr_ex.o
                0x08006070                HAL_PWREx_ConfigSupply
 .text.HAL_RCC_OscConfig
                0x080060e4      0x8b4 ./Drivers/STM32H7xx_HAL_Driver/Src/stm32h7xx_hal_rcc.o
                0x080060e4                HAL_RCC_OscConfig
 .text.HAL_RCC_ClockConfig
                0x08006998      0x36c ./Drivers/STM32H7xx_HAL_Driver/Src/stm32h7xx_hal_rcc.o
                0x08006998                HAL_RCC_ClockConfig
 .text.HAL_RCC_GetSysClockFreq
                0x08006d04      0x2f4 ./Drivers/STM32H7xx_HAL_Driver/Src/stm32h7xx_hal_rcc.o
                0x08006d04                HAL_RCC_GetSysClockFreq
 .text.HAL_RCC_GetHCLKFreq
                0x08006ff8       0x60 ./Drivers/STM32H7xx_HAL_Driver/Src/stm32h7xx_hal_rcc.o
                0x08006ff8                HAL_RCC_GetHCLKFreq
 .text.HAL_RCC_GetPCLK1Freq
                0x08007058       0x2c ./Drivers/STM32H7xx_HAL_Driver/Src/stm32h7xx_hal_rcc.o
                0x08007058                HAL_RCC_GetPCLK1Freq
 .text.HAL_RCCEx_PeriphCLKConfig
                0x08007084     0x1414 ./Drivers/STM32H7xx_HAL_Driver/Src/stm32h7xx_hal_rcc_ex.o
                0x08007084                HAL_RCCEx_PeriphCLKConfig
 .text.HAL_RCCEx_GetPeriphCLKFreq
                0x08008498      0xb00 ./Drivers/STM32H7xx_HAL_Driver/Src/stm32h7xx_hal_rcc_ex.o
                0x08008498                HAL_RCCEx_GetPeriphCLKFreq
 .text.HAL_RCCEx_GetD3PCLK1Freq
                0x08008f98       0x2c ./Drivers/STM32H7xx_HAL_Driver/Src/stm32h7xx_hal_rcc_ex.o
                0x08008f98                HAL_RCCEx_GetD3PCLK1Freq
 .text.HAL_RCCEx_GetPLL2ClockFreq
                0x08008fc4      0x2a8 ./Drivers/STM32H7xx_HAL_Driver/Src/stm32h7xx_hal_rcc_ex.o
                0x08008fc4                HAL_RCCEx_GetPLL2ClockFreq
 .text.HAL_RCCEx_GetPLL3ClockFreq
                0x0800926c      0x2a8 ./Drivers/STM32H7xx_HAL_Driver/Src/stm32h7xx_hal_rcc_ex.o
                0x0800926c                HAL_RCCEx_GetPLL3ClockFreq
 .text.HAL_RCCEx_GetPLL1ClockFreq
                0x08009514      0x2a4 ./Drivers/STM32H7xx_HAL_Driver/Src/stm32h7xx_hal_rcc_ex.o
                0x08009514                HAL_RCCEx_GetPLL1ClockFreq
 .text.RCCEx_PLL2_Config
                0x080097b8      0x164 ./Drivers/STM32H7xx_HAL_Driver/Src/stm32h7xx_hal_rcc_ex.o
 .text.RCCEx_PLL3_Config
                0x0800991c      0x164 ./Drivers/STM32H7xx_HAL_Driver/Src/stm32h7xx_hal_rcc_ex.o
 .text.HAL_SAI_InitProtocol
                0x08009a80       0x62 ./Drivers/STM32H7xx_HAL_Driver/Src/stm32h7xx_hal_sai.o
                0x08009a80                HAL_SAI_InitProtocol
 *fill*         0x08009ae2        0x2 
 .text.HAL_SAI_Init
                0x08009ae4      0x554 ./Drivers/STM32H7xx_HAL_Driver/Src/stm32h7xx_hal_sai.o
                0x08009ae4                HAL_SAI_Init
 .text.HAL_SAI_Transmit_DMA
                0x0800a038      0x16c ./Drivers/STM32H7xx_HAL_Driver/Src/stm32h7xx_hal_sai.o
                0x0800a038                HAL_SAI_Transmit_DMA
 .text.HAL_SAI_Receive_DMA
                0x0800a1a4      0x128 ./Drivers/STM32H7xx_HAL_Driver/Src/stm32h7xx_hal_sai.o
                0x0800a1a4                HAL_SAI_Receive_DMA
 .text.HAL_SAI_ErrorCallback
                0x0800a2cc       0x14 ./Drivers/STM32H7xx_HAL_Driver/Src/stm32h7xx_hal_sai.o
                0x0800a2cc                HAL_SAI_ErrorCallback
 .text.SAI_InitI2S
                0x0800a2e0      0x164 ./Drivers/STM32H7xx_HAL_Driver/Src/stm32h7xx_hal_sai.o
 .text.SAI_InitPCM
                0x0800a444      0x104 ./Drivers/STM32H7xx_HAL_Driver/Src/stm32h7xx_hal_sai.o
 .text.SAI_InterruptFlag
                0x0800a548       0x6e ./Drivers/STM32H7xx_HAL_Driver/Src/stm32h7xx_hal_sai.o
 *fill*         0x0800a5b6        0x2 
 .text.SAI_Disable
                0x0800a5b8       0x74 ./Drivers/STM32H7xx_HAL_Driver/Src/stm32h7xx_hal_sai.o
 .text.SAI_DMATxCplt
                0x0800a62c       0x60 ./Drivers/STM32H7xx_HAL_Driver/Src/stm32h7xx_hal_sai.o
 .text.SAI_DMATxHalfCplt
                0x0800a68c       0x1c ./Drivers/STM32H7xx_HAL_Driver/Src/stm32h7xx_hal_sai.o
 .text.SAI_DMARxCplt
                0x0800a6a8       0x60 ./Drivers/STM32H7xx_HAL_Driver/Src/stm32h7xx_hal_sai.o
 .text.SAI_DMARxHalfCplt
                0x0800a708       0x1c ./Drivers/STM32H7xx_HAL_Driver/Src/stm32h7xx_hal_sai.o
 .text.SAI_DMAError
                0x0800a724       0x5e ./Drivers/STM32H7xx_HAL_Driver/Src/stm32h7xx_hal_sai.o
 .text.HAL_TIM_Base_Init
                0x0800a782       0xae ./Drivers/STM32H7xx_HAL_Driver/Src/stm32h7xx_hal_tim.o
                0x0800a782                HAL_TIM_Base_Init
 .text.HAL_TIM_Base_Start
                0x0800a830       0xe0 ./Drivers/STM32H7xx_HAL_Driver/Src/stm32h7xx_hal_tim.o
                0x0800a830                HAL_TIM_Base_Start
 .text.HAL_TIM_ConfigClockSource
                0x0800a910      0x1f0 ./Drivers/STM32H7xx_HAL_Driver/Src/stm32h7xx_hal_tim.o
                0x0800a910                HAL_TIM_ConfigClockSource
 .text.HAL_TIM_SlaveConfigSynchro
                0x0800ab00       0x84 ./Drivers/STM32H7xx_HAL_Driver/Src/stm32h7xx_hal_tim.o
                0x0800ab00                HAL_TIM_SlaveConfigSynchro
 .text.TIM_Base_SetConfig
                0x0800ab84      0x140 ./Drivers/STM32H7xx_HAL_Driver/Src/stm32h7xx_hal_tim.o
                0x0800ab84                TIM_Base_SetConfig
 .text.TIM_SlaveTimer_SetConfig
                0x0800acc4      0x1d4 ./Drivers/STM32H7xx_HAL_Driver/Src/stm32h7xx_hal_tim.o
 .text.TIM_TI1_ConfigInputStage
                0x0800ae98       0x5e ./Drivers/STM32H7xx_HAL_Driver/Src/stm32h7xx_hal_tim.o
 .text.TIM_TI2_ConfigInputStage
                0x0800aef6       0x60 ./Drivers/STM32H7xx_HAL_Driver/Src/stm32h7xx_hal_tim.o
 *fill*         0x0800af56        0x2 
 .text.TIM_ITRx_SetConfig
                0x0800af58       0x3c ./Drivers/STM32H7xx_HAL_Driver/Src/stm32h7xx_hal_tim.o
 .text.TIM_ETR_SetConfig
                0x0800af94       0x40 ./Drivers/STM32H7xx_HAL_Driver/Src/stm32h7xx_hal_tim.o
                0x0800af94                TIM_ETR_SetConfig
 .text.HAL_TIMEx_MasterConfigSynchronization
                0x0800afd4      0x11c ./Drivers/STM32H7xx_HAL_Driver/Src/stm32h7xx_hal_tim_ex.o
                0x0800afd4                HAL_TIMEx_MasterConfigSynchronization
 .text.arm_scale_f32
                0x0800b0f0       0x6c /Users/spencer/Library/CloudStorage/OneDrive-BCIT/capstone/github/BEngCapstone/Untitled/yellowBoard-DSP/Lib/libarm_cortexM7lfsp_math.a(arm_scale_f32.o)
                0x0800b0f0                arm_scale_f32
 .text.memset   0x0800b15c       0x10 /Applications/STM32CubeIDE.app/Contents/Eclipse/plugins/com.st.stm32cube.ide.mcu.externaltools.gnu-tools-for-stm32.13.3.rel1.macos64_1.0.0.202411102158/tools/bin/../lib/gcc/arm-none-eabi/13.3.1/../../../../arm-none-eabi/lib/thumb/v7e-m+dp/hard/libc_nano.a(libc_a-memset.o)
                0x0800b15c                memset
 .text.__libc_init_array
                0x0800b16c       0x48 /Applications/STM32CubeIDE.app/Contents/Eclipse/plugins/com.st.stm32cube.ide.mcu.externaltools.gnu-tools-for-stm32.13.3.rel1.macos64_1.0.0.202411102158/tools/bin/../lib/gcc/arm-none-eabi/13.3.1/../../../../arm-none-eabi/lib/thumb/v7e-m+dp/hard/libc_nano.a(libc_a-init.o)
                0x0800b16c                __libc_init_array
 *(.glue_7)
 .glue_7        0x0800b1b4        0x0 linker stubs
 *(.glue_7t)
 .glue_7t       0x0800b1b4        0x0 linker stubs
 *(.eh_frame)
 .eh_frame      0x0800b1b4        0x0 /Applications/STM32CubeIDE.app/Contents/Eclipse/plugins/com.st.stm32cube.ide.mcu.externaltools.gnu-tools-for-stm32.13.3.rel1.macos64_1.0.0.202411102158/tools/bin/../lib/gcc/arm-none-eabi/13.3.1/thumb/v7e-m+dp/hard/crtbegin.o
 *(.init)
 .init          0x0800b1b4        0x4 /Applications/STM32CubeIDE.app/Contents/Eclipse/plugins/com.st.stm32cube.ide.mcu.externaltools.gnu-tools-for-stm32.13.3.rel1.macos64_1.0.0.202411102158/tools/bin/../lib/gcc/arm-none-eabi/13.3.1/thumb/v7e-m+dp/hard/crti.o
                0x0800b1b4                _init
 .init          0x0800b1b8        0x8 /Applications/STM32CubeIDE.app/Contents/Eclipse/plugins/com.st.stm32cube.ide.mcu.externaltools.gnu-tools-for-stm32.13.3.rel1.macos64_1.0.0.202411102158/tools/bin/../lib/gcc/arm-none-eabi/13.3.1/thumb/v7e-m+dp/hard/crtn.o
 *(.fini)
 .fini          0x0800b1c0        0x4 /Applications/STM32CubeIDE.app/Contents/Eclipse/plugins/com.st.stm32cube.ide.mcu.externaltools.gnu-tools-for-stm32.13.3.rel1.macos64_1.0.0.202411102158/tools/bin/../lib/gcc/arm-none-eabi/13.3.1/thumb/v7e-m+dp/hard/crti.o
                0x0800b1c0                _fini
 .fini          0x0800b1c4        0x8 /Applications/STM32CubeIDE.app/Contents/Eclipse/plugins/com.st.stm32cube.ide.mcu.externaltools.gnu-tools-for-stm32.13.3.rel1.macos64_1.0.0.202411102158/tools/bin/../lib/gcc/arm-none-eabi/13.3.1/thumb/v7e-m+dp/hard/crtn.o
                0x0800b1cc                        . = ALIGN (0x4)
                0x0800b1cc                        _etext = .

.vfp11_veneer   0x0800b1cc        0x0
 .vfp11_veneer  0x0800b1cc        0x0 linker stubs

.v4_bx          0x0800b1cc        0x0
 .v4_bx         0x0800b1cc        0x0 linker stubs

.iplt           0x0800b1cc        0x0
 .iplt          0x0800b1cc        0x0 /Applications/STM32CubeIDE.app/Contents/Eclipse/plugins/com.st.stm32cube.ide.mcu.externaltools.gnu-tools-for-stm32.13.3.rel1.macos64_1.0.0.202411102158/tools/bin/../lib/gcc/arm-none-eabi/13.3.1/thumb/v7e-m+dp/hard/crtbegin.o

.rodata         0x0800b1cc       0x18
                0x0800b1cc                        . = ALIGN (0x4)
 *(.rodata)
 *(.rodata*)
 .rodata.D1CorePrescTable
                0x0800b1cc       0x10 ./Core/Src/system_stm32h7xx.o
                0x0800b1cc                D1CorePrescTable
 .rodata.flagBitshiftOffset.0
                0x0800b1dc        0x8 ./Drivers/STM32H7xx_HAL_Driver/Src/stm32h7xx_hal_dma.o
                0x0800b1e4                        . = ALIGN (0x4)

.ARM.extab
 *(.ARM.extab* .gnu.linkonce.armextab.*)

.ARM            0x0800b1e4        0x0
                0x0800b1e4                        __exidx_start = .
 *(.ARM.exidx*)
                0x0800b1e4                        __exidx_end = .

.preinit_array  0x0800b1e4        0x0
                0x0800b1e4                        PROVIDE (__preinit_array_start = .)
 *(.preinit_array*)
                0x0800b1e4                        PROVIDE (__preinit_array_end = .)

.init_array     0x0800b1e4        0x4
                0x0800b1e4                        PROVIDE (__init_array_start = .)
 *(SORT_BY_NAME(.init_array.*))
 *(.init_array*)
 .init_array    0x0800b1e4        0x4 /Applications/STM32CubeIDE.app/Contents/Eclipse/plugins/com.st.stm32cube.ide.mcu.externaltools.gnu-tools-for-stm32.13.3.rel1.macos64_1.0.0.202411102158/tools/bin/../lib/gcc/arm-none-eabi/13.3.1/thumb/v7e-m+dp/hard/crtbegin.o
                0x0800b1e8                        PROVIDE (__init_array_end = .)

.fini_array     0x0800b1e8        0x4
                [!provide]                        PROVIDE (__fini_array_start = .)
 *(SORT_BY_NAME(.fini_array.*))
 *(.fini_array*)
 .fini_array    0x0800b1e8        0x4 /Applications/STM32CubeIDE.app/Contents/Eclipse/plugins/com.st.stm32cube.ide.mcu.externaltools.gnu-tools-for-stm32.13.3.rel1.macos64_1.0.0.202411102158/tools/bin/../lib/gcc/arm-none-eabi/13.3.1/thumb/v7e-m+dp/hard/crtbegin.o
                [!provide]                        PROVIDE (__fini_array_end = .)
                0x0800b1ec                        _sidata = LOADADDR (.data)

.rel.dyn        0x0800b1ec        0x0
 .rel.iplt      0x0800b1ec        0x0 /Applications/STM32CubeIDE.app/Contents/Eclipse/plugins/com.st.stm32cube.ide.mcu.externaltools.gnu-tools-for-stm32.13.3.rel1.macos64_1.0.0.202411102158/tools/bin/../lib/gcc/arm-none-eabi/13.3.1/thumb/v7e-m+dp/hard/crtbegin.o

.data           0x24000000       0x10 load address 0x0800b1ec
                0x24000000                        . = ALIGN (0x4)
                0x24000000                        _sdata = .
 *(.data)
 *(.data*)
 .data.SystemCoreClock
                0x24000000        0x4 ./Core/Src/system_stm32h7xx.o
                0x24000000                SystemCoreClock
 .data.SystemD2Clock
                0x24000004        0x4 ./Core/Src/system_stm32h7xx.o
                0x24000004                SystemD2Clock
 .data.uwTickPrio
                0x24000008        0x4 ./Drivers/STM32H7xx_HAL_Driver/Src/stm32h7xx_hal.o
                0x24000008                uwTickPrio
 .data.uwTickFreq
                0x2400000c        0x1 ./Drivers/STM32H7xx_HAL_Driver/Src/stm32h7xx_hal.o
                0x2400000c                uwTickFreq
 *(.RamFunc)
 *(.RamFunc*)
                0x24000010                        . = ALIGN (0x4)
 *fill*         0x2400000d        0x3 
                0x24000010                        _edata = .

.igot.plt       0x24000010        0x0 load address 0x0800b1fc
 .igot.plt      0x24000010        0x0 /Applications/STM32CubeIDE.app/Contents/Eclipse/plugins/com.st.stm32cube.ide.mcu.externaltools.gnu-tools-for-stm32.13.3.rel1.macos64_1.0.0.202411102158/tools/bin/../lib/gcc/arm-none-eabi/13.3.1/thumb/v7e-m+dp/hard/crtbegin.o
                0x24000010                        . = ALIGN (0x4)

.bss            0x24000010     0x8404 load address 0x0800b1fc
                0x24000010                        _sbss = .
                0x24000010                        __bss_start__ = _sbss
 *(.bss)
 .bss           0x24000010       0x1c /Applications/STM32CubeIDE.app/Contents/Eclipse/plugins/com.st.stm32cube.ide.mcu.externaltools.gnu-tools-for-stm32.13.3.rel1.macos64_1.0.0.202411102158/tools/bin/../lib/gcc/arm-none-eabi/13.3.1/thumb/v7e-m+dp/hard/crtbegin.o
 *(.bss*)
 .bss.hadc1     0x2400002c       0x64 ./Core/Src/main.o
                0x2400002c                hadc1
 .bss.hdma_adc1
                0x24000090       0x78 ./Core/Src/main.o
                0x24000090                hdma_adc1
 .bss.hdac1     0x24000108       0x14 ./Core/Src/main.o
                0x24000108                hdac1
 .bss.hdma_dac1_ch1
                0x2400011c       0x78 ./Core/Src/main.o
                0x2400011c                hdma_dac1_ch1
 .bss.hsai_BlockA1
                0x24000194       0x98 ./Core/Src/main.o
                0x24000194                hsai_BlockA1
 .bss.hsai_BlockB1
                0x2400022c       0x98 ./Core/Src/main.o
                0x2400022c                hsai_BlockB1
 .bss.hdma_sai1_a
                0x240002c4       0x78 ./Core/Src/main.o
                0x240002c4                hdma_sai1_a
 .bss.hdma_sai1_b
                0x2400033c       0x78 ./Core/Src/main.o
                0x2400033c                hdma_sai1_b
 .bss.htim8     0x240003b4       0x4c ./Core/Src/main.o
                0x240003b4                htim8
 .bss.test      0x24000400        0x2 ./Core/Src/main.o
                0x24000400                test
 *fill*         0x24000402        0x2 
 .bss.adcInput  0x24000404      0x800 ./Core/Src/main.o
 .bss.dacOutput
                0x24000c04      0x800 ./Core/Src/main.o
 .bss.saiInput  0x24001404     0x2000 ./Core/Src/main.o
 .bss.saiOutput
                0x24003404     0x2000 ./Core/Src/main.o
 .bss.inR       0x24005404      0x800 ./Core/Src/main.o
                0x24005404                inR
 .bss.inL       0x24005c04      0x800 ./Core/Src/main.o
                0x24005c04                inL
 .bss.outR      0x24006404        0x4 ./Core/Src/main.o
                0x24006404                outR
 .bss.outL      0x24006408        0x4 ./Core/Src/main.o
                0x24006408                outL
 .bss.outR1     0x2400640c      0x800 ./Core/Src/main.o
                0x2400640c                outR1
 .bss.outL1     0x24006c0c      0x800 ./Core/Src/main.o
                0x24006c0c                outL1
 .bss.outR2     0x2400740c      0x800 ./Core/Src/main.o
                0x2400740c                outR2
 .bss.outL2     0x24007c0c      0x800 ./Core/Src/main.o
                0x24007c0c                outL2
 .bss.SAI1_client
                0x2400840c        0x4 ./Core/Src/stm32h7xx_hal_msp.o
 .bss.uwTick    0x24008410        0x4 ./Drivers/STM32H7xx_HAL_Driver/Src/stm32h7xx_hal.o
                0x24008410                uwTick
 *(COMMON)
                0x24008414                        . = ALIGN (0x4)
                0x24008414                        _ebss = .
                0x24008414                        __bss_end__ = _ebss

._user_heap_stack
                0x24008414      0x604 load address 0x0800b1fc
                0x24008418                        . = ALIGN (0x8)
 *fill*         0x24008414        0x4 
                [!provide]                        PROVIDE (end = .)
                0x24008418                        PROVIDE (_end = .)
                0x24008618                        . = (. + _Min_Heap_Size)
 *fill*         0x24008418      0x200 
                0x24008a18                        . = (. + _Min_Stack_Size)
 *fill*         0x24008618      0x400 
                0x24008a18                        . = ALIGN (0x8)

/DISCARD/
 libc.a(*)
 libm.a(*)
 libgcc.a(*)

.ARM.attributes
                0x00000000       0x2e
 *(.ARM.attributes)
 .ARM.attributes
                0x00000000       0x20 /Applications/STM32CubeIDE.app/Contents/Eclipse/plugins/com.st.stm32cube.ide.mcu.externaltools.gnu-tools-for-stm32.13.3.rel1.macos64_1.0.0.202411102158/tools/bin/../lib/gcc/arm-none-eabi/13.3.1/thumb/v7e-m+dp/hard/crti.o
 .ARM.attributes
                0x00000020       0x32 /Applications/STM32CubeIDE.app/Contents/Eclipse/plugins/com.st.stm32cube.ide.mcu.externaltools.gnu-tools-for-stm32.13.3.rel1.macos64_1.0.0.202411102158/tools/bin/../lib/gcc/arm-none-eabi/13.3.1/thumb/v7e-m+dp/hard/crtbegin.o
 .ARM.attributes
                0x00000052       0x32 ./Core/Src/main.o
 .ARM.attributes
                0x00000084       0x32 ./Core/Src/stm32h7xx_hal_msp.o
 .ARM.attributes
                0x000000b6       0x32 ./Core/Src/stm32h7xx_it.o
 .ARM.attributes
                0x000000e8       0x32 ./Core/Src/system_stm32h7xx.o
 .ARM.attributes
                0x0000011a       0x21 ./Core/Startup/startup_stm32h750ibkx.o
 .ARM.attributes
                0x0000013b       0x32 ./Drivers/STM32H7xx_HAL_Driver/Src/stm32h7xx_hal.o
 .ARM.attributes
                0x0000016d       0x32 ./Drivers/STM32H7xx_HAL_Driver/Src/stm32h7xx_hal_adc.o
 .ARM.attributes
                0x0000019f       0x32 ./Drivers/STM32H7xx_HAL_Driver/Src/stm32h7xx_hal_adc_ex.o
 .ARM.attributes
                0x000001d1       0x32 ./Drivers/STM32H7xx_HAL_Driver/Src/stm32h7xx_hal_cortex.o
 .ARM.attributes
                0x00000203       0x32 ./Drivers/STM32H7xx_HAL_Driver/Src/stm32h7xx_hal_dac.o
 .ARM.attributes
                0x00000235       0x32 ./Drivers/STM32H7xx_HAL_Driver/Src/stm32h7xx_hal_dac_ex.o
 .ARM.attributes
                0x00000267       0x32 ./Drivers/STM32H7xx_HAL_Driver/Src/stm32h7xx_hal_dma.o
 .ARM.attributes
                0x00000299       0x32 ./Drivers/STM32H7xx_HAL_Driver/Src/stm32h7xx_hal_gpio.o
 .ARM.attributes
                0x000002cb       0x32 ./Drivers/STM32H7xx_HAL_Driver/Src/stm32h7xx_hal_pwr_ex.o
 .ARM.attributes
                0x000002fd       0x32 ./Drivers/STM32H7xx_HAL_Driver/Src/stm32h7xx_hal_rcc.o
 .ARM.attributes
                0x0000032f       0x32 ./Drivers/STM32H7xx_HAL_Driver/Src/stm32h7xx_hal_rcc_ex.o
 .ARM.attributes
                0x00000361       0x32 ./Drivers/STM32H7xx_HAL_Driver/Src/stm32h7xx_hal_sai.o
 .ARM.attributes
                0x00000393       0x32 ./Drivers/STM32H7xx_HAL_Driver/Src/stm32h7xx_hal_tim.o
 .ARM.attributes
                0x000003c5       0x32 ./Drivers/STM32H7xx_HAL_Driver/Src/stm32h7xx_hal_tim_ex.o
 .ARM.attributes
                0x000003f7       0x39 /Users/spencer/Library/CloudStorage/OneDrive-BCIT/capstone/github/BEngCapstone/Untitled/yellowBoard-DSP/Lib/libarm_cortexM7lfsp_math.a(arm_scale_f32.o)
 .ARM.attributes
                0x00000430       0x32 /Applications/STM32CubeIDE.app/Contents/Eclipse/plugins/com.st.stm32cube.ide.mcu.externaltools.gnu-tools-for-stm32.13.3.rel1.macos64_1.0.0.202411102158/tools/bin/../lib/gcc/arm-none-eabi/13.3.1/../../../../arm-none-eabi/lib/thumb/v7e-m+dp/hard/libc_nano.a(libc_a-memset.o)
 .ARM.attributes
                0x00000462       0x32 /Applications/STM32CubeIDE.app/Contents/Eclipse/plugins/com.st.stm32cube.ide.mcu.externaltools.gnu-tools-for-stm32.13.3.rel1.macos64_1.0.0.202411102158/tools/bin/../lib/gcc/arm-none-eabi/13.3.1/../../../../arm-none-eabi/lib/thumb/v7e-m+dp/hard/libc_nano.a(libc_a-init.o)
 .ARM.attributes
                0x00000494       0x20 /Applications/STM32CubeIDE.app/Contents/Eclipse/plugins/com.st.stm32cube.ide.mcu.externaltools.gnu-tools-for-stm32.13.3.rel1.macos64_1.0.0.202411102158/tools/bin/../lib/gcc/arm-none-eabi/13.3.1/thumb/v7e-m+dp/hard/crtn.o
OUTPUT(yellowBoard-DSP.elf elf32-littlearm)
LOAD linker stubs
LOAD /Applications/STM32CubeIDE.app/Contents/Eclipse/plugins/com.st.stm32cube.ide.mcu.externaltools.gnu-tools-for-stm32.13.3.rel1.macos64_1.0.0.202411102158/tools/bin/../lib/gcc/arm-none-eabi/13.3.1/../../../../arm-none-eabi/lib/thumb/v7e-m+dp/hard/libc.a
LOAD /Applications/STM32CubeIDE.app/Contents/Eclipse/plugins/com.st.stm32cube.ide.mcu.externaltools.gnu-tools-for-stm32.13.3.rel1.macos64_1.0.0.202411102158/tools/bin/../lib/gcc/arm-none-eabi/13.3.1/../../../../arm-none-eabi/lib/thumb/v7e-m+dp/hard/libm.a
LOAD /Applications/STM32CubeIDE.app/Contents/Eclipse/plugins/com.st.stm32cube.ide.mcu.externaltools.gnu-tools-for-stm32.13.3.rel1.macos64_1.0.0.202411102158/tools/bin/../lib/gcc/arm-none-eabi/13.3.1/thumb/v7e-m+dp/hard/libgcc.a

.debug_info     0x00000000    0x17c68
 .debug_info    0x00000000     0x2c61 ./Core/Src/main.o
 .debug_info    0x00002c61     0x1d61 ./Core/Src/stm32h7xx_hal_msp.o
 .debug_info    0x000049c2      0x95f ./Core/Src/stm32h7xx_it.o
 .debug_info    0x00005321      0xdb2 ./Core/Src/system_stm32h7xx.o
 .debug_info    0x000060d3       0x30 ./Core/Startup/startup_stm32h750ibkx.o
 .debug_info    0x00006103     0x1541 ./Drivers/STM32H7xx_HAL_Driver/Src/stm32h7xx_hal.o
 .debug_info    0x00007644     0x1d85 ./Drivers/STM32H7xx_HAL_Driver/Src/stm32h7xx_hal_adc.o
 .debug_info    0x000093c9     0x1ea6 ./Drivers/STM32H7xx_HAL_Driver/Src/stm32h7xx_hal_adc_ex.o
 .debug_info    0x0000b26f     0x10b7 ./Drivers/STM32H7xx_HAL_Driver/Src/stm32h7xx_hal_cortex.o
 .debug_info    0x0000c326      0xbb8 ./Drivers/STM32H7xx_HAL_Driver/Src/stm32h7xx_hal_dac.o
 .debug_info    0x0000cede      0xb96 ./Drivers/STM32H7xx_HAL_Driver/Src/stm32h7xx_hal_dac_ex.o
 .debug_info    0x0000da74      0xc31 ./Drivers/STM32H7xx_HAL_Driver/Src/stm32h7xx_hal_dma.o
 .debug_info    0x0000e6a5      0xc5a ./Drivers/STM32H7xx_HAL_Driver/Src/stm32h7xx_hal_gpio.o
 .debug_info    0x0000f2ff     0x1012 ./Drivers/STM32H7xx_HAL_Driver/Src/stm32h7xx_hal_pwr_ex.o
 .debug_info    0x00010311      0xe6a ./Drivers/STM32H7xx_HAL_Driver/Src/stm32h7xx_hal_rcc.o
 .debug_info    0x0001117b     0x1225 ./Drivers/STM32H7xx_HAL_Driver/Src/stm32h7xx_hal_rcc_ex.o
 .debug_info    0x000123a0     0x13d7 ./Drivers/STM32H7xx_HAL_Driver/Src/stm32h7xx_hal_sai.o
 .debug_info    0x00013777     0x2bae ./Drivers/STM32H7xx_HAL_Driver/Src/stm32h7xx_hal_tim.o
 .debug_info    0x00016325     0x17eb ./Drivers/STM32H7xx_HAL_Driver/Src/stm32h7xx_hal_tim_ex.o
 .debug_info    0x00017b10      0x158 /Users/spencer/Library/CloudStorage/OneDrive-BCIT/capstone/github/BEngCapstone/Untitled/yellowBoard-DSP/Lib/libarm_cortexM7lfsp_math.a(arm_scale_f32.o)

.debug_abbrev   0x00000000     0x2ddc
 .debug_abbrev  0x00000000      0x382 ./Core/Src/main.o
 .debug_abbrev  0x00000382      0x2b3 ./Core/Src/stm32h7xx_hal_msp.o
 .debug_abbrev  0x00000635      0x1a7 ./Core/Src/stm32h7xx_it.o
 .debug_abbrev  0x000007dc      0x165 ./Core/Src/system_stm32h7xx.o
 .debug_abbrev  0x00000941       0x24 ./Core/Startup/startup_stm32h750ibkx.o
 .debug_abbrev  0x00000965      0x295 ./Drivers/STM32H7xx_HAL_Driver/Src/stm32h7xx_hal.o
 .debug_abbrev  0x00000bfa      0x2d1 ./Drivers/STM32H7xx_HAL_Driver/Src/stm32h7xx_hal_adc.o
 .debug_abbrev  0x00000ecb      0x31a ./Drivers/STM32H7xx_HAL_Driver/Src/stm32h7xx_hal_adc_ex.o
 .debug_abbrev  0x000011e5      0x339 ./Drivers/STM32H7xx_HAL_Driver/Src/stm32h7xx_hal_cortex.o
 .debug_abbrev  0x0000151e      0x20c ./Drivers/STM32H7xx_HAL_Driver/Src/stm32h7xx_hal_dac.o
 .debug_abbrev  0x0000172a      0x268 ./Drivers/STM32H7xx_HAL_Driver/Src/stm32h7xx_hal_dac_ex.o
 .debug_abbrev  0x00001992      0x248 ./Drivers/STM32H7xx_HAL_Driver/Src/stm32h7xx_hal_dma.o
 .debug_abbrev  0x00001bda      0x205 ./Drivers/STM32H7xx_HAL_Driver/Src/stm32h7xx_hal_gpio.o
 .debug_abbrev  0x00001ddf      0x2a7 ./Drivers/STM32H7xx_HAL_Driver/Src/stm32h7xx_hal_pwr_ex.o
 .debug_abbrev  0x00002086      0x2c8 ./Drivers/STM32H7xx_HAL_Driver/Src/stm32h7xx_hal_rcc.o
 .debug_abbrev  0x0000234e      0x269 ./Drivers/STM32H7xx_HAL_Driver/Src/stm32h7xx_hal_rcc_ex.o
 .debug_abbrev  0x000025b7      0x28b ./Drivers/STM32H7xx_HAL_Driver/Src/stm32h7xx_hal_sai.o
 .debug_abbrev  0x00002842      0x276 ./Drivers/STM32H7xx_HAL_Driver/Src/stm32h7xx_hal_tim.o
 .debug_abbrev  0x00002ab8      0x281 ./Drivers/STM32H7xx_HAL_Driver/Src/stm32h7xx_hal_tim_ex.o
 .debug_abbrev  0x00002d39       0xa3 /Users/spencer/Library/CloudStorage/OneDrive-BCIT/capstone/github/BEngCapstone/Untitled/yellowBoard-DSP/Lib/libarm_cortexM7lfsp_math.a(arm_scale_f32.o)

.debug_aranges  0x00000000     0x1508
 .debug_aranges
                0x00000000       0xb8 ./Core/Src/main.o
 .debug_aranges
                0x000000b8       0x60 ./Core/Src/stm32h7xx_hal_msp.o
 .debug_aranges
                0x00000118       0x88 ./Core/Src/stm32h7xx_it.o
 .debug_aranges
                0x000001a0       0x30 ./Core/Src/system_stm32h7xx.o
 .debug_aranges
                0x000001d0       0x28 ./Core/Startup/startup_stm32h750ibkx.o
 .debug_aranges
                0x000001f8      0x198 ./Drivers/STM32H7xx_HAL_Driver/Src/stm32h7xx_hal.o
 .debug_aranges
                0x00000390      0x230 ./Drivers/STM32H7xx_HAL_Driver/Src/stm32h7xx_hal_adc.o
 .debug_aranges
                0x000005c0      0x1e0 ./Drivers/STM32H7xx_HAL_Driver/Src/stm32h7xx_hal_adc_ex.o
 .debug_aranges
                0x000007a0      0x130 ./Drivers/STM32H7xx_HAL_Driver/Src/stm32h7xx_hal_cortex.o
 .debug_aranges
                0x000008d0       0xc0 ./Drivers/STM32H7xx_HAL_Driver/Src/stm32h7xx_hal_dac.o
 .debug_aranges
                0x00000990       0xa8 ./Drivers/STM32H7xx_HAL_Driver/Src/stm32h7xx_hal_dac_ex.o
 .debug_aranges
                0x00000a38       0xa0 ./Drivers/STM32H7xx_HAL_Driver/Src/stm32h7xx_hal_dma.o
 .debug_aranges
                0x00000ad8       0x58 ./Drivers/STM32H7xx_HAL_Driver/Src/stm32h7xx_hal_gpio.o
 .debug_aranges
                0x00000b30      0x158 ./Drivers/STM32H7xx_HAL_Driver/Src/stm32h7xx_hal_pwr_ex.o
 .debug_aranges
                0x00000c88       0x88 ./Drivers/STM32H7xx_HAL_Driver/Src/stm32h7xx_hal_rcc.o
 .debug_aranges
                0x00000d10       0xf8 ./Drivers/STM32H7xx_HAL_Driver/Src/stm32h7xx_hal_rcc_ex.o
 .debug_aranges
                0x00000e08      0x178 ./Drivers/STM32H7xx_HAL_Driver/Src/stm32h7xx_hal_sai.o
 .debug_aranges
                0x00000f80      0x3e0 ./Drivers/STM32H7xx_HAL_Driver/Src/stm32h7xx_hal_tim.o
 .debug_aranges
                0x00001360      0x188 ./Drivers/STM32H7xx_HAL_Driver/Src/stm32h7xx_hal_tim_ex.o
 .debug_aranges
                0x000014e8       0x20 /Users/spencer/Library/CloudStorage/OneDrive-BCIT/capstone/github/BEngCapstone/Untitled/yellowBoard-DSP/Lib/libarm_cortexM7lfsp_math.a(arm_scale_f32.o)

.debug_rnglists
                0x00000000     0x103b
 .debug_rnglists
                0x00000000       0x8d ./Core/Src/main.o
 .debug_rnglists
                0x0000008d       0x47 ./Core/Src/stm32h7xx_hal_msp.o
 .debug_rnglists
                0x000000d4       0x61 ./Core/Src/stm32h7xx_it.o
 .debug_rnglists
                0x00000135       0x21 ./Core/Src/system_stm32h7xx.o
 .debug_rnglists
                0x00000156       0x19 ./Core/Startup/startup_stm32h750ibkx.o
 .debug_rnglists
                0x0000016f      0x131 ./Drivers/STM32H7xx_HAL_Driver/Src/stm32h7xx_hal.o
 .debug_rnglists
                0x000002a0      0x1af ./Drivers/STM32H7xx_HAL_Driver/Src/stm32h7xx_hal_adc.o
 .debug_rnglists
                0x0000044f      0x175 ./Drivers/STM32H7xx_HAL_Driver/Src/stm32h7xx_hal_adc_ex.o
 .debug_rnglists
                0x000005c4       0xe0 ./Drivers/STM32H7xx_HAL_Driver/Src/stm32h7xx_hal_cortex.o
 .debug_rnglists
                0x000006a4       0x90 ./Drivers/STM32H7xx_HAL_Driver/Src/stm32h7xx_hal_dac.o
 .debug_rnglists
                0x00000734       0x7e ./Drivers/STM32H7xx_HAL_Driver/Src/stm32h7xx_hal_dac_ex.o
 .debug_rnglists
                0x000007b2       0x82 ./Drivers/STM32H7xx_HAL_Driver/Src/stm32h7xx_hal_dma.o
 .debug_rnglists
                0x00000834       0x3f ./Drivers/STM32H7xx_HAL_Driver/Src/stm32h7xx_hal_gpio.o
 .debug_rnglists
                0x00000873      0x103 ./Drivers/STM32H7xx_HAL_Driver/Src/stm32h7xx_hal_pwr_ex.o
 .debug_rnglists
                0x00000976       0x68 ./Drivers/STM32H7xx_HAL_Driver/Src/stm32h7xx_hal_rcc.o
 .debug_rnglists
                0x000009de       0xc0 ./Drivers/STM32H7xx_HAL_Driver/Src/stm32h7xx_hal_rcc_ex.o
 .debug_rnglists
                0x00000a9e      0x136 ./Drivers/STM32H7xx_HAL_Driver/Src/stm32h7xx_hal_sai.o
 .debug_rnglists
                0x00000bd4      0x328 ./Drivers/STM32H7xx_HAL_Driver/Src/stm32h7xx_hal_tim.o
 .debug_rnglists
                0x00000efc      0x13f ./Drivers/STM32H7xx_HAL_Driver/Src/stm32h7xx_hal_tim_ex.o

.debug_macro    0x00000000     0x36c7
 .debug_macro   0x00000000      0x36b ./Core/Src/main.o
 .debug_macro   0x0000036b      0x34d ./Core/Src/stm32h7xx_hal_msp.o
 .debug_macro   0x000006b8      0x357 ./Core/Src/stm32h7xx_it.o
 .debug_macro   0x00000a0f      0x2e4 ./Core/Src/system_stm32h7xx.o
 .debug_macro   0x00000cf3      0x30e ./Drivers/STM32H7xx_HAL_Driver/Src/stm32h7xx_hal.o
 .debug_macro   0x00001001      0x308 ./Drivers/STM32H7xx_HAL_Driver/Src/stm32h7xx_hal_adc.o
 .debug_macro   0x00001309      0x2f0 ./Drivers/STM32H7xx_HAL_Driver/Src/stm32h7xx_hal_adc_ex.o
 .debug_macro   0x000015f9      0x2e4 ./Drivers/STM32H7xx_HAL_Driver/Src/stm32h7xx_hal_cortex.o
 .debug_macro   0x000018dd      0x2ec ./Drivers/STM32H7xx_HAL_Driver/Src/stm32h7xx_hal_dac.o
 .debug_macro   0x00001bc9      0x2ea ./Drivers/STM32H7xx_HAL_Driver/Src/stm32h7xx_hal_dac_ex.o
 .debug_macro   0x00001eb3      0x338 ./Drivers/STM32H7xx_HAL_Driver/Src/stm32h7xx_hal_dma.o
 .debug_macro   0x000021eb      0x2eb ./Drivers/STM32H7xx_HAL_Driver/Src/stm32h7xx_hal_gpio.o
 .debug_macro   0x000024d6      0x31d ./Drivers/STM32H7xx_HAL_Driver/Src/stm32h7xx_hal_pwr_ex.o
 .debug_macro   0x000027f3      0x308 ./Drivers/STM32H7xx_HAL_Driver/Src/stm32h7xx_hal_rcc.o
 .debug_macro   0x00002afb      0x302 ./Drivers/STM32H7xx_HAL_Driver/Src/stm32h7xx_hal_rcc_ex.o
 .debug_macro   0x00002dfd      0x301 ./Drivers/STM32H7xx_HAL_Driver/Src/stm32h7xx_hal_sai.o
 .debug_macro   0x000030fe      0x2e5 ./Drivers/STM32H7xx_HAL_Driver/Src/stm32h7xx_hal_tim.o
 .debug_macro   0x000033e3      0x2e4 ./Drivers/STM32H7xx_HAL_Driver/Src/stm32h7xx_hal_tim_ex.o

.debug_line     0x00000000    0x1a20f
 .debug_line    0x00000000      0xe8e ./Core/Src/main.o
 .debug_line    0x00000e8e      0xb45 ./Core/Src/stm32h7xx_hal_msp.o
 .debug_line    0x000019d3      0xa5d ./Core/Src/stm32h7xx_it.o
 .debug_line    0x00002430      0xae8 ./Core/Src/system_stm32h7xx.o
 .debug_line    0x00002f18       0x7b ./Core/Startup/startup_stm32h750ibkx.o
 .debug_line    0x00002f93      0xec1 ./Drivers/STM32H7xx_HAL_Driver/Src/stm32h7xx_hal.o
 .debug_line    0x00003e54     0x238f ./Drivers/STM32H7xx_HAL_Driver/Src/stm32h7xx_hal_adc.o
 .debug_line    0x000061e3     0x1f5b ./Drivers/STM32H7xx_HAL_Driver/Src/stm32h7xx_hal_adc_ex.o
 .debug_line    0x0000813e      0xeab ./Drivers/STM32H7xx_HAL_Driver/Src/stm32h7xx_hal_cortex.o
 .debug_line    0x00008fe9      0xde5 ./Drivers/STM32H7xx_HAL_Driver/Src/stm32h7xx_hal_dac.o
 .debug_line    0x00009dce      0xd1f ./Drivers/STM32H7xx_HAL_Driver/Src/stm32h7xx_hal_dac_ex.o
 .debug_line    0x0000aaed     0x2842 ./Drivers/STM32H7xx_HAL_Driver/Src/stm32h7xx_hal_dma.o
 .debug_line    0x0000d32f      0xd4a ./Drivers/STM32H7xx_HAL_Driver/Src/stm32h7xx_hal_gpio.o
 .debug_line    0x0000e079     0x1045 ./Drivers/STM32H7xx_HAL_Driver/Src/stm32h7xx_hal_pwr_ex.o
 .debug_line    0x0000f0be     0x1568 ./Drivers/STM32H7xx_HAL_Driver/Src/stm32h7xx_hal_rcc.o
 .debug_line    0x00010626     0x1e74 ./Drivers/STM32H7xx_HAL_Driver/Src/stm32h7xx_hal_rcc_ex.o
 .debug_line    0x0001249a     0x1e7a ./Drivers/STM32H7xx_HAL_Driver/Src/stm32h7xx_hal_sai.o
 .debug_line    0x00014314     0x4015 ./Drivers/STM32H7xx_HAL_Driver/Src/stm32h7xx_hal_tim.o
 .debug_line    0x00018329     0x1d87 ./Drivers/STM32H7xx_HAL_Driver/Src/stm32h7xx_hal_tim_ex.o
 .debug_line    0x0001a0b0      0x15f /Users/spencer/Library/CloudStorage/OneDrive-BCIT/capstone/github/BEngCapstone/Untitled/yellowBoard-DSP/Lib/libarm_cortexM7lfsp_math.a(arm_scale_f32.o)

.debug_str      0x00000000   0x1784ae
 .debug_str     0x00000000   0x1784ae ./Core/Src/main.o
                             0x1735ec (size before relaxing)
 .debug_str     0x001784ae   0x172a14 ./Core/Src/stm32h7xx_hal_msp.o
 .debug_str     0x001784ae   0x171808 ./Core/Src/stm32h7xx_it.o
 .debug_str     0x001784ae   0x170fd0 ./Core/Src/system_stm32h7xx.o
 .debug_str     0x001784ae       0x9d ./Core/Startup/startup_stm32h750ibkx.o
 .debug_str     0x001784ae   0x171eb6 ./Drivers/STM32H7xx_HAL_Driver/Src/stm32h7xx_hal.o
 .debug_str     0x001784ae   0x171d4e ./Drivers/STM32H7xx_HAL_Driver/Src/stm32h7xx_hal_adc.o
 .debug_str     0x001784ae   0x171d8d ./Drivers/STM32H7xx_HAL_Driver/Src/stm32h7xx_hal_adc_ex.o
 .debug_str     0x001784ae   0x1718f1 ./Drivers/STM32H7xx_HAL_Driver/Src/stm32h7xx_hal_cortex.o
 .debug_str     0x001784ae   0x17123b ./Drivers/STM32H7xx_HAL_Driver/Src/stm32h7xx_hal_dac.o
 .debug_str     0x001784ae   0x171273 ./Drivers/STM32H7xx_HAL_Driver/Src/stm32h7xx_hal_dac_ex.o
 .debug_str     0x001784ae   0x1716cb ./Drivers/STM32H7xx_HAL_Driver/Src/stm32h7xx_hal_dma.o
 .debug_str     0x001784ae   0x170f48 ./Drivers/STM32H7xx_HAL_Driver/Src/stm32h7xx_hal_gpio.o
 .debug_str     0x001784ae   0x171409 ./Drivers/STM32H7xx_HAL_Driver/Src/stm32h7xx_hal_pwr_ex.o
 .debug_str     0x001784ae   0x17132c ./Drivers/STM32H7xx_HAL_Driver/Src/stm32h7xx_hal_rcc.o
 .debug_str     0x001784ae   0x17180d ./Drivers/STM32H7xx_HAL_Driver/Src/stm32h7xx_hal_rcc_ex.o
 .debug_str     0x001784ae   0x1715ef ./Drivers/STM32H7xx_HAL_Driver/Src/stm32h7xx_hal_sai.o
 .debug_str     0x001784ae   0x1720cb ./Drivers/STM32H7xx_HAL_Driver/Src/stm32h7xx_hal_tim.o
 .debug_str     0x001784ae   0x1719f3 ./Drivers/STM32H7xx_HAL_Driver/Src/stm32h7xx_hal_tim_ex.o
 .debug_str     0x001784ae      0x22f /Users/spencer/Library/CloudStorage/OneDrive-BCIT/capstone/github/BEngCapstone/Untitled/yellowBoard-DSP/Lib/libarm_cortexM7lfsp_math.a(arm_scale_f32.o)

.comment        0x00000000       0xb3
 .comment       0x00000000       0xb3 ./Core/Src/main.o
                                 0x44 (size before relaxing)
 .comment       0x000000b3       0x44 ./Core/Src/stm32h7xx_hal_msp.o
 .comment       0x000000b3       0x44 ./Core/Src/stm32h7xx_it.o
 .comment       0x000000b3       0x44 ./Core/Src/system_stm32h7xx.o
 .comment       0x000000b3       0x44 ./Drivers/STM32H7xx_HAL_Driver/Src/stm32h7xx_hal.o
 .comment       0x000000b3       0x44 ./Drivers/STM32H7xx_HAL_Driver/Src/stm32h7xx_hal_adc.o
 .comment       0x000000b3       0x44 ./Drivers/STM32H7xx_HAL_Driver/Src/stm32h7xx_hal_adc_ex.o
 .comment       0x000000b3       0x44 ./Drivers/STM32H7xx_HAL_Driver/Src/stm32h7xx_hal_cortex.o
 .comment       0x000000b3       0x44 ./Drivers/STM32H7xx_HAL_Driver/Src/stm32h7xx_hal_dac.o
 .comment       0x000000b3       0x44 ./Drivers/STM32H7xx_HAL_Driver/Src/stm32h7xx_hal_dac_ex.o
 .comment       0x000000b3       0x44 ./Drivers/STM32H7xx_HAL_Driver/Src/stm32h7xx_hal_dma.o
 .comment       0x000000b3       0x44 ./Drivers/STM32H7xx_HAL_Driver/Src/stm32h7xx_hal_gpio.o
 .comment       0x000000b3       0x44 ./Drivers/STM32H7xx_HAL_Driver/Src/stm32h7xx_hal_pwr_ex.o
 .comment       0x000000b3       0x44 ./Drivers/STM32H7xx_HAL_Driver/Src/stm32h7xx_hal_rcc.o
 .comment       0x000000b3       0x44 ./Drivers/STM32H7xx_HAL_Driver/Src/stm32h7xx_hal_rcc_ex.o
 .comment       0x000000b3       0x44 ./Drivers/STM32H7xx_HAL_Driver/Src/stm32h7xx_hal_sai.o
 .comment       0x000000b3       0x44 ./Drivers/STM32H7xx_HAL_Driver/Src/stm32h7xx_hal_tim.o
 .comment       0x000000b3       0x44 ./Drivers/STM32H7xx_HAL_Driver/Src/stm32h7xx_hal_tim_ex.o
 .comment       0x000000b3       0x71 /Users/spencer/Library/CloudStorage/OneDrive-BCIT/capstone/github/BEngCapstone/Untitled/yellowBoard-DSP/Lib/libarm_cortexM7lfsp_math.a(arm_scale_f32.o)

.debug_frame    0x00000000     0x5a7c
 .debug_frame   0x00000000      0x2dc ./Core/Src/main.o
 .debug_frame   0x000002dc      0x160 ./Core/Src/stm32h7xx_hal_msp.o
 .debug_frame   0x0000043c      0x190 ./Core/Src/stm32h7xx_it.o
 .debug_frame   0x000005cc       0x78 ./Core/Src/system_stm32h7xx.o
 .debug_frame   0x00000644      0x690 ./Drivers/STM32H7xx_HAL_Driver/Src/stm32h7xx_hal.o
 .debug_frame   0x00000cd4      0xa50 ./Drivers/STM32H7xx_HAL_Driver/Src/stm32h7xx_hal_adc.o
 .debug_frame   0x00001724      0x8b4 ./Drivers/STM32H7xx_HAL_Driver/Src/stm32h7xx_hal_adc_ex.o
 .debug_frame   0x00001fd8      0x508 ./Drivers/STM32H7xx_HAL_Driver/Src/stm32h7xx_hal_cortex.o
 .debug_frame   0x000024e0      0x338 ./Drivers/STM32H7xx_HAL_Driver/Src/stm32h7xx_hal_dac.o
 .debug_frame   0x00002818      0x2cc ./Drivers/STM32H7xx_HAL_Driver/Src/stm32h7xx_hal_dac_ex.o
 .debug_frame   0x00002ae4      0x2b4 ./Drivers/STM32H7xx_HAL_Driver/Src/stm32h7xx_hal_dma.o
 .debug_frame   0x00002d98      0x14c ./Drivers/STM32H7xx_HAL_Driver/Src/stm32h7xx_hal_gpio.o
 .debug_frame   0x00002ee4      0x580 ./Drivers/STM32H7xx_HAL_Driver/Src/stm32h7xx_hal_pwr_ex.o
 .debug_frame   0x00003464      0x1f8 ./Drivers/STM32H7xx_HAL_Driver/Src/stm32h7xx_hal_rcc.o
 .debug_frame   0x0000365c      0x414 ./Drivers/STM32H7xx_HAL_Driver/Src/stm32h7xx_hal_rcc_ex.o
 .debug_frame   0x00003a70      0x69c ./Drivers/STM32H7xx_HAL_Driver/Src/stm32h7xx_hal_sai.o
 .debug_frame   0x0000410c     0x121c ./Drivers/STM32H7xx_HAL_Driver/Src/stm32h7xx_hal_tim.o
 .debug_frame   0x00005328      0x6d8 ./Drivers/STM32H7xx_HAL_Driver/Src/stm32h7xx_hal_tim_ex.o
 .debug_frame   0x00005a00       0x30 /Users/spencer/Library/CloudStorage/OneDrive-BCIT/capstone/github/BEngCapstone/Untitled/yellowBoard-DSP/Lib/libarm_cortexM7lfsp_math.a(arm_scale_f32.o)
 .debug_frame   0x00005a30       0x20 /Applications/STM32CubeIDE.app/Contents/Eclipse/plugins/com.st.stm32cube.ide.mcu.externaltools.gnu-tools-for-stm32.13.3.rel1.macos64_1.0.0.202411102158/tools/bin/../lib/gcc/arm-none-eabi/13.3.1/../../../../arm-none-eabi/lib/thumb/v7e-m+dp/hard/libc_nano.a(libc_a-memset.o)
 .debug_frame   0x00005a50       0x2c /Applications/STM32CubeIDE.app/Contents/Eclipse/plugins/com.st.stm32cube.ide.mcu.externaltools.gnu-tools-for-stm32.13.3.rel1.macos64_1.0.0.202411102158/tools/bin/../lib/gcc/arm-none-eabi/13.3.1/../../../../arm-none-eabi/lib/thumb/v7e-m+dp/hard/libc_nano.a(libc_a-init.o)

.debug_line_str
                0x00000000       0x81
 .debug_line_str
                0x00000000       0x81 ./Core/Startup/startup_stm32h750ibkx.o

.debug_loc      0x00000000      0x1cb
 .debug_loc     0x00000000      0x1cb /Users/spencer/Library/CloudStorage/OneDrive-BCIT/capstone/github/BEngCapstone/Untitled/yellowBoard-DSP/Lib/libarm_cortexM7lfsp_math.a(arm_scale_f32.o)

.debug_ranges   0x00000000       0x10
 .debug_ranges  0x00000000       0x10 /Users/spencer/Library/CloudStorage/OneDrive-BCIT/capstone/github/BEngCapstone/Untitled/yellowBoard-DSP/Lib/libarm_cortexM7lfsp_math.a(arm_scale_f32.o)
