Archive member included to satisfy reference by file (symbol)

/Applications/STM32CubeIDE.app/Contents/Eclipse/plugins/com.st.stm32cube.ide.mcu.externaltools.gnu-tools-for-stm32.13.3.rel1.macos64_1.0.0.202411102158/tools/bin/../lib/gcc/arm-none-eabi/13.3.1/../../../../arm-none-eabi/lib/thumb/v7e-m+dp/hard/libc_nano.a(libc_a-atoi.o)
                              ./Core/Src/dataLink.o (atoi)
/Applications/STM32CubeIDE.app/Contents/Eclipse/plugins/com.st.stm32cube.ide.mcu.externaltools.gnu-tools-for-stm32.13.3.rel1.macos64_1.0.0.202411102158/tools/bin/../lib/gcc/arm-none-eabi/13.3.1/../../../../arm-none-eabi/lib/thumb/v7e-m+dp/hard/libc_nano.a(libc_a-exit.o)
                              /Applications/STM32CubeIDE.app/Contents/Eclipse/plugins/com.st.stm32cube.ide.mcu.externaltools.gnu-tools-for-stm32.13.3.rel1.macos64_1.0.0.202411102158/tools/bin/../lib/gcc/arm-none-eabi/13.3.1/../../../../arm-none-eabi/lib/thumb/v7e-m+dp/hard/crt0.o (exit)
/Applications/STM32CubeIDE.app/Contents/Eclipse/plugins/com.st.stm32cube.ide.mcu.externaltools.gnu-tools-for-stm32.13.3.rel1.macos64_1.0.0.202411102158/tools/bin/../lib/gcc/arm-none-eabi/13.3.1/../../../../arm-none-eabi/lib/thumb/v7e-m+dp/hard/libc_nano.a(libc_a-findfp.o)
                              /Applications/STM32CubeIDE.app/Contents/Eclipse/plugins/com.st.stm32cube.ide.mcu.externaltools.gnu-tools-for-stm32.13.3.rel1.macos64_1.0.0.202411102158/tools/bin/../lib/gcc/arm-none-eabi/13.3.1/../../../../arm-none-eabi/lib/thumb/v7e-m+dp/hard/libc_nano.a(libc_a-exit.o) (__stdio_exit_handler)
/Applications/STM32CubeIDE.app/Contents/Eclipse/plugins/com.st.stm32cube.ide.mcu.externaltools.gnu-tools-for-stm32.13.3.rel1.macos64_1.0.0.202411102158/tools/bin/../lib/gcc/arm-none-eabi/13.3.1/../../../../arm-none-eabi/lib/thumb/v7e-m+dp/hard/libc_nano.a(libc_a-strtol.o)
                              /Applications/STM32CubeIDE.app/Contents/Eclipse/plugins/com.st.stm32cube.ide.mcu.externaltools.gnu-tools-for-stm32.13.3.rel1.macos64_1.0.0.202411102158/tools/bin/../lib/gcc/arm-none-eabi/13.3.1/../../../../arm-none-eabi/lib/thumb/v7e-m+dp/hard/libc_nano.a(libc_a-atoi.o) (_strtol_r)
/Applications/STM32CubeIDE.app/Contents/Eclipse/plugins/com.st.stm32cube.ide.mcu.externaltools.gnu-tools-for-stm32.13.3.rel1.macos64_1.0.0.202411102158/tools/bin/../lib/gcc/arm-none-eabi/13.3.1/../../../../arm-none-eabi/lib/thumb/v7e-m+dp/hard/libc_nano.a(libc_a-strtoul.o)
                              ./Core/Src/dataLink.o (strtoul)
/Applications/STM32CubeIDE.app/Contents/Eclipse/plugins/com.st.stm32cube.ide.mcu.externaltools.gnu-tools-for-stm32.13.3.rel1.macos64_1.0.0.202411102158/tools/bin/../lib/gcc/arm-none-eabi/13.3.1/../../../../arm-none-eabi/lib/thumb/v7e-m+dp/hard/libc_nano.a(libc_a-fwalk.o)
                              /Applications/STM32CubeIDE.app/Contents/Eclipse/plugins/com.st.stm32cube.ide.mcu.externaltools.gnu-tools-for-stm32.13.3.rel1.macos64_1.0.0.202411102158/tools/bin/../lib/gcc/arm-none-eabi/13.3.1/../../../../arm-none-eabi/lib/thumb/v7e-m+dp/hard/libc_nano.a(libc_a-findfp.o) (_fwalk_sglue)
/Applications/STM32CubeIDE.app/Contents/Eclipse/plugins/com.st.stm32cube.ide.mcu.externaltools.gnu-tools-for-stm32.13.3.rel1.macos64_1.0.0.202411102158/tools/bin/../lib/gcc/arm-none-eabi/13.3.1/../../../../arm-none-eabi/lib/thumb/v7e-m+dp/hard/libc_nano.a(libc_a-memset.o)
                              /Applications/STM32CubeIDE.app/Contents/Eclipse/plugins/com.st.stm32cube.ide.mcu.externaltools.gnu-tools-for-stm32.13.3.rel1.macos64_1.0.0.202411102158/tools/bin/../lib/gcc/arm-none-eabi/13.3.1/../../../../arm-none-eabi/lib/thumb/v7e-m+dp/hard/crt0.o (memset)
/Applications/STM32CubeIDE.app/Contents/Eclipse/plugins/com.st.stm32cube.ide.mcu.externaltools.gnu-tools-for-stm32.13.3.rel1.macos64_1.0.0.202411102158/tools/bin/../lib/gcc/arm-none-eabi/13.3.1/../../../../arm-none-eabi/lib/thumb/v7e-m+dp/hard/libc_nano.a(libc_a-strtok_r.o)
                              ./Core/Src/dataLink.o (strtok_r)
/Applications/STM32CubeIDE.app/Contents/Eclipse/plugins/com.st.stm32cube.ide.mcu.externaltools.gnu-tools-for-stm32.13.3.rel1.macos64_1.0.0.202411102158/tools/bin/../lib/gcc/arm-none-eabi/13.3.1/../../../../arm-none-eabi/lib/thumb/v7e-m+dp/hard/libc_nano.a(libc_a-errno.o)
                              ./Core/Src/syscalls.o (__errno)
/Applications/STM32CubeIDE.app/Contents/Eclipse/plugins/com.st.stm32cube.ide.mcu.externaltools.gnu-tools-for-stm32.13.3.rel1.macos64_1.0.0.202411102158/tools/bin/../lib/gcc/arm-none-eabi/13.3.1/../../../../arm-none-eabi/lib/thumb/v7e-m+dp/hard/libc_nano.a(libc_a-init.o)
                              /Applications/STM32CubeIDE.app/Contents/Eclipse/plugins/com.st.stm32cube.ide.mcu.externaltools.gnu-tools-for-stm32.13.3.rel1.macos64_1.0.0.202411102158/tools/bin/../lib/gcc/arm-none-eabi/13.3.1/../../../../arm-none-eabi/lib/thumb/v7e-m+dp/hard/crt0.o (__libc_init_array)
[...]
Memory Configuration

Name             Origin             Length             Attributes
FLASH            0x08000000         0x00200000         xr
DTCMRAM          0x20000000         0x00020000         xrw
RAM_D1           0x24000000         0x00080000         xrw
RAM_D2           0x30000000         0x00048000         xrw
RAM_D3           0x38000000         0x00010000         xrw
ITCMRAM          0x00000000         0x00010000         xrw
*default*        0x00000000         0xffffffff

Linker script and memory map

LOAD /Applications/STM32CubeIDE.app/Contents/Eclipse/plugins/com.st.stm32cube.ide.mcu.externaltools.gnu-tools-for-stm32.13.3.rel1.macos64_1.0.0.202411102158/tools/bin/../lib/gcc/arm-none-eabi/13.3.1/thumb/v7e-m+dp/hard/crti.o
LOAD /Applications/STM32CubeIDE.app/Contents/Eclipse/plugins/com.st.stm32cube.ide.mcu.externaltools.gnu-tools-for-stm32.13.3.rel1.macos64_1.0.0.202411102158/tools/bin/../lib/gcc/arm-none-eabi/13.3.1/thumb/v7e-m+dp/hard/crtbegin.o
LOAD /Applications/STM32CubeIDE.app/Contents/Eclipse/plugins/com.st.stm32cube.ide.mcu.externaltools.gnu-tools-for-stm32.13.3.rel1.macos64_1.0.0.202411102158/tools/bin/../lib/gcc/arm-none-eabi/13.3.1/../../../../arm-none-eabi/lib/thumb/v7e-m+dp/hard/crt0.o
LOAD ./Core/Src/dataLink.o
LOAD ./Core/Src/main.o
LOAD ./Core/Src/nodeSort.o
LOAD ./Core/Src/process.o
LOAD ./Core/Src/stm32h7xx_hal_msp.o
LOAD ./Core/Src/stm32h7xx_it.o
LOAD ./Core/Src/syscalls.o
LOAD ./Core/Src/sysmem.o
LOAD ./Core/Src/system_stm32h7xx.o
LOAD ./Core/Startup/startup_stm32h743iitx.o
LOAD ./Drivers/STM32H7xx_HAL_Driver/Src/stm32h7xx_hal.o
LOAD ./Drivers/STM32H7xx_HAL_Driver/Src/stm32h7xx_hal_cortex.o
LOAD ./Drivers/STM32H7xx_HAL_Driver/Src/stm32h7xx_hal_dma.o
LOAD ./Drivers/STM32H7xx_HAL_Driver/Src/stm32h7xx_hal_dma_ex.o
LOAD ./Drivers/STM32H7xx_HAL_Driver/Src/stm32h7xx_hal_exti.o
LOAD ./Drivers/STM32H7xx_HAL_Driver/Src/stm32h7xx_hal_flash.o
LOAD ./Drivers/STM32H7xx_HAL_Driver/Src/stm32h7xx_hal_flash_ex.o
LOAD ./Drivers/STM32H7xx_HAL_Driver/Src/stm32h7xx_hal_gpio.o
LOAD ./Drivers/STM32H7xx_HAL_Driver/Src/stm32h7xx_hal_hsem.o
LOAD ./Drivers/STM32H7xx_HAL_Driver/Src/stm32h7xx_hal_i2c.o
LOAD ./Drivers/STM32H7xx_HAL_Driver/Src/stm32h7xx_hal_i2c_ex.o
LOAD ./Drivers/STM32H7xx_HAL_Driver/Src/stm32h7xx_hal_mdma.o
LOAD ./Drivers/STM32H7xx_HAL_Driver/Src/stm32h7xx_hal_pwr.o
LOAD ./Drivers/STM32H7xx_HAL_Driver/Src/stm32h7xx_hal_pwr_ex.o
LOAD ./Drivers/STM32H7xx_HAL_Driver/Src/stm32h7xx_hal_rcc.o
LOAD ./Drivers/STM32H7xx_HAL_Driver/Src/stm32h7xx_hal_rcc_ex.o
LOAD ./Drivers/STM32H7xx_HAL_Driver/Src/stm32h7xx_hal_uart.o
LOAD ./Drivers/STM32H7xx_HAL_Driver/Src/stm32h7xx_hal_uart_ex.o
START GROUP
LOAD /Applications/STM32CubeIDE.app/Contents/Eclipse/plugins/com.st.stm32cube.ide.mcu.externaltools.gnu-tools-for-stm32.13.3.rel1.macos64_1.0.0.202411102158/tools/bin/../lib/gcc/arm-none-eabi/13.3.1/../../../../arm-none-eabi/lib/thumb/v7e-m+dp/hard/libc_nano.a
LOAD /Applications/STM32CubeIDE.app/Contents/Eclipse/plugins/com.st.stm32cube.ide.mcu.externaltools.gnu-tools-for-stm32.13.3.rel1.macos64_1.0.0.202411102158/tools/bin/../lib/gcc/arm-none-eabi/13.3.1/../../../../arm-none-eabi/lib/thumb/v7e-m+dp/hard/libm.a
END GROUP
START GROUP
LOAD /Applications/STM32CubeIDE.app/Contents/Eclipse/plugins/com.st.stm32cube.ide.mcu.externaltools.gnu-tools-for-stm32.13.3.rel1.macos64_1.0.0.202411102158/tools/bin/../lib/gcc/arm-none-eabi/13.3.1/thumb/v7e-m+dp/hard/libgcc.a
LOAD /Applications/STM32CubeIDE.app/Contents/Eclipse/plugins/com.st.stm32cube.ide.mcu.externaltools.gnu-tools-for-stm32.13.3.rel1.macos64_1.0.0.202411102158/tools/bin/../lib/gcc/arm-none-eabi/13.3.1/../../../../arm-none-eabi/lib/thumb/v7e-m+dp/hard/libc_nano.a
END GROUP
START GROUP
LOAD /Applications/STM32CubeIDE.app/Contents/Eclipse/plugins/com.st.stm32cube.ide.mcu.externaltools.gnu-tools-for-stm32.13.3.rel1.macos64_1.0.0.202411102158/tools/bin/../lib/gcc/arm-none-eabi/13.3.1/thumb/v7e-m+dp/hard/libgcc.a
LOAD /Applications/STM32CubeIDE.app/Contents/Eclipse/plugins/com.st.stm32cube.ide.mcu.externaltools.gnu-tools-for-stm32.13.3.rel1.macos64_1.0.0.202411102158/tools/bin/../lib/gcc/arm-none-eabi/13.3.1/../../../../arm-none-eabi/lib/thumb/v7e-m+dp/hard/libc_nano.a
LOAD /Applications/STM32CubeIDE.app/Contents/Eclipse/plugins/com.st.stm32cube.ide.mcu.externaltools.gnu-tools-for-stm32.13.3.rel1.macos64_1.0.0.202411102158/tools/bin/../lib/gcc/arm-none-eabi/13.3.1/../../../../arm-none-eabi/lib/thumb/v7e-m+dp/hard/libnosys.a
END GROUP
START GROUP
LOAD /Applications/STM32CubeIDE.app/Contents/Eclipse/plugins/com.st.stm32cube.ide.mcu.externaltools.gnu-tools-for-stm32.13.3.rel1.macos64_1.0.0.202411102158/tools/bin/../lib/gcc/arm-none-eabi/13.3.1/thumb/v7e-m+dp/hard/libgcc.a
LOAD /Applications/STM32CubeIDE.app/Contents/Eclipse/plugins/com.st.stm32cube.ide.mcu.externaltools.gnu-tools-for-stm32.13.3.rel1.macos64_1.0.0.202411102158/tools/bin/../lib/gcc/arm-none-eabi/13.3.1/../../../../arm-none-eabi/lib/thumb/v7e-m+dp/hard/libc_nano.a
LOAD /Applications/STM32CubeIDE.app/Contents/Eclipse/plugins/com.st.stm32cube.ide.mcu.externaltools.gnu-tools-for-stm32.13.3.rel1.macos64_1.0.0.202411102158/tools/bin/../lib/gcc/arm-none-eabi/13.3.1/../../../../arm-none-eabi/lib/thumb/v7e-m+dp/hard/libnosys.a
END GROUP
LOAD /Applications/STM32CubeIDE.app/Contents/Eclipse/plugins/com.st.stm32cube.ide.mcu.externaltools.gnu-tools-for-stm32.13.3.rel1.macos64_1.0.0.202411102158/tools/bin/../lib/gcc/arm-none-eabi/13.3.1/thumb/v7e-m+dp/hard/crtend.o
LOAD /Applications/STM32CubeIDE.app/Contents/Eclipse/plugins/com.st.stm32cube.ide.mcu.externaltools.gnu-tools-for-stm32.13.3.rel1.macos64_1.0.0.202411102158/tools/bin/../lib/gcc/arm-none-eabi/13.3.1/thumb/v7e-m+dp/hard/crtn.o
                0x24080000                        _estack = (ORIGIN (RAM_D1) + LENGTH (RAM_D1))
                0x00000200                        _Min_Heap_Size = 0x200
                0x00000400                        _Min_Stack_Size = 0x400

.isr_vector     0x08000000      0x298
                0x08000000                        . = ALIGN (0x4)
 *(.isr_vector)
 .isr_vector    0x08000000      0x298 ./Core/Startup/startup_stm32h743iitx.o
                0x08000000                g_pfnVectors
                0x08000298                        . = ALIGN (0x4)

.text           0x08000298     0x7e50
                0x08000298                        . = ALIGN (0x4)
 *(.text)
 .text          0x08000298       0x40 /Applications/STM32CubeIDE.app/Contents/Eclipse/plugins/com.st.stm32cube.ide.mcu.externaltools.gnu-tools-for-stm32.13.3.rel1.macos64_1.0.0.202411102158/tools/bin/../lib/gcc/arm-none-eabi/13.3.1/thumb/v7e-m+dp/hard/crtbegin.o
 .text          0x080002d8       0x30 /Applications/STM32CubeIDE.app/Contents/Eclipse/plugins/com.st.stm32cube.ide.mcu.externaltools.gnu-tools-for-stm32.13.3.rel1.macos64_1.0.0.202411102158/tools/bin/../lib/gcc/arm-none-eabi/13.3.1/thumb/v7e-m+dp/hard/libgcc.a(_aeabi_uldivmod.o)
                0x080002d8                __aeabi_uldivmod
 .text          0x08000308      0x2f8 /Applications/STM32CubeIDE.app/Contents/Eclipse/plugins/com.st.stm32cube.ide.mcu.externaltools.gnu-tools-for-stm32.13.3.rel1.macos64_1.0.0.202411102158/tools/bin/../lib/gcc/arm-none-eabi/13.3.1/thumb/v7e-m+dp/hard/libgcc.a(_udivmoddi4.o)
                0x08000308                __udivmoddi4
 .text          0x08000600        0x4 /Applications/STM32CubeIDE.app/Contents/Eclipse/plugins/com.st.stm32cube.ide.mcu.externaltools.gnu-tools-for-stm32.13.3.rel1.macos64_1.0.0.202411102158/tools/bin/../lib/gcc/arm-none-eabi/13.3.1/thumb/v7e-m+dp/hard/libgcc.a(_dvmd_tls.o)
                0x08000600                __aeabi_ldiv0
                0x08000600                __aeabi_idiv0
 *(.text*)
 .text.readUART
                0x08000604      0x298 ./Core/Src/dataLink.o
                0x08000604                readUART
 .text.initDataLink
                0x0800089c       0xc8 ./Core/Src/dataLink.o
                0x0800089c                initDataLink
 .text.HAL_UART_RxCpltCallback
                0x08000964       0x70 ./Core/Src/main.o
                0x08000964                HAL_UART_RxCpltCallback
 .text.main     0x080009d4       0x7c ./Core/Src/main.o
                0x080009d4                main
 .text.SystemClock_Config
                0x08000a50       0xf8 ./Core/Src/main.o
                0x08000a50                SystemClock_Config
 .text.MX_USART2_UART_Init
                0x08000b48       0x98 ./Core/Src/main.o
 .text.MX_GPIO_Init
                0x08000be0       0xac ./Core/Src/main.o
 .text.MPU_Config
                0x08000c8c       0x58 ./Core/Src/main.o
 .text.Error_Handler
                0x08000ce4        0xc ./Core/Src/main.o
                0x08000ce4                Error_Handler
 .text.topoSort
                0x08000cf0      0x21e ./Core/Src/nodeSort.o
                0x08000cf0                topoSort
 .text.addEffect
                0x08000f0e       0x52 ./Core/Src/process.o
 .text.subtractEffect
                0x08000f60       0x52 ./Core/Src/process.o
 .text.multiplyEffect
                0x08000fb2       0x52 ./Core/Src/process.o
 .text.divideEffect
                0x08001004       0x74 ./Core/Src/process.o
 .text.mixEffect
                0x08001078       0xc8 ./Core/Src/process.o
 .text.runGraph
                0x08001140      0x1ac ./Core/Src/process.o
 .text.processNetwork
                0x080012ec       0xb6 ./Core/Src/process.o
                0x080012ec                processNetwork
 *fill*         0x080013a2        0x2 
 .text.HAL_MspInit
                0x080013a4       0x34 ./Core/Src/stm32h7xx_hal_msp.o
                0x080013a4                HAL_MspInit
 .text.HAL_UART_MspInit
                0x080013d8      0x12c ./Core/Src/stm32h7xx_hal_msp.o
                0x080013d8                HAL_UART_MspInit
 .text.NMI_Handler
                0x08001504        0x8 ./Core/Src/stm32h7xx_it.o
                0x08001504                NMI_Handler
 .text.HardFault_Handler
                0x0800150c        0x8 ./Core/Src/stm32h7xx_it.o
                0x0800150c                HardFault_Handler
 .text.MemManage_Handler
                0x08001514        0x8 ./Core/Src/stm32h7xx_it.o
                0x08001514                MemManage_Handler
 .text.BusFault_Handler
                0x0800151c        0x8 ./Core/Src/stm32h7xx_it.o
                0x0800151c                BusFault_Handler
 .text.UsageFault_Handler
                0x08001524        0x8 ./Core/Src/stm32h7xx_it.o
                0x08001524                UsageFault_Handler
 .text.SVC_Handler
                0x0800152c        0xe ./Core/Src/stm32h7xx_it.o
                0x0800152c                SVC_Handler
 .text.DebugMon_Handler
                0x0800153a        0xe ./Core/Src/stm32h7xx_it.o
                0x0800153a                DebugMon_Handler
 .text.PendSV_Handler
                0x08001548        0xe ./Core/Src/stm32h7xx_it.o
                0x08001548                PendSV_Handler
 .text.SysTick_Handler
                0x08001556        0xc ./Core/Src/stm32h7xx_it.o
                0x08001556                SysTick_Handler
 *fill*         0x08001562        0x2 
 .text.USART2_IRQHandler
                0x08001564       0x14 ./Core/Src/stm32h7xx_it.o
                0x08001564                USART2_IRQHandler
 .text.SystemInit
                0x08001578      0x140 ./Core/Src/system_stm32h7xx.o
                0x08001578                SystemInit
 .text.ExitRun0Mode
                0x080016b8       0x30 ./Core/Src/system_stm32h7xx.o
                0x080016b8                ExitRun0Mode
 .text.Reset_Handler
                0x080016e8       0x54 ./Core/Startup/startup_stm32h743iitx.o
                0x080016e8                Reset_Handler
 .text.Default_Handler
                0x0800173c        0x2 ./Core/Startup/startup_stm32h743iitx.o
                0x0800173c                DMA1_Stream3_IRQHandler
                0x0800173c                EXTI2_IRQHandler
                0x0800173c                TIM8_CC_IRQHandler
                0x0800173c                HRTIM1_Master_IRQHandler
                0x0800173c                UART8_IRQHandler
                0x0800173c                SPI4_IRQHandler
                0x0800173c                TIM1_CC_IRQHandler
                0x0800173c                BDMA_Channel6_IRQHandler
                0x0800173c                DMA2_Stream5_IRQHandler
                0x0800173c                HRTIM1_FLT_IRQHandler
                0x0800173c                JPEG_IRQHandler
                0x0800173c                DMA1_Stream5_IRQHandler
                0x0800173c                BDMA_Channel1_IRQHandler
                0x0800173c                HRTIM1_TIMD_IRQHandler
                0x0800173c                TAMP_STAMP_IRQHandler
                0x0800173c                EXTI3_IRQHandler
                0x0800173c                LPTIM4_IRQHandler
                0x0800173c                TIM8_TRG_COM_TIM14_IRQHandler
                0x0800173c                LPTIM2_IRQHandler
                0x0800173c                DFSDM1_FLT1_IRQHandler
                0x0800173c                DMAMUX2_OVR_IRQHandler
                0x0800173c                TIM8_UP_TIM13_IRQHandler
                0x0800173c                I2C3_ER_IRQHandler
                0x0800173c                DFSDM1_FLT2_IRQHandler
                0x0800173c                MDMA_IRQHandler
                0x0800173c                LPTIM3_IRQHandler
                0x0800173c                HSEM1_IRQHandler
                0x0800173c                EXTI0_IRQHandler
                0x0800173c                I2C2_EV_IRQHandler
                0x0800173c                DMA1_Stream2_IRQHandler
                0x0800173c                FPU_IRQHandler
                0x0800173c                OTG_HS_WKUP_IRQHandler
                0x0800173c                FDCAN1_IT1_IRQHandler
                0x0800173c                LTDC_ER_IRQHandler
                0x0800173c                DMA2_Stream2_IRQHandler
                0x0800173c                HRTIM1_TIME_IRQHandler
                0x0800173c                SPI1_IRQHandler
                0x0800173c                TIM6_DAC_IRQHandler
                0x0800173c                DCMI_IRQHandler
                0x0800173c                HRTIM1_TIMC_IRQHandler
                0x0800173c                DMA2_Stream3_IRQHandler
                0x0800173c                SAI2_IRQHandler
                0x0800173c                DFSDM1_FLT3_IRQHandler
                0x0800173c                USART6_IRQHandler
                0x0800173c                TIM17_IRQHandler
                0x0800173c                USART3_IRQHandler
                0x0800173c                BDMA_Channel7_IRQHandler
                0x0800173c                LPTIM5_IRQHandler
                0x0800173c                UART5_IRQHandler
                0x0800173c                ADC3_IRQHandler
                0x0800173c                DMA2_Stream0_IRQHandler
                0x0800173c                TIM4_IRQHandler
                0x0800173c                BDMA_Channel2_IRQHandler
                0x0800173c                QUADSPI_IRQHandler
                0x0800173c                I2C1_EV_IRQHandler
                0x0800173c                DMA1_Stream6_IRQHandler
                0x0800173c                DMAMUX1_OVR_IRQHandler
                0x0800173c                DMA1_Stream1_IRQHandler
                0x0800173c                TIM16_IRQHandler
                0x0800173c                UART4_IRQHandler
                0x0800173c                BDMA_Channel5_IRQHandler
                0x0800173c                TIM3_IRQHandler
                0x0800173c                RCC_IRQHandler
                0x0800173c                TIM8_BRK_TIM12_IRQHandler
                0x0800173c                TIM1_TRG_COM_IRQHandler
                0x0800173c                Default_Handler
                0x0800173c                ECC_IRQHandler
                0x0800173c                CEC_IRQHandler
                0x0800173c                EXTI15_10_IRQHandler
                0x0800173c                BDMA_Channel0_IRQHandler
                0x0800173c                ADC_IRQHandler
                0x0800173c                DMA1_Stream7_IRQHandler
                0x0800173c                HRTIM1_TIMA_IRQHandler
                0x0800173c                SPI5_IRQHandler
                0x0800173c                TIM7_IRQHandler
                0x0800173c                SDMMC1_IRQHandler
                0x0800173c                TIM5_IRQHandler
                0x0800173c                DMA2_Stream7_IRQHandler
                0x0800173c                TIM15_IRQHandler
                0x0800173c                PVD_AVD_IRQHandler
                0x0800173c                I2C3_EV_IRQHandler
                0x0800173c                EXTI9_5_IRQHandler
                0x0800173c                RTC_WKUP_IRQHandler
                0x0800173c                LTDC_IRQHandler
                0x0800173c                SAI3_IRQHandler
                0x0800173c                ETH_WKUP_IRQHandler
                0x0800173c                SPDIF_RX_IRQHandler
                0x0800173c                SPI2_IRQHandler
                0x0800173c                OTG_HS_EP1_IN_IRQHandler
                0x0800173c                DMA1_Stream0_IRQHandler
                0x0800173c                CRS_IRQHandler
                0x0800173c                EXTI4_IRQHandler
                0x0800173c                RNG_IRQHandler
                0x0800173c                HRTIM1_TIMB_IRQHandler
                0x0800173c                FDCAN2_IT1_IRQHandler
                0x0800173c                ETH_IRQHandler
                0x0800173c                TIM1_UP_IRQHandler
                0x0800173c                BDMA_Channel4_IRQHandler
                0x0800173c                OTG_HS_EP1_OUT_IRQHandler
                0x0800173c                WWDG_IRQHandler
                0x0800173c                SPI6_IRQHandler
                0x0800173c                MDIOS_IRQHandler
                0x0800173c                I2C4_EV_IRQHandler
                0x0800173c                FDCAN2_IT0_IRQHandler
                0x0800173c                LPUART1_IRQHandler
                0x0800173c                FDCAN1_IT0_IRQHandler
                0x0800173c                TIM2_IRQHandler
                0x0800173c                OTG_FS_WKUP_IRQHandler
                0x0800173c                OTG_HS_IRQHandler
                0x0800173c                DMA2D_IRQHandler
                0x0800173c                TIM1_BRK_IRQHandler
                0x0800173c                EXTI1_IRQHandler
                0x0800173c                SDMMC2_IRQHandler
                0x0800173c                OTG_FS_EP1_OUT_IRQHandler
                0x0800173c                BDMA_Channel3_IRQHandler
                0x0800173c                UART7_IRQHandler
                0x0800173c                MDIOS_WKUP_IRQHandler
                0x0800173c                DFSDM1_FLT0_IRQHandler
                0x0800173c                SAI4_IRQHandler
                0x0800173c                I2C2_ER_IRQHandler
                0x0800173c                DMA2_Stream1_IRQHandler
                0x0800173c                FLASH_IRQHandler
                0x0800173c                DMA2_Stream4_IRQHandler
                0x0800173c                USART1_IRQHandler
                0x0800173c                OTG_FS_IRQHandler
                0x0800173c                SPI3_IRQHandler
                0x0800173c                WAKEUP_PIN_IRQHandler
                0x0800173c                DMA1_Stream4_IRQHandler
                0x0800173c                OTG_FS_EP1_IN_IRQHandler
                0x0800173c                I2C1_ER_IRQHandler
                0x0800173c                FMC_IRQHandler
                0x0800173c                FDCAN_CAL_IRQHandler
                0x0800173c                SWPMI1_IRQHandler
                0x0800173c                COMP1_IRQHandler
                0x0800173c                LPTIM1_IRQHandler
                0x0800173c                I2C4_ER_IRQHandler
                0x0800173c                DMA2_Stream6_IRQHandler
                0x0800173c                SAI1_IRQHandler
                0x0800173c                RTC_Alarm_IRQHandler
 *fill*         0x0800173e        0x2 
 .text.HAL_Init
                0x08001740       0x78 ./Drivers/STM32H7xx_HAL_Driver/Src/stm32h7xx_hal.o
                0x08001740                HAL_Init
 .text.HAL_InitTick
                0x080017b8       0x6c ./Drivers/STM32H7xx_HAL_Driver/Src/stm32h7xx_hal.o
                0x080017b8                HAL_InitTick
 .text.HAL_IncTick
                0x08001824       0x28 ./Drivers/STM32H7xx_HAL_Driver/Src/stm32h7xx_hal.o
                0x08001824                HAL_IncTick
 .text.HAL_GetTick
                0x0800184c       0x18 ./Drivers/STM32H7xx_HAL_Driver/Src/stm32h7xx_hal.o
                0x0800184c                HAL_GetTick
 .text.HAL_GetREVID
                0x08001864       0x18 ./Drivers/STM32H7xx_HAL_Driver/Src/stm32h7xx_hal.o
                0x08001864                HAL_GetREVID
 .text.__NVIC_SetPriorityGrouping
                0x0800187c       0x48 ./Drivers/STM32H7xx_HAL_Driver/Src/stm32h7xx_hal_cortex.o
 .text.__NVIC_GetPriorityGrouping
                0x080018c4       0x1c ./Drivers/STM32H7xx_HAL_Driver/Src/stm32h7xx_hal_cortex.o
 .text.__NVIC_EnableIRQ
                0x080018e0       0x3c ./Drivers/STM32H7xx_HAL_Driver/Src/stm32h7xx_hal_cortex.o
 .text.__NVIC_SetPriority
                0x0800191c       0x54 ./Drivers/STM32H7xx_HAL_Driver/Src/stm32h7xx_hal_cortex.o
 .text.NVIC_EncodePriority
                0x08001970       0x66 ./Drivers/STM32H7xx_HAL_Driver/Src/stm32h7xx_hal_cortex.o
 *fill*         0x080019d6        0x2 
 .text.SysTick_Config
                0x080019d8       0x44 ./Drivers/STM32H7xx_HAL_Driver/Src/stm32h7xx_hal_cortex.o
 .text.HAL_NVIC_SetPriorityGrouping
                0x08001a1c       0x16 ./Drivers/STM32H7xx_HAL_Driver/Src/stm32h7xx_hal_cortex.o
                0x08001a1c                HAL_NVIC_SetPriorityGrouping
 .text.HAL_NVIC_SetPriority
                0x08001a32       0x34 ./Drivers/STM32H7xx_HAL_Driver/Src/stm32h7xx_hal_cortex.o
                0x08001a32                HAL_NVIC_SetPriority
 .text.HAL_NVIC_EnableIRQ
                0x08001a66       0x1c ./Drivers/STM32H7xx_HAL_Driver/Src/stm32h7xx_hal_cortex.o
                0x08001a66                HAL_NVIC_EnableIRQ
 .text.HAL_SYSTICK_Config
                0x08001a82       0x18 ./Drivers/STM32H7xx_HAL_Driver/Src/stm32h7xx_hal_cortex.o
                0x08001a82                HAL_SYSTICK_Config
 *fill*         0x08001a9a        0x2 
 .text.HAL_MPU_Disable
                0x08001a9c       0x30 ./Drivers/STM32H7xx_HAL_Driver/Src/stm32h7xx_hal_cortex.o
                0x08001a9c                HAL_MPU_Disable
 .text.HAL_MPU_Enable
                0x08001acc       0x40 ./Drivers/STM32H7xx_HAL_Driver/Src/stm32h7xx_hal_cortex.o
                0x08001acc                HAL_MPU_Enable
 .text.HAL_MPU_ConfigRegion
                0x08001b0c       0x80 ./Drivers/STM32H7xx_HAL_Driver/Src/stm32h7xx_hal_cortex.o
                0x08001b0c                HAL_MPU_ConfigRegion
 .text.HAL_DMA_Abort
                0x08001b8c      0x63c ./Drivers/STM32H7xx_HAL_Driver/Src/stm32h7xx_hal_dma.o
                0x08001b8c                HAL_DMA_Abort
 .text.HAL_DMA_Abort_IT
                0x080021c8      0x48c ./Drivers/STM32H7xx_HAL_Driver/Src/stm32h7xx_hal_dma.o
                0x080021c8                HAL_DMA_Abort_IT
 .text.HAL_GPIO_Init
                0x08002654      0x360 ./Drivers/STM32H7xx_HAL_Driver/Src/stm32h7xx_hal_gpio.o
                0x08002654                HAL_GPIO_Init
 .text.HAL_GPIO_WritePin
                0x080029b4       0x32 ./Drivers/STM32H7xx_HAL_Driver/Src/stm32h7xx_hal_gpio.o
                0x080029b4                HAL_GPIO_WritePin
 *fill*         0x080029e6        0x2 
 .text.HAL_PWREx_ConfigSupply
                0x080029e8       0x74 ./Drivers/STM32H7xx_HAL_Driver/Src/stm32h7xx_hal_pwr_ex.o
                0x080029e8                HAL_PWREx_ConfigSupply
 .text.HAL_RCC_OscConfig
                0x08002a5c      0x8b4 ./Drivers/STM32H7xx_HAL_Driver/Src/stm32h7xx_hal_rcc.o
                0x08002a5c                HAL_RCC_OscConfig
 .text.HAL_RCC_ClockConfig
                0x08003310      0x36c ./Drivers/STM32H7xx_HAL_Driver/Src/stm32h7xx_hal_rcc.o
                0x08003310                HAL_RCC_ClockConfig
 .text.HAL_RCC_GetSysClockFreq
                0x0800367c      0x2f4 ./Drivers/STM32H7xx_HAL_Driver/Src/stm32h7xx_hal_rcc.o
                0x0800367c                HAL_RCC_GetSysClockFreq
 .text.HAL_RCC_GetHCLKFreq
                0x08003970       0x60 ./Drivers/STM32H7xx_HAL_Driver/Src/stm32h7xx_hal_rcc.o
                0x08003970                HAL_RCC_GetHCLKFreq
 .text.HAL_RCC_GetPCLK1Freq
                0x080039d0       0x2c ./Drivers/STM32H7xx_HAL_Driver/Src/stm32h7xx_hal_rcc.o
                0x080039d0                HAL_RCC_GetPCLK1Freq
 .text.HAL_RCC_GetPCLK2Freq
                0x080039fc       0x2c ./Drivers/STM32H7xx_HAL_Driver/Src/stm32h7xx_hal_rcc.o
                0x080039fc                HAL_RCC_GetPCLK2Freq
 .text.HAL_RCCEx_PeriphCLKConfig
                0x08003a28     0x1414 ./Drivers/STM32H7xx_HAL_Driver/Src/stm32h7xx_hal_rcc_ex.o
                0x08003a28                HAL_RCCEx_PeriphCLKConfig
 .text.HAL_RCCEx_GetD3PCLK1Freq
                0x08004e3c       0x2c ./Drivers/STM32H7xx_HAL_Driver/Src/stm32h7xx_hal_rcc_ex.o
                0x08004e3c                HAL_RCCEx_GetD3PCLK1Freq
 .text.HAL_RCCEx_GetPLL2ClockFreq
                0x08004e68      0x2a8 ./Drivers/STM32H7xx_HAL_Driver/Src/stm32h7xx_hal_rcc_ex.o
                0x08004e68                HAL_RCCEx_GetPLL2ClockFreq
 .text.HAL_RCCEx_GetPLL3ClockFreq
                0x08005110      0x2a8 ./Drivers/STM32H7xx_HAL_Driver/Src/stm32h7xx_hal_rcc_ex.o
                0x08005110                HAL_RCCEx_GetPLL3ClockFreq
 .text.RCCEx_PLL2_Config
                0x080053b8      0x164 ./Drivers/STM32H7xx_HAL_Driver/Src/stm32h7xx_hal_rcc_ex.o
 .text.RCCEx_PLL3_Config
                0x0800551c      0x164 ./Drivers/STM32H7xx_HAL_Driver/Src/stm32h7xx_hal_rcc_ex.o
 .text.HAL_UART_Init
                0x08005680       0xa0 ./Drivers/STM32H7xx_HAL_Driver/Src/stm32h7xx_hal_uart.o
                0x08005680                HAL_UART_Init
 .text.HAL_UART_Receive_IT
                0x08005720       0x98 ./Drivers/STM32H7xx_HAL_Driver/Src/stm32h7xx_hal_uart.o
                0x08005720                HAL_UART_Receive_IT
 .text.HAL_UART_IRQHandler
                0x080057b8      0x7ac ./Drivers/STM32H7xx_HAL_Driver/Src/stm32h7xx_hal_uart.o
                0x080057b8                HAL_UART_IRQHandler
 .text.HAL_UART_TxCpltCallback
                0x08005f64       0x14 ./Drivers/STM32H7xx_HAL_Driver/Src/stm32h7xx_hal_uart.o
                0x08005f64                HAL_UART_TxCpltCallback
 .text.HAL_UART_ErrorCallback
                0x08005f78       0x14 ./Drivers/STM32H7xx_HAL_Driver/Src/stm32h7xx_hal_uart.o
                0x08005f78                HAL_UART_ErrorCallback
 .text.HAL_UARTEx_RxEventCallback
                0x08005f8c       0x18 ./Drivers/STM32H7xx_HAL_Driver/Src/stm32h7xx_hal_uart.o
                0x08005f8c                HAL_UARTEx_RxEventCallback
 .text.UART_SetConfig
                0x08005fa4      0xad0 ./Drivers/STM32H7xx_HAL_Driver/Src/stm32h7xx_hal_uart.o
                0x08005fa4                UART_SetConfig
 .text.UART_AdvFeatureConfig
                0x08006a74      0x144 ./Drivers/STM32H7xx_HAL_Driver/Src/stm32h7xx_hal_uart.o
                0x08006a74                UART_AdvFeatureConfig
 .text.UART_CheckIdleState
                0x08006bb8      0x154 ./Drivers/STM32H7xx_HAL_Driver/Src/stm32h7xx_hal_uart.o
                0x08006bb8                UART_CheckIdleState
 .text.UART_WaitOnFlagUntilTimeout
                0x08006d0c       0xda ./Drivers/STM32H7xx_HAL_Driver/Src/stm32h7xx_hal_uart.o
                0x08006d0c                UART_WaitOnFlagUntilTimeout
 *fill*         0x08006de6        0x2 
 .text.UART_Start_Receive_IT
                0x08006de8      0x244 ./Drivers/STM32H7xx_HAL_Driver/Src/stm32h7xx_hal_uart.o
                0x08006de8                UART_Start_Receive_IT
 .text.UART_EndRxTransfer
                0x0800702c       0xcc ./Drivers/STM32H7xx_HAL_Driver/Src/stm32h7xx_hal_uart.o
 .text.UART_DMAAbortOnError
                0x080070f8       0x24 ./Drivers/STM32H7xx_HAL_Driver/Src/stm32h7xx_hal_uart.o
 .text.UART_EndTransmit_IT
                0x0800711c       0x56 ./Drivers/STM32H7xx_HAL_Driver/Src/stm32h7xx_hal_uart.o
 *fill*         0x08007172        0x2 
 .text.UART_RxISR_8BIT
                0x08007174      0x1b8 ./Drivers/STM32H7xx_HAL_Driver/Src/stm32h7xx_hal_uart.o
 .text.UART_RxISR_16BIT
                0x0800732c      0x1b8 ./Drivers/STM32H7xx_HAL_Driver/Src/stm32h7xx_hal_uart.o
 .text.UART_RxISR_8BIT_FIFOEN
                0x080074e4      0x364 ./Drivers/STM32H7xx_HAL_Driver/Src/stm32h7xx_hal_uart.o
 .text.UART_RxISR_16BIT_FIFOEN
                0x08007848      0x36c ./Drivers/STM32H7xx_HAL_Driver/Src/stm32h7xx_hal_uart.o
 .text.HAL_UARTEx_WakeupCallback
                0x08007bb4       0x14 ./Drivers/STM32H7xx_HAL_Driver/Src/stm32h7xx_hal_uart_ex.o
                0x08007bb4                HAL_UARTEx_WakeupCallback
 .text.HAL_UARTEx_RxFifoFullCallback
                0x08007bc8       0x14 ./Drivers/STM32H7xx_HAL_Driver/Src/stm32h7xx_hal_uart_ex.o
                0x08007bc8                HAL_UARTEx_RxFifoFullCallback
 .text.HAL_UARTEx_TxFifoEmptyCallback
                0x08007bdc       0x14 ./Drivers/STM32H7xx_HAL_Driver/Src/stm32h7xx_hal_uart_ex.o
                0x08007bdc                HAL_UARTEx_TxFifoEmptyCallback
 .text.HAL_UARTEx_DisableFifoMode
                0x08007bf0       0x72 ./Drivers/STM32H7xx_HAL_Driver/Src/stm32h7xx_hal_uart_ex.o
                0x08007bf0                HAL_UARTEx_DisableFifoMode
 .text.HAL_UARTEx_SetTxFifoThreshold
                0x08007c62       0x7c ./Drivers/STM32H7xx_HAL_Driver/Src/stm32h7xx_hal_uart_ex.o
                0x08007c62                HAL_UARTEx_SetTxFifoThreshold
 .text.HAL_UARTEx_SetRxFifoThreshold
                0x08007cde       0x7c ./Drivers/STM32H7xx_HAL_Driver/Src/stm32h7xx_hal_uart_ex.o
                0x08007cde                HAL_UARTEx_SetRxFifoThreshold
 *fill*         0x08007d5a        0x2 
 .text.UARTEx_SetNbDataToProcess
                0x08007d5c       0x9c ./Drivers/STM32H7xx_HAL_Driver/Src/stm32h7xx_hal_uart_ex.o
 .text.atoi     0x08007df8        0x8 /Applications/STM32CubeIDE.app/Contents/Eclipse/plugins/com.st.stm32cube.ide.mcu.externaltools.gnu-tools-for-stm32.13.3.rel1.macos64_1.0.0.202411102158/tools/bin/../lib/gcc/arm-none-eabi/13.3.1/../../../../arm-none-eabi/lib/thumb/v7e-m+dp/hard/libc_nano.a(libc_a-atoi.o)
                0x08007df8                atoi
 .text._strtol_l.isra.0
                0x08007e00       0xf4 /Applications/STM32CubeIDE.app/Contents/Eclipse/plugins/com.st.stm32cube.ide.mcu.externaltools.gnu-tools-for-stm32.13.3.rel1.macos64_1.0.0.202411102158/tools/bin/../lib/gcc/arm-none-eabi/13.3.1/../../../../arm-none-eabi/lib/thumb/v7e-m+dp/hard/libc_nano.a(libc_a-strtol.o)
 .text.strtol   0x08007ef4       0x14 /Applications/STM32CubeIDE.app/Contents/Eclipse/plugins/com.st.stm32cube.ide.mcu.externaltools.gnu-tools-for-stm32.13.3.rel1.macos64_1.0.0.202411102158/tools/bin/../lib/gcc/arm-none-eabi/13.3.1/../../../../arm-none-eabi/lib/thumb/v7e-m+dp/hard/libc_nano.a(libc_a-strtol.o)
                0x08007ef4                strtol
 .text._strtoul_l.isra.0
                0x08007f08       0xdc /Applications/STM32CubeIDE.app/Contents/Eclipse/plugins/com.st.stm32cube.ide.mcu.externaltools.gnu-tools-for-stm32.13.3.rel1.macos64_1.0.0.202411102158/tools/bin/../lib/gcc/arm-none-eabi/13.3.1/../../../../arm-none-eabi/lib/thumb/v7e-m+dp/hard/libc_nano.a(libc_a-strtoul.o)
 .text.strtoul  0x08007fe4       0x14 /Applications/STM32CubeIDE.app/Contents/Eclipse/plugins/com.st.stm32cube.ide.mcu.externaltools.gnu-tools-for-stm32.13.3.rel1.macos64_1.0.0.202411102158/tools/bin/../lib/gcc/arm-none-eabi/13.3.1/../../../../arm-none-eabi/lib/thumb/v7e-m+dp/hard/libc_nano.a(libc_a-strtoul.o)
                0x08007fe4                strtoul
 .text.memset   0x08007ff8       0x10 /Applications/STM32CubeIDE.app/Contents/Eclipse/plugins/com.st.stm32cube.ide.mcu.externaltools.gnu-tools-for-stm32.13.3.rel1.macos64_1.0.0.202411102158/tools/bin/../lib/gcc/arm-none-eabi/13.3.1/../../../../arm-none-eabi/lib/thumb/v7e-m+dp/hard/libc_nano.a(libc_a-memset.o)
                0x08007ff8                memset
 .text.__strtok_r
                0x08008008       0x50 /Applications/STM32CubeIDE.app/Contents/Eclipse/plugins/com.st.stm32cube.ide.mcu.externaltools.gnu-tools-for-stm32.13.3.rel1.macos64_1.0.0.202411102158/tools/bin/../lib/gcc/arm-none-eabi/13.3.1/../../../../arm-none-eabi/lib/thumb/v7e-m+dp/hard/libc_nano.a(libc_a-strtok_r.o)
                0x08008008                __strtok_r
 .text.strtok_r
                0x08008058        0x6 /Applications/STM32CubeIDE.app/Contents/Eclipse/plugins/com.st.stm32cube.ide.mcu.externaltools.gnu-tools-for-stm32.13.3.rel1.macos64_1.0.0.202411102158/tools/bin/../lib/gcc/arm-none-eabi/13.3.1/../../../../arm-none-eabi/lib/thumb/v7e-m+dp/hard/libc_nano.a(libc_a-strtok_r.o)
                0x08008058                strtok_r
 *fill*         0x0800805e        0x2 
 .text.__errno  0x08008060        0xc /Applications/STM32CubeIDE.app/Contents/Eclipse/plugins/com.st.stm32cube.ide.mcu.externaltools.gnu-tools-for-stm32.13.3.rel1.macos64_1.0.0.202411102158/tools/bin/../lib/gcc/arm-none-eabi/13.3.1/../../../../arm-none-eabi/lib/thumb/v7e-m+dp/hard/libc_nano.a(libc_a-errno.o)
                0x08008060                __errno
 .text.__libc_init_array
                0x0800806c       0x48 /Applications/STM32CubeIDE.app/Contents/Eclipse/plugins/com.st.stm32cube.ide.mcu.externaltools.gnu-tools-for-stm32.13.3.rel1.macos64_1.0.0.202411102158/tools/bin/../lib/gcc/arm-none-eabi/13.3.1/../../../../arm-none-eabi/lib/thumb/v7e-m+dp/hard/libc_nano.a(libc_a-init.o)
                0x0800806c                __libc_init_array
 .text.memcpy   0x080080b4       0x1c /Applications/STM32CubeIDE.app/Contents/Eclipse/plugins/com.st.stm32cube.ide.mcu.externaltools.gnu-tools-for-stm32.13.3.rel1.macos64_1.0.0.202411102158/tools/bin/../lib/gcc/arm-none-eabi/13.3.1/../../../../arm-none-eabi/lib/thumb/v7e-m+dp/hard/libc_nano.a(libc_a-memcpy-stub.o)
                0x080080b4                memcpy
 *(.glue_7)
 .glue_7        0x080080d0        0x0 linker stubs
 *(.glue_7t)
 .glue_7t       0x080080d0        0x0 linker stubs
 *(.eh_frame)
 .eh_frame      0x080080d0        0x0 /Applications/STM32CubeIDE.app/Contents/Eclipse/plugins/com.st.stm32cube.ide.mcu.externaltools.gnu-tools-for-stm32.13.3.rel1.macos64_1.0.0.202411102158/tools/bin/../lib/gcc/arm-none-eabi/13.3.1/thumb/v7e-m+dp/hard/crtbegin.o
 *(.init)
 .init          0x080080d0        0x4 /Applications/STM32CubeIDE.app/Contents/Eclipse/plugins/com.st.stm32cube.ide.mcu.externaltools.gnu-tools-for-stm32.13.3.rel1.macos64_1.0.0.202411102158/tools/bin/../lib/gcc/arm-none-eabi/13.3.1/thumb/v7e-m+dp/hard/crti.o
                0x080080d0                _init
 .init          0x080080d4        0x8 /Applications/STM32CubeIDE.app/Contents/Eclipse/plugins/com.st.stm32cube.ide.mcu.externaltools.gnu-tools-for-stm32.13.3.rel1.macos64_1.0.0.202411102158/tools/bin/../lib/gcc/arm-none-eabi/13.3.1/thumb/v7e-m+dp/hard/crtn.o
 *(.fini)
 .fini          0x080080dc        0x4 /Applications/STM32CubeIDE.app/Contents/Eclipse/plugins/com.st.stm32cube.ide.mcu.externaltools.gnu-tools-for-stm32.13.3.rel1.macos64_1.0.0.202411102158/tools/bin/../lib/gcc/arm-none-eabi/13.3.1/thumb/v7e-m+dp/hard/crti.o
                0x080080dc                _fini
 .fini          0x080080e0        0x8 /Applications/STM32CubeIDE.app/Contents/Eclipse/plugins/com.st.stm32cube.ide.mcu.externaltools.gnu-tools-for-stm32.13.3.rel1.macos64_1.0.0.202411102158/tools/bin/../lib/gcc/arm-none-eabi/13.3.1/thumb/v7e-m+dp/hard/crtn.o
                0x080080e8                        . = ALIGN (0x4)
                0x080080e8                        _etext = .

.vfp11_veneer   0x080080e8        0x0
 .vfp11_veneer  0x080080e8        0x0 linker stubs

.v4_bx          0x080080e8        0x0
 .v4_bx         0x080080e8        0x0 linker stubs

.iplt           0x080080e8        0x0
 .iplt          0x080080e8        0x0 /Applications/STM32CubeIDE.app/Contents/Eclipse/plugins/com.st.stm32cube.ide.mcu.externaltools.gnu-tools-for-stm32.13.3.rel1.macos64_1.0.0.202411102158/tools/bin/../lib/gcc/arm-none-eabi/13.3.1/thumb/v7e-m+dp/hard/crtbegin.o

.rodata         0x080080e8      0x140
                0x080080e8                        . = ALIGN (0x4)
 *(.rodata)
 .rodata        0x080080e8        0x2 ./Core/Src/dataLink.o
 *(.rodata*)
 *fill*         0x080080ea        0x2 
 .rodata.D1CorePrescTable
                0x080080ec       0x10 ./Core/Src/system_stm32h7xx.o
                0x080080ec                D1CorePrescTable
 .rodata.UARTPrescTable
                0x080080fc       0x18 ./Drivers/STM32H7xx_HAL_Driver/Src/stm32h7xx_hal_uart.o
                0x080080fc                UARTPrescTable
 .rodata.numerator.1
                0x08008114        0x8 ./Drivers/STM32H7xx_HAL_Driver/Src/stm32h7xx_hal_uart_ex.o
 .rodata.denominator.0
                0x0800811c        0x8 ./Drivers/STM32H7xx_HAL_Driver/Src/stm32h7xx_hal_uart_ex.o
 .rodata._ctype_
                0x08008124      0x101 /Applications/STM32CubeIDE.app/Contents/Eclipse/plugins/com.st.stm32cube.ide.mcu.externaltools.gnu-tools-for-stm32.13.3.rel1.macos64_1.0.0.202411102158/tools/bin/../lib/gcc/arm-none-eabi/13.3.1/../../../../arm-none-eabi/lib/thumb/v7e-m+dp/hard/libc_nano.a(libc_a-ctype_.o)
                0x08008124                _ctype_
                0x08008228                        . = ALIGN (0x4)
 *fill*         0x08008225        0x3 

.ARM.extab
 *(.ARM.extab* .gnu.linkonce.armextab.*)

.ARM            0x08008228        0x8
                0x08008228                        __exidx_start = .
 *(.ARM.exidx*)
 .ARM.exidx     0x08008228        0x8 /Applications/STM32CubeIDE.app/Contents/Eclipse/plugins/com.st.stm32cube.ide.mcu.externaltools.gnu-tools-for-stm32.13.3.rel1.macos64_1.0.0.202411102158/tools/bin/../lib/gcc/arm-none-eabi/13.3.1/thumb/v7e-m+dp/hard/libgcc.a(_udivmoddi4.o)
                0x08008230                        __exidx_end = .

.preinit_array  0x08008230        0x0
                0x08008230                        PROVIDE (__preinit_array_start = .)
 *(.preinit_array*)
                0x08008230                        PROVIDE (__preinit_array_end = .)

.init_array     0x08008230        0x4
                0x08008230                        PROVIDE (__init_array_start = .)
 *(SORT_BY_NAME(.init_array.*))
 *(.init_array*)
 .init_array    0x08008230        0x4 /Applications/STM32CubeIDE.app/Contents/Eclipse/plugins/com.st.stm32cube.ide.mcu.externaltools.gnu-tools-for-stm32.13.3.rel1.macos64_1.0.0.202411102158/tools/bin/../lib/gcc/arm-none-eabi/13.3.1/thumb/v7e-m+dp/hard/crtbegin.o
                0x08008234                        PROVIDE (__init_array_end = .)

.fini_array     0x08008234        0x4
                [!provide]                        PROVIDE (__fini_array_start = .)
 *(SORT_BY_NAME(.fini_array.*))
 *(.fini_array*)
 .fini_array    0x08008234        0x4 /Applications/STM32CubeIDE.app/Contents/Eclipse/plugins/com.st.stm32cube.ide.mcu.externaltools.gnu-tools-for-stm32.13.3.rel1.macos64_1.0.0.202411102158/tools/bin/../lib/gcc/arm-none-eabi/13.3.1/thumb/v7e-m+dp/hard/crtbegin.o
                [!provide]                        PROVIDE (__fini_array_end = .)
                0x08008238                        _sidata = LOADADDR (.data)

.rel.dyn        0x08008238        0x0
 .rel.iplt      0x08008238        0x0 /Applications/STM32CubeIDE.app/Contents/Eclipse/plugins/com.st.stm32cube.ide.mcu.externaltools.gnu-tools-for-stm32.13.3.rel1.macos64_1.0.0.202411102158/tools/bin/../lib/gcc/arm-none-eabi/13.3.1/thumb/v7e-m+dp/hard/crtbegin.o

.data           0x24000000       0xa0 load address 0x08008238
                0x24000000                        . = ALIGN (0x4)
                0x24000000                        _sdata = .
 *(.data)
 *(.data*)
 .data.in0      0x24000000       0x20 ./Core/Src/main.o
                0x24000000                in0
 .data.in1      0x24000020       0x20 ./Core/Src/main.o
                0x24000020                in1
 .data.SystemCoreClock
                0x24000040        0x4 ./Core/Src/system_stm32h7xx.o
                0x24000040                SystemCoreClock
 .data.SystemD2Clock
                0x24000044        0x4 ./Core/Src/system_stm32h7xx.o
                0x24000044                SystemD2Clock
 .data.uwTickPrio
                0x24000048        0x4 ./Drivers/STM32H7xx_HAL_Driver/Src/stm32h7xx_hal.o
                0x24000048                uwTickPrio
 .data.uwTickFreq
                0x2400004c        0x1 ./Drivers/STM32H7xx_HAL_Driver/Src/stm32h7xx_hal.o
                0x2400004c                uwTickFreq
 *fill*         0x2400004d        0x3 
 .data._impure_ptr
                0x24000050        0x4 /Applications/STM32CubeIDE.app/Contents/Eclipse/plugins/com.st.stm32cube.ide.mcu.externaltools.gnu-tools-for-stm32.13.3.rel1.macos64_1.0.0.202411102158/tools/bin/../lib/gcc/arm-none-eabi/13.3.1/../../../../arm-none-eabi/lib/thumb/v7e-m+dp/hard/libc_nano.a(libc_a-impure.o)
                0x24000050                _impure_ptr
 .data._impure_data
                0x24000054       0x4c /Applications/STM32CubeIDE.app/Contents/Eclipse/plugins/com.st.stm32cube.ide.mcu.externaltools.gnu-tools-for-stm32.13.3.rel1.macos64_1.0.0.202411102158/tools/bin/../lib/gcc/arm-none-eabi/13.3.1/../../../../arm-none-eabi/lib/thumb/v7e-m+dp/hard/libc_nano.a(libc_a-impure.o)
                0x24000054                _impure_data
 *(.RamFunc)
 *(.RamFunc*)
                0x240000a0                        . = ALIGN (0x4)
                0x240000a0                        _edata = .

.igot.plt       0x240000a0        0x0 load address 0x080082d8
 .igot.plt      0x240000a0        0x0 /Applications/STM32CubeIDE.app/Contents/Eclipse/plugins/com.st.stm32cube.ide.mcu.externaltools.gnu-tools-for-stm32.13.3.rel1.macos64_1.0.0.202411102158/tools/bin/../lib/gcc/arm-none-eabi/13.3.1/thumb/v7e-m+dp/hard/crtbegin.o
                0x240000a0                        . = ALIGN (0x4)

.bss            0x240000a0      0x534 load address 0x080082d8
                0x240000a0                        _sbss = .
                0x240000a0                        __bss_start__ = _sbss
 *(.bss)
 .bss           0x240000a0       0x1c /Applications/STM32CubeIDE.app/Contents/Eclipse/plugins/com.st.stm32cube.ide.mcu.externaltools.gnu-tools-for-stm32.13.3.rel1.macos64_1.0.0.202411102158/tools/bin/../lib/gcc/arm-none-eabi/13.3.1/thumb/v7e-m+dp/hard/crtbegin.o
 *(.bss*)
 .bss.huart2    0x240000bc       0x94 ./Core/Src/main.o
                0x240000bc                huart2
 .bss.link      0x24000150      0x240 ./Core/Src/main.o
                0x24000150                link
 .bss.ioPipe    0x24000390       0x80 ./Core/Src/main.o
                0x24000390                ioPipe
 .bss.rxRecieve
                0x24000410        0x2 ./Core/Src/main.o
                0x24000410                rxRecieve
 *fill*         0x24000412        0x2 
 .bss.rxBuffer  0x24000414       0x80 ./Core/Src/main.o
                0x24000414                rxBuffer
 .bss.uartRxIndex
                0x24000494        0x1 ./Core/Src/main.o
                0x24000494                uartRxIndex
 *fill*         0x24000495        0x3 
 .bss.uwTick    0x24000498        0x4 ./Drivers/STM32H7xx_HAL_Driver/Src/stm32h7xx_hal.o
                0x24000498                uwTick
 .bss.__sf      0x2400049c      0x138 /Applications/STM32CubeIDE.app/Contents/Eclipse/plugins/com.st.stm32cube.ide.mcu.externaltools.gnu-tools-for-stm32.13.3.rel1.macos64_1.0.0.202411102158/tools/bin/../lib/gcc/arm-none-eabi/13.3.1/../../../../arm-none-eabi/lib/thumb/v7e-m+dp/hard/libc_nano.a(libc_a-findfp.o)
                0x2400049c                __sf
 *(COMMON)
                0x240005d4                        . = ALIGN (0x4)
                0x240005d4                        _ebss = .
                0x240005d4                        __bss_end__ = _ebss

._user_heap_stack
                0x240005d4      0x604 load address 0x080082d8
                0x240005d8                        . = ALIGN (0x8)
 *fill*         0x240005d4        0x4 
                [!provide]                        PROVIDE (end = .)
                0x240005d8                        PROVIDE (_end = .)
                0x240007d8                        . = (. + _Min_Heap_Size)
 *fill*         0x240005d8      0x200 
                0x24000bd8                        . = (. + _Min_Stack_Size)
 *fill*         0x240007d8      0x400 
                0x24000bd8                        . = ALIGN (0x8)

/DISCARD/
 libc.a(*)
 libm.a(*)
 libgcc.a(*)

.ARM.attributes
                0x00000000       0x2e
 *(.ARM.attributes)
 .ARM.attributes
                0x00000000       0x20 /Applications/STM32CubeIDE.app/Contents/Eclipse/plugins/com.st.stm32cube.ide.mcu.externaltools.gnu-tools-for-stm32.13.3.rel1.macos64_1.0.0.202411102158/tools/bin/../lib/gcc/arm-none-eabi/13.3.1/thumb/v7e-m+dp/hard/crti.o
 .ARM.attributes
                0x00000020       0x32 /Applications/STM32CubeIDE.app/Contents/Eclipse/plugins/com.st.stm32cube.ide.mcu.externaltools.gnu-tools-for-stm32.13.3.rel1.macos64_1.0.0.202411102158/tools/bin/../lib/gcc/arm-none-eabi/13.3.1/thumb/v7e-m+dp/hard/crtbegin.o
 .ARM.attributes
                0x00000052       0x32 ./Core/Src/dataLink.o
 .ARM.attributes
                0x00000084       0x32 ./Core/Src/main.o
 .ARM.attributes
                0x000000b6       0x32 ./Core/Src/nodeSort.o
 .ARM.attributes
                0x000000e8       0x32 ./Core/Src/process.o
 .ARM.attributes
                0x0000011a       0x32 ./Core/Src/stm32h7xx_hal_msp.o
 .ARM.attributes
                0x0000014c       0x32 ./Core/Src/stm32h7xx_it.o
 .ARM.attributes
                0x0000017e       0x32 ./Core/Src/system_stm32h7xx.o
 .ARM.attributes
                0x000001b0       0x21 ./Core/Startup/startup_stm32h743iitx.o
 .ARM.attributes
                0x000001d1       0x32 ./Drivers/STM32H7xx_HAL_Driver/Src/stm32h7xx_hal.o
 .ARM.attributes
                0x00000203       0x32 ./Drivers/STM32H7xx_HAL_Driver/Src/stm32h7xx_hal_cortex.o
 .ARM.attributes
                0x00000235       0x32 ./Drivers/STM32H7xx_HAL_Driver/Src/stm32h7xx_hal_dma.o
 .ARM.attributes
                0x00000267       0x32 ./Drivers/STM32H7xx_HAL_Driver/Src/stm32h7xx_hal_gpio.o
 .ARM.attributes
                0x00000299       0x32 ./Drivers/STM32H7xx_HAL_Driver/Src/stm32h7xx_hal_pwr_ex.o
 .ARM.attributes
                0x000002cb       0x32 ./Drivers/STM32H7xx_HAL_Driver/Src/stm32h7xx_hal_rcc.o
 .ARM.attributes
                0x000002fd       0x32 ./Drivers/STM32H7xx_HAL_Driver/Src/stm32h7xx_hal_rcc_ex.o
 .ARM.attributes
                0x0000032f       0x32 ./Drivers/STM32H7xx_HAL_Driver/Src/stm32h7xx_hal_uart.o
 .ARM.attributes
                0x00000361       0x32 ./Drivers/STM32H7xx_HAL_Driver/Src/stm32h7xx_hal_uart_ex.o
 .ARM.attributes
                0x00000393       0x32 /Applications/STM32CubeIDE.app/Contents/Eclipse/plugins/com.st.stm32cube.ide.mcu.externaltools.gnu-tools-for-stm32.13.3.rel1.macos64_1.0.0.202411102158/tools/bin/../lib/gcc/arm-none-eabi/13.3.1/../../../../arm-none-eabi/lib/thumb/v7e-m+dp/hard/libc_nano.a(libc_a-atoi.o)
 .ARM.attributes
                0x000003c5       0x32 /Applications/STM32CubeIDE.app/Contents/Eclipse/plugins/com.st.stm32cube.ide.mcu.externaltools.gnu-tools-for-stm32.13.3.rel1.macos64_1.0.0.202411102158/tools/bin/../lib/gcc/arm-none-eabi/13.3.1/../../../../arm-none-eabi/lib/thumb/v7e-m+dp/hard/libc_nano.a(libc_a-findfp.o)
 .ARM.attributes
                0x000003f7       0x32 /Applications/STM32CubeIDE.app/Contents/Eclipse/plugins/com.st.stm32cube.ide.mcu.externaltools.gnu-tools-for-stm32.13.3.rel1.macos64_1.0.0.202411102158/tools/bin/../lib/gcc/arm-none-eabi/13.3.1/../../../../arm-none-eabi/lib/thumb/v7e-m+dp/hard/libc_nano.a(libc_a-strtol.o)
 .ARM.attributes
                0x00000429       0x32 /Applications/STM32CubeIDE.app/Contents/Eclipse/plugins/com.st.stm32cube.ide.mcu.externaltools.gnu-tools-for-stm32.13.3.rel1.macos64_1.0.0.202411102158/tools/bin/../lib/gcc/arm-none-eabi/13.3.1/../../../../arm-none-eabi/lib/thumb/v7e-m+dp/hard/libc_nano.a(libc_a-strtoul.o)
 .ARM.attributes
                0x0000045b       0x32 /Applications/STM32CubeIDE.app/Contents/Eclipse/plugins/com.st.stm32cube.ide.mcu.externaltools.gnu-tools-for-stm32.13.3.rel1.macos64_1.0.0.202411102158/tools/bin/../lib/gcc/arm-none-eabi/13.3.1/../../../../arm-none-eabi/lib/thumb/v7e-m+dp/hard/libc_nano.a(libc_a-memset.o)
 .ARM.attributes
                0x0000048d       0x32 /Applications/STM32CubeIDE.app/Contents/Eclipse/plugins/com.st.stm32cube.ide.mcu.externaltools.gnu-tools-for-stm32.13.3.rel1.macos64_1.0.0.202411102158/tools/bin/../lib/gcc/arm-none-eabi/13.3.1/../../../../arm-none-eabi/lib/thumb/v7e-m+dp/hard/libc_nano.a(libc_a-strtok_r.o)
 .ARM.attributes
                0x000004bf       0x32 /Applications/STM32CubeIDE.app/Contents/Eclipse/plugins/com.st.stm32cube.ide.mcu.externaltools.gnu-tools-for-stm32.13.3.rel1.macos64_1.0.0.202411102158/tools/bin/../lib/gcc/arm-none-eabi/13.3.1/../../../../arm-none-eabi/lib/thumb/v7e-m+dp/hard/libc_nano.a(libc_a-errno.o)
 .ARM.attributes
                0x000004f1       0x32 /Applications/STM32CubeIDE.app/Contents/Eclipse/plugins/com.st.stm32cube.ide.mcu.externaltools.gnu-tools-for-stm32.13.3.rel1.macos64_1.0.0.202411102158/tools/bin/../lib/gcc/arm-none-eabi/13.3.1/../../../../arm-none-eabi/lib/thumb/v7e-m+dp/hard/libc_nano.a(libc_a-init.o)
 .ARM.attributes
                0x00000523       0x32 /Applications/STM32CubeIDE.app/Contents/Eclipse/plugins/com.st.stm32cube.ide.mcu.externaltools.gnu-tools-for-stm32.13.3.rel1.macos64_1.0.0.202411102158/tools/bin/../lib/gcc/arm-none-eabi/13.3.1/../../../../arm-none-eabi/lib/thumb/v7e-m+dp/hard/libc_nano.a(libc_a-impure.o)
 .ARM.attributes
                0x00000555       0x32 /Applications/STM32CubeIDE.app/Contents/Eclipse/plugins/com.st.stm32cube.ide.mcu.externaltools.gnu-tools-for-stm32.13.3.rel1.macos64_1.0.0.202411102158/tools/bin/../lib/gcc/arm-none-eabi/13.3.1/../../../../arm-none-eabi/lib/thumb/v7e-m+dp/hard/libc_nano.a(libc_a-memcpy-stub.o)
 .ARM.attributes
                0x00000587       0x32 /Applications/STM32CubeIDE.app/Contents/Eclipse/plugins/com.st.stm32cube.ide.mcu.externaltools.gnu-tools-for-stm32.13.3.rel1.macos64_1.0.0.202411102158/tools/bin/../lib/gcc/arm-none-eabi/13.3.1/../../../../arm-none-eabi/lib/thumb/v7e-m+dp/hard/libc_nano.a(libc_a-ctype_.o)
 .ARM.attributes
                0x000005b9       0x20 /Applications/STM32CubeIDE.app/Contents/Eclipse/plugins/com.st.stm32cube.ide.mcu.externaltools.gnu-tools-for-stm32.13.3.rel1.macos64_1.0.0.202411102158/tools/bin/../lib/gcc/arm-none-eabi/13.3.1/thumb/v7e-m+dp/hard/libgcc.a(_aeabi_uldivmod.o)
 .ARM.attributes
                0x000005d9       0x32 /Applications/STM32CubeIDE.app/Contents/Eclipse/plugins/com.st.stm32cube.ide.mcu.externaltools.gnu-tools-for-stm32.13.3.rel1.macos64_1.0.0.202411102158/tools/bin/../lib/gcc/arm-none-eabi/13.3.1/thumb/v7e-m+dp/hard/libgcc.a(_udivmoddi4.o)
 .ARM.attributes
                0x0000060b       0x20 /Applications/STM32CubeIDE.app/Contents/Eclipse/plugins/com.st.stm32cube.ide.mcu.externaltools.gnu-tools-for-stm32.13.3.rel1.macos64_1.0.0.202411102158/tools/bin/../lib/gcc/arm-none-eabi/13.3.1/thumb/v7e-m+dp/hard/libgcc.a(_dvmd_tls.o)
 .ARM.attributes
                0x0000062b       0x20 /Applications/STM32CubeIDE.app/Contents/Eclipse/plugins/com.st.stm32cube.ide.mcu.externaltools.gnu-tools-for-stm32.13.3.rel1.macos64_1.0.0.202411102158/tools/bin/../lib/gcc/arm-none-eabi/13.3.1/thumb/v7e-m+dp/hard/crtn.o
OUTPUT(blackBoard-test.elf elf32-littlearm)
LOAD linker stubs
LOAD /Applications/STM32CubeIDE.app/Contents/Eclipse/plugins/com.st.stm32cube.ide.mcu.externaltools.gnu-tools-for-stm32.13.3.rel1.macos64_1.0.0.202411102158/tools/bin/../lib/gcc/arm-none-eabi/13.3.1/../../../../arm-none-eabi/lib/thumb/v7e-m+dp/hard/libc.a
LOAD /Applications/STM32CubeIDE.app/Contents/Eclipse/plugins/com.st.stm32cube.ide.mcu.externaltools.gnu-tools-for-stm32.13.3.rel1.macos64_1.0.0.202411102158/tools/bin/../lib/gcc/arm-none-eabi/13.3.1/../../../../arm-none-eabi/lib/thumb/v7e-m+dp/hard/libm.a
LOAD /Applications/STM32CubeIDE.app/Contents/Eclipse/plugins/com.st.stm32cube.ide.mcu.externaltools.gnu-tools-for-stm32.13.3.rel1.macos64_1.0.0.202411102158/tools/bin/../lib/gcc/arm-none-eabi/13.3.1/thumb/v7e-m+dp/hard/libgcc.a

.debug_info     0x00000000    0x118d3
 .debug_info    0x00000000      0x42a ./Core/Src/dataLink.o
 .debug_info    0x0000042a     0x16db ./Core/Src/main.o
 .debug_info    0x00001b05      0x35c ./Core/Src/nodeSort.o
 .debug_info    0x00001e61      0x61b ./Core/Src/process.o
 .debug_info    0x0000247c     0x1451 ./Core/Src/stm32h7xx_hal_msp.o
 .debug_info    0x000038cd      0x830 ./Core/Src/stm32h7xx_it.o
 .debug_info    0x000040fd      0xdb2 ./Core/Src/system_stm32h7xx.o
 .debug_info    0x00004eaf       0x30 ./Core/Startup/startup_stm32h743iitx.o
 .debug_info    0x00004edf     0x153b ./Drivers/STM32H7xx_HAL_Driver/Src/stm32h7xx_hal.o
 .debug_info    0x0000641a     0x10b1 ./Drivers/STM32H7xx_HAL_Driver/Src/stm32h7xx_hal_cortex.o
 .debug_info    0x000074cb      0xc31 ./Drivers/STM32H7xx_HAL_Driver/Src/stm32h7xx_hal_dma.o
 .debug_info    0x000080fc      0xc5a ./Drivers/STM32H7xx_HAL_Driver/Src/stm32h7xx_hal_gpio.o
 .debug_info    0x00008d56     0x1012 ./Drivers/STM32H7xx_HAL_Driver/Src/stm32h7xx_hal_pwr_ex.o
 .debug_info    0x00009d68      0xe6a ./Drivers/STM32H7xx_HAL_Driver/Src/stm32h7xx_hal_rcc.o
 .debug_info    0x0000abd2     0x1225 ./Drivers/STM32H7xx_HAL_Driver/Src/stm32h7xx_hal_rcc_ex.o
 .debug_info    0x0000bdf7     0x4b1d ./Drivers/STM32H7xx_HAL_Driver/Src/stm32h7xx_hal_uart.o
 .debug_info    0x00010914      0xfbf ./Drivers/STM32H7xx_HAL_Driver/Src/stm32h7xx_hal_uart_ex.o

.debug_abbrev   0x00000000     0x2461
 .debug_abbrev  0x00000000      0x180 ./Core/Src/dataLink.o
 .debug_abbrev  0x00000180      0x317 ./Core/Src/main.o
 .debug_abbrev  0x00000497      0x11a ./Core/Src/nodeSort.o
 .debug_abbrev  0x000005b1      0x1a9 ./Core/Src/process.o
 .debug_abbrev  0x0000075a      0x20c ./Core/Src/stm32h7xx_hal_msp.o
 .debug_abbrev  0x00000966      0x170 ./Core/Src/stm32h7xx_it.o
 .debug_abbrev  0x00000ad6      0x165 ./Core/Src/system_stm32h7xx.o
 .debug_abbrev  0x00000c3b       0x24 ./Core/Startup/startup_stm32h743iitx.o
 .debug_abbrev  0x00000c5f      0x295 ./Drivers/STM32H7xx_HAL_Driver/Src/stm32h7xx_hal.o
 .debug_abbrev  0x00000ef4      0x339 ./Drivers/STM32H7xx_HAL_Driver/Src/stm32h7xx_hal_cortex.o
 .debug_abbrev  0x0000122d      0x248 ./Drivers/STM32H7xx_HAL_Driver/Src/stm32h7xx_hal_dma.o
 .debug_abbrev  0x00001475      0x205 ./Drivers/STM32H7xx_HAL_Driver/Src/stm32h7xx_hal_gpio.o
 .debug_abbrev  0x0000167a      0x2a7 ./Drivers/STM32H7xx_HAL_Driver/Src/stm32h7xx_hal_pwr_ex.o
 .debug_abbrev  0x00001921      0x2c8 ./Drivers/STM32H7xx_HAL_Driver/Src/stm32h7xx_hal_rcc.o
 .debug_abbrev  0x00001be9      0x269 ./Drivers/STM32H7xx_HAL_Driver/Src/stm32h7xx_hal_rcc_ex.o
 .debug_abbrev  0x00001e52      0x33d ./Drivers/STM32H7xx_HAL_Driver/Src/stm32h7xx_hal_uart.o
 .debug_abbrev  0x0000218f      0x2d2 ./Drivers/STM32H7xx_HAL_Driver/Src/stm32h7xx_hal_uart_ex.o

.debug_aranges  0x00000000      0xb60
 .debug_aranges
                0x00000000       0x28 ./Core/Src/dataLink.o
 .debug_aranges
                0x00000028       0x50 ./Core/Src/main.o
 .debug_aranges
                0x00000078       0x20 ./Core/Src/nodeSort.o
 .debug_aranges
                0x00000098       0x50 ./Core/Src/process.o
 .debug_aranges
                0x000000e8       0x30 ./Core/Src/stm32h7xx_hal_msp.o
 .debug_aranges
                0x00000118       0x68 ./Core/Src/stm32h7xx_it.o
 .debug_aranges
                0x00000180       0x30 ./Core/Src/system_stm32h7xx.o
 .debug_aranges
                0x000001b0       0x28 ./Core/Startup/startup_stm32h743iitx.o
 .debug_aranges
                0x000001d8      0x198 ./Drivers/STM32H7xx_HAL_Driver/Src/stm32h7xx_hal.o
 .debug_aranges
                0x00000370      0x130 ./Drivers/STM32H7xx_HAL_Driver/Src/stm32h7xx_hal_cortex.o
 .debug_aranges
                0x000004a0       0xa0 ./Drivers/STM32H7xx_HAL_Driver/Src/stm32h7xx_hal_dma.o
 .debug_aranges
                0x00000540       0x58 ./Drivers/STM32H7xx_HAL_Driver/Src/stm32h7xx_hal_gpio.o
 .debug_aranges
                0x00000598      0x158 ./Drivers/STM32H7xx_HAL_Driver/Src/stm32h7xx_hal_pwr_ex.o
 .debug_aranges
                0x000006f0       0x88 ./Drivers/STM32H7xx_HAL_Driver/Src/stm32h7xx_hal_rcc.o
 .debug_aranges
                0x00000778       0xf8 ./Drivers/STM32H7xx_HAL_Driver/Src/stm32h7xx_hal_rcc_ex.o
 .debug_aranges
                0x00000870      0x248 ./Drivers/STM32H7xx_HAL_Driver/Src/stm32h7xx_hal_uart.o
 .debug_aranges
                0x00000ab8       0xa8 ./Drivers/STM32H7xx_HAL_Driver/Src/stm32h7xx_hal_uart_ex.o

.debug_rnglists
                0x00000000      0x8bc
 .debug_rnglists
                0x00000000       0x1b ./Core/Src/dataLink.o
 .debug_rnglists
                0x0000001b       0x3a ./Core/Src/main.o
 .debug_rnglists
                0x00000055       0x14 ./Core/Src/nodeSort.o
 .debug_rnglists
                0x00000069       0x3a ./Core/Src/process.o
 .debug_rnglists
                0x000000a3       0x20 ./Core/Src/stm32h7xx_hal_msp.o
 .debug_rnglists
                0x000000c3       0x49 ./Core/Src/stm32h7xx_it.o
 .debug_rnglists
                0x0000010c       0x21 ./Core/Src/system_stm32h7xx.o
 .debug_rnglists
                0x0000012d       0x19 ./Core/Startup/startup_stm32h743iitx.o
 .debug_rnglists
                0x00000146      0x131 ./Drivers/STM32H7xx_HAL_Driver/Src/stm32h7xx_hal.o
 .debug_rnglists
                0x00000277       0xe0 ./Drivers/STM32H7xx_HAL_Driver/Src/stm32h7xx_hal_cortex.o
 .debug_rnglists
                0x00000357       0x82 ./Drivers/STM32H7xx_HAL_Driver/Src/stm32h7xx_hal_dma.o
 .debug_rnglists
                0x000003d9       0x3f ./Drivers/STM32H7xx_HAL_Driver/Src/stm32h7xx_hal_gpio.o
 .debug_rnglists
                0x00000418      0x103 ./Drivers/STM32H7xx_HAL_Driver/Src/stm32h7xx_hal_pwr_ex.o
 .debug_rnglists
                0x0000051b       0x68 ./Drivers/STM32H7xx_HAL_Driver/Src/stm32h7xx_hal_rcc.o
 .debug_rnglists
                0x00000583       0xc0 ./Drivers/STM32H7xx_HAL_Driver/Src/stm32h7xx_hal_rcc_ex.o
 .debug_rnglists
                0x00000643      0x1fa ./Drivers/STM32H7xx_HAL_Driver/Src/stm32h7xx_hal_uart.o
 .debug_rnglists
                0x0000083d       0x7f ./Drivers/STM32H7xx_HAL_Driver/Src/stm32h7xx_hal_uart_ex.o

.debug_macro    0x00000000    0x36237
 .debug_macro   0x00000000      0x190 ./Core/Src/dataLink.o
 .debug_macro   0x00000190      0xaf6 ./Core/Src/dataLink.o
 .debug_macro   0x00000c86       0x22 ./Core/Src/dataLink.o
 .debug_macro   0x00000ca8       0x8e ./Core/Src/dataLink.o
 .debug_macro   0x00000d36       0x51 ./Core/Src/dataLink.o
 .debug_macro   0x00000d87      0x103 ./Core/Src/dataLink.o
 .debug_macro   0x00000e8a       0x6a ./Core/Src/dataLink.o
 .debug_macro   0x00000ef4      0x1df ./Core/Src/dataLink.o
 .debug_macro   0x000010d3      0x190 ./Core/Src/dataLink.o
 .debug_macro   0x00001263       0x22 ./Core/Src/dataLink.o
 .debug_macro   0x00001285       0x61 ./Core/Src/dataLink.o
 .debug_macro   0x000012e6       0x29 ./Core/Src/dataLink.o
 .debug_macro   0x0000130f       0x43 ./Core/Src/dataLink.o
 .debug_macro   0x00001352       0x34 ./Core/Src/dataLink.o
 .debug_macro   0x00001386      0x370 ./Core/Src/dataLink.o
 .debug_macro   0x000016f6       0x16 ./Core/Src/dataLink.o
 .debug_macro   0x0000170c       0x4a ./Core/Src/dataLink.o
 .debug_macro   0x00001756       0x34 ./Core/Src/dataLink.o
 .debug_macro   0x0000178a       0x10 ./Core/Src/dataLink.o
 .debug_macro   0x0000179a       0x58 ./Core/Src/dataLink.o
 .debug_macro   0x000017f2       0x8e ./Core/Src/dataLink.o
 .debug_macro   0x00001880       0x1c ./Core/Src/dataLink.o
 .debug_macro   0x0000189c      0x185 ./Core/Src/dataLink.o
 .debug_macro   0x00001a21       0x10 ./Core/Src/dataLink.o
 .debug_macro   0x00001a31       0x3c ./Core/Src/dataLink.o
 .debug_macro   0x00001a6d       0x20 ./Core/Src/dataLink.o
 .debug_macro   0x00001a8d       0x16 ./Core/Src/dataLink.o
 .debug_macro   0x00001aa3       0x16 ./Core/Src/dataLink.o
 .debug_macro   0x00001ab9       0x29 ./Core/Src/dataLink.o
 .debug_macro   0x00001ae2      0x11f ./Core/Src/dataLink.o
 .debug_macro   0x00001c01      0x303 ./Core/Src/main.o
 .debug_macro   0x00001f04      0x232 ./Core/Src/main.o
 .debug_macro   0x00002136       0x2e ./Core/Src/main.o
 .debug_macro   0x00002164       0x3b ./Core/Src/main.o
 .debug_macro   0x0000219f       0x1c ./Core/Src/main.o
 .debug_macro   0x000021bb       0x22 ./Core/Src/main.o
 .debug_macro   0x000021dd       0xfb ./Core/Src/main.o
 .debug_macro   0x000022d8     0x1305 ./Core/Src/main.o
 .debug_macro   0x000035dd      0x11f ./Core/Src/main.o
 .debug_macro   0x000036fc       0x27 ./Core/Src/main.o
 .debug_macro   0x00003723    0x25b9b ./Core/Src/main.o
 .debug_macro   0x000292be       0x6d ./Core/Src/main.o
 .debug_macro   0x0002932b     0x3d79 ./Core/Src/main.o
 .debug_macro   0x0002d0a4      0x19b ./Core/Src/main.o
 .debug_macro   0x0002d23f       0x5d ./Core/Src/main.o
 .debug_macro   0x0002d29c     0x2382 ./Core/Src/main.o
 .debug_macro   0x0002f61e     0x102c ./Core/Src/main.o
 .debug_macro   0x0003064a      0x154 ./Core/Src/main.o
 .debug_macro   0x0003079e      0x114 ./Core/Src/main.o
 .debug_macro   0x000308b2      0x3b6 ./Core/Src/main.o
 .debug_macro   0x00030c68       0xac ./Core/Src/main.o
 .debug_macro   0x00030d14      0x72d ./Core/Src/main.o
 .debug_macro   0x00031441      0x228 ./Core/Src/main.o
 .debug_macro   0x00031669       0x66 ./Core/Src/main.o
 .debug_macro   0x000316cf      0x3bb ./Core/Src/main.o
 .debug_macro   0x00031a8a      0x3e4 ./Core/Src/main.o
 .debug_macro   0x00031e6e      0x275 ./Core/Src/main.o
 .debug_macro   0x000320e3      0x3ca ./Core/Src/main.o
 .debug_macro   0x000324ad      0x408 ./Core/Src/main.o
 .debug_macro   0x000328b5       0x51 ./Core/Src/main.o
 .debug_macro   0x00032906       0x4a ./Core/Src/main.o
 .debug_macro   0x00032950      0x22c ./Core/Src/main.o
 .debug_macro   0x00032b7c       0x67 ./Core/Src/main.o
 .debug_macro   0x00032be3       0xa5 ./Core/Src/main.o
 .debug_macro   0x00032c88      0x1c4 ./Core/Src/main.o
 .debug_macro   0x00032e4c      0x25e ./Core/Src/main.o
 .debug_macro   0x000330aa       0x35 ./Core/Src/main.o
 .debug_macro   0x000330df      0x693 ./Core/Src/main.o
 .debug_macro   0x00033772       0xa6 ./Core/Src/main.o
 .debug_macro   0x00033818      0x5ac ./Core/Src/main.o
 .debug_macro   0x00033dc4       0x10 ./Core/Src/main.o
 .debug_macro   0x00033dd4       0x16 ./Core/Src/main.o
 .debug_macro   0x00033dea      0x15b ./Core/Src/nodeSort.o
 .debug_macro   0x00033f45       0x5b ./Core/Src/nodeSort.o
 .debug_macro   0x00033fa0       0x94 ./Core/Src/nodeSort.o
 .debug_macro   0x00034034       0x57 ./Core/Src/nodeSort.o
 .debug_macro   0x0003408b      0x169 ./Core/Src/process.o
 .debug_macro   0x000341f4      0x2a2 ./Core/Src/stm32h7xx_hal_msp.o
 .debug_macro   0x00034496      0x2ac ./Core/Src/stm32h7xx_it.o
 .debug_macro   0x00034742      0x293 ./Core/Src/system_stm32h7xx.o
 .debug_macro   0x000349d5      0x2bd ./Drivers/STM32H7xx_HAL_Driver/Src/stm32h7xx_hal.o
 .debug_macro   0x00034c92      0x293 ./Drivers/STM32H7xx_HAL_Driver/Src/stm32h7xx_hal_cortex.o
 .debug_macro   0x00034f25      0x2e7 ./Drivers/STM32H7xx_HAL_Driver/Src/stm32h7xx_hal_dma.o
 .debug_macro   0x0003520c      0x29a ./Drivers/STM32H7xx_HAL_Driver/Src/stm32h7xx_hal_gpio.o
 .debug_macro   0x000354a6      0x2cc ./Drivers/STM32H7xx_HAL_Driver/Src/stm32h7xx_hal_pwr_ex.o
 .debug_macro   0x00035772      0x2b7 ./Drivers/STM32H7xx_HAL_Driver/Src/stm32h7xx_hal_rcc.o
 .debug_macro   0x00035a29      0x2b1 ./Drivers/STM32H7xx_HAL_Driver/Src/stm32h7xx_hal_rcc_ex.o
 .debug_macro   0x00035cda      0x2be ./Drivers/STM32H7xx_HAL_Driver/Src/stm32h7xx_hal_uart.o
 .debug_macro   0x00035f98      0x29f ./Drivers/STM32H7xx_HAL_Driver/Src/stm32h7xx_hal_uart_ex.o

.debug_line     0x00000000    0x11586
 .debug_line    0x00000000      0x757 ./Core/Src/dataLink.o
 .debug_line    0x00000757      0xa4f ./Core/Src/main.o
 .debug_line    0x000011a6      0x62d ./Core/Src/nodeSort.o
 .debug_line    0x000017d3      0x85a ./Core/Src/process.o
 .debug_line    0x0000202d      0x8bb ./Core/Src/stm32h7xx_hal_msp.o
 .debug_line    0x000028e8      0x909 ./Core/Src/stm32h7xx_it.o
 .debug_line    0x000031f1      0xa41 ./Core/Src/system_stm32h7xx.o
 .debug_line    0x00003c32       0x7b ./Core/Startup/startup_stm32h743iitx.o
 .debug_line    0x00003cad      0xe1a ./Drivers/STM32H7xx_HAL_Driver/Src/stm32h7xx_hal.o
 .debug_line    0x00004ac7      0xe04 ./Drivers/STM32H7xx_HAL_Driver/Src/stm32h7xx_hal_cortex.o
 .debug_line    0x000058cb     0x279b ./Drivers/STM32H7xx_HAL_Driver/Src/stm32h7xx_hal_dma.o
 .debug_line    0x00008066      0xca3 ./Drivers/STM32H7xx_HAL_Driver/Src/stm32h7xx_hal_gpio.o
 .debug_line    0x00008d09      0xf9e ./Drivers/STM32H7xx_HAL_Driver/Src/stm32h7xx_hal_pwr_ex.o
 .debug_line    0x00009ca7     0x14c1 ./Drivers/STM32H7xx_HAL_Driver/Src/stm32h7xx_hal_rcc.o
 .debug_line    0x0000b168     0x1dcd ./Drivers/STM32H7xx_HAL_Driver/Src/stm32h7xx_hal_rcc_ex.o
 .debug_line    0x0000cf35     0x38a1 ./Drivers/STM32H7xx_HAL_Driver/Src/stm32h7xx_hal_uart.o
 .debug_line    0x000107d6      0xdb0 ./Drivers/STM32H7xx_HAL_Driver/Src/stm32h7xx_hal_uart_ex.o

.debug_str      0x00000000   0x1578db
 .debug_str     0x00000000   0x1578db ./Core/Src/dataLink.o
                               0x7dcf (size before relaxing)
 .debug_str     0x001578db   0x1534a3 ./Core/Src/main.o
 .debug_str     0x001578db     0x74b2 ./Core/Src/nodeSort.o
 .debug_str     0x001578db     0x752b ./Core/Src/process.o
 .debug_str     0x001578db   0x153a5d ./Core/Src/stm32h7xx_hal_msp.o
 .debug_str     0x001578db   0x152c31 ./Core/Src/stm32h7xx_it.o
 .debug_str     0x001578db   0x152b3b ./Core/Src/system_stm32h7xx.o
 .debug_str     0x001578db       0x87 ./Core/Startup/startup_stm32h743iitx.o
 .debug_str     0x001578db   0x153a12 ./Drivers/STM32H7xx_HAL_Driver/Src/stm32h7xx_hal.o
 .debug_str     0x001578db   0x15344d ./Drivers/STM32H7xx_HAL_Driver/Src/stm32h7xx_hal_cortex.o
 .debug_str     0x001578db   0x153236 ./Drivers/STM32H7xx_HAL_Driver/Src/stm32h7xx_hal_dma.o
 .debug_str     0x001578db   0x152ab3 ./Drivers/STM32H7xx_HAL_Driver/Src/stm32h7xx_hal_gpio.o
 .debug_str     0x001578db   0x152f74 ./Drivers/STM32H7xx_HAL_Driver/Src/stm32h7xx_hal_pwr_ex.o
 .debug_str     0x001578db   0x152e97 ./Drivers/STM32H7xx_HAL_Driver/Src/stm32h7xx_hal_rcc.o
 .debug_str     0x001578db   0x153378 ./Drivers/STM32H7xx_HAL_Driver/Src/stm32h7xx_hal_rcc_ex.o
 .debug_str     0x001578db   0x1539d8 ./Drivers/STM32H7xx_HAL_Driver/Src/stm32h7xx_hal_uart.o
 .debug_str     0x001578db   0x152f98 ./Drivers/STM32H7xx_HAL_Driver/Src/stm32h7xx_hal_uart_ex.o

.comment        0x00000000       0x43
 .comment       0x00000000       0x43 ./Core/Src/dataLink.o
                                 0x44 (size before relaxing)
 .comment       0x00000043       0x44 ./Core/Src/main.o
 .comment       0x00000043       0x44 ./Core/Src/nodeSort.o
 .comment       0x00000043       0x44 ./Core/Src/process.o
 .comment       0x00000043       0x44 ./Core/Src/stm32h7xx_hal_msp.o
 .comment       0x00000043       0x44 ./Core/Src/stm32h7xx_it.o
 .comment       0x00000043       0x44 ./Core/Src/system_stm32h7xx.o
 .comment       0x00000043       0x44 ./Drivers/STM32H7xx_HAL_Driver/Src/stm32h7xx_hal.o
 .comment       0x00000043       0x44 ./Drivers/STM32H7xx_HAL_Driver/Src/stm32h7xx_hal_cortex.o
 .comment       0x00000043       0x44 ./Drivers/STM32H7xx_HAL_Driver/Src/stm32h7xx_hal_dma.o
 .comment       0x00000043       0x44 ./Drivers/STM32H7xx_HAL_Driver/Src/stm32h7xx_hal_gpio.o
 .comment       0x00000043       0x44 ./Drivers/STM32H7xx_HAL_Driver/Src/stm32h7xx_hal_pwr_ex.o
 .comment       0x00000043       0x44 ./Drivers/STM32H7xx_HAL_Driver/Src/stm32h7xx_hal_rcc.o
 .comment       0x00000043       0x44 ./Drivers/STM32H7xx_HAL_Driver/Src/stm32h7xx_hal_rcc_ex.o
 .comment       0x00000043       0x44 ./Drivers/STM32H7xx_HAL_Driver/Src/stm32h7xx_hal_uart.o
 .comment       0x00000043       0x44 ./Drivers/STM32H7xx_HAL_Driver/Src/stm32h7xx_hal_uart_ex.o

.debug_frame    0x00000000     0x30b0
 .debug_frame   0x00000000       0x60 ./Core/Src/dataLink.o
 .debug_frame   0x00000060       0xf4 ./Core/Src/main.o
 .debug_frame   0x00000154       0x38 ./Core/Src/nodeSort.o
 .debug_frame   0x0000018c      0x120 ./Core/Src/process.o
 .debug_frame   0x000002ac       0x84 ./Core/Src/stm32h7xx_hal_msp.o
 .debug_frame   0x00000330      0x120 ./Core/Src/stm32h7xx_it.o
 .debug_frame   0x00000450       0x78 ./Core/Src/system_stm32h7xx.o
 .debug_frame   0x000004c8      0x690 ./Drivers/STM32H7xx_HAL_Driver/Src/stm32h7xx_hal.o
 .debug_frame   0x00000b58      0x508 ./Drivers/STM32H7xx_HAL_Driver/Src/stm32h7xx_hal_cortex.o
 .debug_frame   0x00001060      0x2b4 ./Drivers/STM32H7xx_HAL_Driver/Src/stm32h7xx_hal_dma.o
 .debug_frame   0x00001314      0x14c ./Drivers/STM32H7xx_HAL_Driver/Src/stm32h7xx_hal_gpio.o
 .debug_frame   0x00001460      0x580 ./Drivers/STM32H7xx_HAL_Driver/Src/stm32h7xx_hal_pwr_ex.o
 .debug_frame   0x000019e0      0x1f8 ./Drivers/STM32H7xx_HAL_Driver/Src/stm32h7xx_hal_rcc.o
 .debug_frame   0x00001bd8      0x414 ./Drivers/STM32H7xx_HAL_Driver/Src/stm32h7xx_hal_rcc_ex.o
 .debug_frame   0x00001fec      0xa94 ./Drivers/STM32H7xx_HAL_Driver/Src/stm32h7xx_hal_uart.o
 .debug_frame   0x00002a80      0x2c0 ./Drivers/STM32H7xx_HAL_Driver/Src/stm32h7xx_hal_uart_ex.o
 .debug_frame   0x00002d40       0x30 /Applications/STM32CubeIDE.app/Contents/Eclipse/plugins/com.st.stm32cube.ide.mcu.externaltools.gnu-tools-for-stm32.13.3.rel1.macos64_1.0.0.202411102158/tools/bin/../lib/gcc/arm-none-eabi/13.3.1/../../../../arm-none-eabi/lib/thumb/v7e-m+dp/hard/libc_nano.a(libc_a-atoi.o)
 .debug_frame   0x00002d70      0x144 /Applications/STM32CubeIDE.app/Contents/Eclipse/plugins/com.st.stm32cube.ide.mcu.externaltools.gnu-tools-for-stm32.13.3.rel1.macos64_1.0.0.202411102158/tools/bin/../lib/gcc/arm-none-eabi/13.3.1/../../../../arm-none-eabi/lib/thumb/v7e-m+dp/hard/libc_nano.a(libc_a-findfp.o)
 .debug_frame   0x00002eb4       0x64 /Applications/STM32CubeIDE.app/Contents/Eclipse/plugins/com.st.stm32cube.ide.mcu.externaltools.gnu-tools-for-stm32.13.3.rel1.macos64_1.0.0.202411102158/tools/bin/../lib/gcc/arm-none-eabi/13.3.1/../../../../arm-none-eabi/lib/thumb/v7e-m+dp/hard/libc_nano.a(libc_a-strtol.o)
 .debug_frame   0x00002f18       0x64 /Applications/STM32CubeIDE.app/Contents/Eclipse/plugins/com.st.stm32cube.ide.mcu.externaltools.gnu-tools-for-stm32.13.3.rel1.macos64_1.0.0.202411102158/tools/bin/../lib/gcc/arm-none-eabi/13.3.1/../../../../arm-none-eabi/lib/thumb/v7e-m+dp/hard/libc_nano.a(libc_a-strtoul.o)
 .debug_frame   0x00002f7c       0x20 /Applications/STM32CubeIDE.app/Contents/Eclipse/plugins/com.st.stm32cube.ide.mcu.externaltools.gnu-tools-for-stm32.13.3.rel1.macos64_1.0.0.202411102158/tools/bin/../lib/gcc/arm-none-eabi/13.3.1/../../../../arm-none-eabi/lib/thumb/v7e-m+dp/hard/libc_nano.a(libc_a-memset.o)
 .debug_frame   0x00002f9c       0x40 /Applications/STM32CubeIDE.app/Contents/Eclipse/plugins/com.st.stm32cube.ide.mcu.externaltools.gnu-tools-for-stm32.13.3.rel1.macos64_1.0.0.202411102158/tools/bin/../lib/gcc/arm-none-eabi/13.3.1/../../../../arm-none-eabi/lib/thumb/v7e-m+dp/hard/libc_nano.a(libc_a-strtok_r.o)
 .debug_frame   0x00002fdc       0x20 /Applications/STM32CubeIDE.app/Contents/Eclipse/plugins/com.st.stm32cube.ide.mcu.externaltools.gnu-tools-for-stm32.13.3.rel1.macos64_1.0.0.202411102158/tools/bin/../lib/gcc/arm-none-eabi/13.3.1/../../../../arm-none-eabi/lib/thumb/v7e-m+dp/hard/libc_nano.a(libc_a-errno.o)
 .debug_frame   0x00002ffc       0x2c /Applications/STM32CubeIDE.app/Contents/Eclipse/plugins/com.st.stm32cube.ide.mcu.externaltools.gnu-tools-for-stm32.13.3.rel1.macos64_1.0.0.202411102158/tools/bin/../lib/gcc/arm-none-eabi/13.3.1/../../../../arm-none-eabi/lib/thumb/v7e-m+dp/hard/libc_nano.a(libc_a-init.o)
 .debug_frame   0x00003028       0x28 /Applications/STM32CubeIDE.app/Contents/Eclipse/plugins/com.st.stm32cube.ide.mcu.externaltools.gnu-tools-for-stm32.13.3.rel1.macos64_1.0.0.202411102158/tools/bin/../lib/gcc/arm-none-eabi/13.3.1/../../../../arm-none-eabi/lib/thumb/v7e-m+dp/hard/libc_nano.a(libc_a-memcpy-stub.o)
 .debug_frame   0x00003050       0x2c /Applications/STM32CubeIDE.app/Contents/Eclipse/plugins/com.st.stm32cube.ide.mcu.externaltools.gnu-tools-for-stm32.13.3.rel1.macos64_1.0.0.202411102158/tools/bin/../lib/gcc/arm-none-eabi/13.3.1/thumb/v7e-m+dp/hard/libgcc.a(_aeabi_uldivmod.o)
 .debug_frame   0x0000307c       0x34 /Applications/STM32CubeIDE.app/Contents/Eclipse/plugins/com.st.stm32cube.ide.mcu.externaltools.gnu-tools-for-stm32.13.3.rel1.macos64_1.0.0.202411102158/tools/bin/../lib/gcc/arm-none-eabi/13.3.1/thumb/v7e-m+dp/hard/libgcc.a(_udivmoddi4.o)

.debug_line_str
                0x00000000       0x6b
 .debug_line_str
                0x00000000       0x6b ./Core/Startup/startup_stm32h743iitx.o
