Archive member included to satisfy reference by file (symbol)

C:\Users\Hassa\Documents\GitHub\BCIT\BEngCapstone\STM32H743-DSP\Lib\libarm_cortexM7lfsp_math.a(arm_fill_f32.o)
                              ./Core/Src/main.o (arm_fill_f32)
C:\Users\Hassa\Documents\GitHub\BCIT\BEngCapstone\STM32H743-DSP\Lib\libarm_cortexM7lfsp_math.a(arm_copy_f32.o)
                              ./Core/Src/main.o (arm_copy_f32)
C:\Users\Hassa\Documents\GitHub\BCIT\BEngCapstone\STM32H743-DSP\Lib\libarm_cortexM7lfsp_math.a(arm_rfft_fast_init_f32.o)
                              ./Core/Src/main.o (arm_rfft_fast_init_f32)
C:\Users\Hassa\Documents\GitHub\BCIT\BEngCapstone\STM32H743-DSP\Lib\libarm_cortexM7lfsp_math.a(arm_rfft_fast_f32.o)
                              ./Core/Src/partitioned_fir_convolution_fft.o (arm_rfft_fast_f32)
C:\Users\Hassa\Documents\GitHub\BCIT\BEngCapstone\STM32H743-DSP\Lib\libarm_cortexM7lfsp_math.a(arm_cfft_f32.o)
                              C:\Users\Hassa\Documents\GitHub\BCIT\BEngCapstone\STM32H743-DSP\Lib\libarm_cortexM7lfsp_math.a(arm_rfft_fast_f32.o) (arm_cfft_f32)
C:\Users\Hassa\Documents\GitHub\BCIT\BEngCapstone\STM32H743-DSP\Lib\libarm_cortexM7lfsp_math.a(arm_biquad_cascade_df1_init_f32.o)
                              ./Core/Src/_MULTI_FX_EFFECTS/FX_Definitions/supro_simulation_f32.o (arm_biquad_cascade_df1_init_f32)
C:\Users\Hassa\Documents\GitHub\BCIT\BEngCapstone\STM32H743-DSP\Lib\libarm_cortexM7lfsp_math.a(arm_biquad_cascade_df1_f32.o)
                              ./Core/Src/_MULTI_FX_EFFECTS/FX_Definitions/supro_simulation_f32.o (arm_biquad_cascade_df1_f32)
C:\Users\Hassa\Documents\GitHub\BCIT\BEngCapstone\STM32H743-DSP\Lib\libarm_cortexM7lfsp_math.a(arm_scale_f32.o)
                              ./Core/Src/_MULTI_FX_EFFECTS/FX_Definitions/cabinet_simulation_f32.o (arm_scale_f32)
C:\Users\Hassa\Documents\GitHub\BCIT\BEngCapstone\STM32H743-DSP\Lib\libarm_cortexM7lfsp_math.a(arm_offset_f32.o)
                              ./Core/Src/pipe.o (arm_offset_f32)
C:\Users\Hassa\Documents\GitHub\BCIT\BEngCapstone\STM32H743-DSP\Lib\libarm_cortexM7lfsp_math.a(arm_mult_f32.o)
                              ./Core/Src/_MULTI_FX_EFFECTS/FX_Definitions/supro_simulation_f32.o (arm_mult_f32)
C:\Users\Hassa\Documents\GitHub\BCIT\BEngCapstone\STM32H743-DSP\Lib\libarm_cortexM7lfsp_math.a(arm_add_f32.o)
                              ./Core/Src/_MULTI_FX_EFFECTS/FX_Definitions/supro_simulation_f32.o (arm_add_f32)
C:\Users\Hassa\Documents\GitHub\BCIT\BEngCapstone\STM32H743-DSP\Lib\libarm_cortexM7lfsp_math.a(arm_common_tables.o)
                              C:\Users\Hassa\Documents\GitHub\BCIT\BEngCapstone\STM32H743-DSP\Lib\libarm_cortexM7lfsp_math.a(arm_rfft_fast_init_f32.o) (twiddleCoef_rfft_4096)
C:\Users\Hassa\Documents\GitHub\BCIT\BEngCapstone\STM32H743-DSP\Lib\libarm_cortexM7lfsp_math.a(arm_bitreversal2.o)
                              C:\Users\Hassa\Documents\GitHub\BCIT\BEngCapstone\STM32H743-DSP\Lib\libarm_cortexM7lfsp_math.a(arm_cfft_f32.o) (arm_bitreversal_32)
C:\Users\Hassa\Documents\GitHub\BCIT\BEngCapstone\STM32H743-DSP\Lib\libarm_cortexM7lfsp_math.a(arm_cfft_radix8_f32.o)
                              C:\Users\Hassa\Documents\GitHub\BCIT\BEngCapstone\STM32H743-DSP\Lib\libarm_cortexM7lfsp_math.a(arm_cfft_f32.o) (arm_radix8_butterfly_f32)
C:/ST/STM32CubeIDE_1.18.0/STM32CubeIDE/plugins/com.st.stm32cube.ide.mcu.externaltools.gnu-tools-for-stm32.13.3.rel1.win32_1.0.0.202411081344/tools/bin/../lib/gcc/arm-none-eabi/13.3.1/../../../../arm-none-eabi/lib/thumb/v7e-m+dp/hard\libc_nano.a(libc_a-exit.o)
                              C:/ST/STM32CubeIDE_1.18.0/STM32CubeIDE/plugins/com.st.stm32cube.ide.mcu.externaltools.gnu-tools-for-stm32.13.3.rel1.win32_1.0.0.202411081344/tools/bin/../lib/gcc/arm-none-eabi/13.3.1/../../../../arm-none-eabi/lib/thumb/v7e-m+dp/hard/crt0.o (exit)
C:/ST/STM32CubeIDE_1.18.0/STM32CubeIDE/plugins/com.st.stm32cube.ide.mcu.externaltools.gnu-tools-for-stm32.13.3.rel1.win32_1.0.0.202411081344/tools/bin/../lib/gcc/arm-none-eabi/13.3.1/../../../../arm-none-eabi/lib/thumb/v7e-m+dp/hard\libc_nano.a(libc_a-rand.o)
                              ./Core/Src/main.o (srand)
C:/ST/STM32CubeIDE_1.18.0/STM32CubeIDE/plugins/com.st.stm32cube.ide.mcu.externaltools.gnu-tools-for-stm32.13.3.rel1.win32_1.0.0.202411081344/tools/bin/../lib/gcc/arm-none-eabi/13.3.1/../../../../arm-none-eabi/lib/thumb/v7e-m+dp/hard\libc_nano.a(libc_a-findfp.o)
                              C:/ST/STM32CubeIDE_1.18.0/STM32CubeIDE/plugins/com.st.stm32cube.ide.mcu.externaltools.gnu-tools-for-stm32.13.3.rel1.win32_1.0.0.202411081344/tools/bin/../lib/gcc/arm-none-eabi/13.3.1/../../../../arm-none-eabi/lib/thumb/v7e-m+dp/hard\libc_nano.a(libc_a-exit.o) (__stdio_exit_handler)
C:/ST/STM32CubeIDE_1.18.0/STM32CubeIDE/plugins/com.st.stm32cube.ide.mcu.externaltools.gnu-tools-for-stm32.13.3.rel1.win32_1.0.0.202411081344/tools/bin/../lib/gcc/arm-none-eabi/13.3.1/../../../../arm-none-eabi/lib/thumb/v7e-m+dp/hard\libc_nano.a(libc_a-fwalk.o)
[...]
Memory Configuration

Name             Origin             Length             Attributes
FLASH            0x08000000         0x00200000         xr
DTCMRAM          0x20000000         0x00020000         xrw
RAM_D1           0x24000000         0x00080000         xrw
RAM_D2           0x30000000         0x00048000         xrw
RAM_D3           0x38000000         0x00010000         xrw
ITCMRAM          0x00000000         0x00010000         xrw
*default*        0x00000000         0xffffffff

Linker script and memory map

LOAD C:/ST/STM32CubeIDE_1.18.0/STM32CubeIDE/plugins/com.st.stm32cube.ide.mcu.externaltools.gnu-tools-for-stm32.13.3.rel1.win32_1.0.0.202411081344/tools/bin/../lib/gcc/arm-none-eabi/13.3.1/thumb/v7e-m+dp/hard/crti.o
LOAD C:/ST/STM32CubeIDE_1.18.0/STM32CubeIDE/plugins/com.st.stm32cube.ide.mcu.externaltools.gnu-tools-for-stm32.13.3.rel1.win32_1.0.0.202411081344/tools/bin/../lib/gcc/arm-none-eabi/13.3.1/thumb/v7e-m+dp/hard/crtbegin.o
LOAD C:/ST/STM32CubeIDE_1.18.0/STM32CubeIDE/plugins/com.st.stm32cube.ide.mcu.externaltools.gnu-tools-for-stm32.13.3.rel1.win32_1.0.0.202411081344/tools/bin/../lib/gcc/arm-none-eabi/13.3.1/../../../../arm-none-eabi/lib/thumb/v7e-m+dp/hard/crt0.o
LOAD ./Core/Src/_MULTI_FX_EFFECTS/FX_Definitions/cabinet_simulation_f32.o
LOAD ./Core/Src/_MULTI_FX_EFFECTS/FX_Definitions/chorus_f32.o
LOAD ./Core/Src/_MULTI_FX_EFFECTS/FX_Definitions/convolution_reverb_f32.o
LOAD ./Core/Src/_MULTI_FX_EFFECTS/FX_Definitions/null_f32.o
LOAD ./Core/Src/_MULTI_FX_EFFECTS/FX_Definitions/phaser_f32.o
LOAD ./Core/Src/_MULTI_FX_EFFECTS/FX_Definitions/supro_simulation_f32.o
LOAD ./Core/Src/_MULTI_FX_EFFECTS/IR_Definitions/OD-M212-VINT-DYN-201-P05-00.o
LOAD ./Core/Src/_MULTI_FX_EFFECTS/IR_Definitions/emt_140_dark_3.o
LOAD ./Core/Src/_MULTI_FX_EFFECTS/IR_Definitions/h1_gaincorrected.o
LOAD ./Core/Src/_MULTI_FX_EFFECTS/IR_Definitions/h2_gaincorrected.o
LOAD ./Core/Src/_MULTI_FX_EFFECTS/IR_Definitions/h3_gaincorrected.o
LOAD ./Core/Src/_MULTI_FX_MEM/mem_manager_multi_fx.o
LOAD ./Core/Src/main.o
LOAD ./Core/Src/partitioned_fir_convolution_fft.o
LOAD ./Core/Src/pipe.o
LOAD ./Core/Src/stm32h7xx_hal_msp.o
LOAD ./Core/Src/stm32h7xx_it.o
LOAD ./Core/Src/syscalls.o
LOAD ./Core/Src/sysmem.o
LOAD ./Core/Src/system_stm32h7xx.o
LOAD ./Core/Startup/startup_stm32h743iitx.o
LOAD ./Drivers/STM32H7xx_HAL_Driver/Src/stm32h7xx_hal.o
LOAD ./Drivers/STM32H7xx_HAL_Driver/Src/stm32h7xx_hal_adc.o
LOAD ./Drivers/STM32H7xx_HAL_Driver/Src/stm32h7xx_hal_adc_ex.o
LOAD ./Drivers/STM32H7xx_HAL_Driver/Src/stm32h7xx_hal_cortex.o
LOAD ./Drivers/STM32H7xx_HAL_Driver/Src/stm32h7xx_hal_dac.o
LOAD ./Drivers/STM32H7xx_HAL_Driver/Src/stm32h7xx_hal_dac_ex.o
LOAD ./Drivers/STM32H7xx_HAL_Driver/Src/stm32h7xx_hal_dma.o
LOAD ./Drivers/STM32H7xx_HAL_Driver/Src/stm32h7xx_hal_dma_ex.o
LOAD ./Drivers/STM32H7xx_HAL_Driver/Src/stm32h7xx_hal_exti.o
LOAD ./Drivers/STM32H7xx_HAL_Driver/Src/stm32h7xx_hal_flash.o
LOAD ./Drivers/STM32H7xx_HAL_Driver/Src/stm32h7xx_hal_flash_ex.o
LOAD ./Drivers/STM32H7xx_HAL_Driver/Src/stm32h7xx_hal_gpio.o
LOAD ./Drivers/STM32H7xx_HAL_Driver/Src/stm32h7xx_hal_hsem.o
LOAD ./Drivers/STM32H7xx_HAL_Driver/Src/stm32h7xx_hal_i2c.o
LOAD ./Drivers/STM32H7xx_HAL_Driver/Src/stm32h7xx_hal_i2c_ex.o
LOAD ./Drivers/STM32H7xx_HAL_Driver/Src/stm32h7xx_hal_mdma.o
LOAD ./Drivers/STM32H7xx_HAL_Driver/Src/stm32h7xx_hal_pwr.o
LOAD ./Drivers/STM32H7xx_HAL_Driver/Src/stm32h7xx_hal_pwr_ex.o
LOAD ./Drivers/STM32H7xx_HAL_Driver/Src/stm32h7xx_hal_rcc.o
LOAD ./Drivers/STM32H7xx_HAL_Driver/Src/stm32h7xx_hal_rcc_ex.o
LOAD ./Drivers/STM32H7xx_HAL_Driver/Src/stm32h7xx_hal_tim.o
LOAD ./Drivers/STM32H7xx_HAL_Driver/Src/stm32h7xx_hal_tim_ex.o
LOAD C:\Users\Hassa\Documents\GitHub\BCIT\BEngCapstone\STM32H743-DSP\Lib\libarm_cortexM7lfsp_math.a
START GROUP
LOAD C:/ST/STM32CubeIDE_1.18.0/STM32CubeIDE/plugins/com.st.stm32cube.ide.mcu.externaltools.gnu-tools-for-stm32.13.3.rel1.win32_1.0.0.202411081344/tools/bin/../lib/gcc/arm-none-eabi/13.3.1/../../../../arm-none-eabi/lib/thumb/v7e-m+dp/hard\libc_nano.a
LOAD C:/ST/STM32CubeIDE_1.18.0/STM32CubeIDE/plugins/com.st.stm32cube.ide.mcu.externaltools.gnu-tools-for-stm32.13.3.rel1.win32_1.0.0.202411081344/tools/bin/../lib/gcc/arm-none-eabi/13.3.1/../../../../arm-none-eabi/lib/thumb/v7e-m+dp/hard\libm.a
END GROUP
START GROUP
LOAD C:/ST/STM32CubeIDE_1.18.0/STM32CubeIDE/plugins/com.st.stm32cube.ide.mcu.externaltools.gnu-tools-for-stm32.13.3.rel1.win32_1.0.0.202411081344/tools/bin/../lib/gcc/arm-none-eabi/13.3.1/thumb/v7e-m+dp/hard\libgcc.a
LOAD C:/ST/STM32CubeIDE_1.18.0/STM32CubeIDE/plugins/com.st.stm32cube.ide.mcu.externaltools.gnu-tools-for-stm32.13.3.rel1.win32_1.0.0.202411081344/tools/bin/../lib/gcc/arm-none-eabi/13.3.1/../../../../arm-none-eabi/lib/thumb/v7e-m+dp/hard\libc_nano.a
END GROUP
START GROUP
LOAD C:/ST/STM32CubeIDE_1.18.0/STM32CubeIDE/plugins/com.st.stm32cube.ide.mcu.externaltools.gnu-tools-for-stm32.13.3.rel1.win32_1.0.0.202411081344/tools/bin/../lib/gcc/arm-none-eabi/13.3.1/thumb/v7e-m+dp/hard\libgcc.a
LOAD C:/ST/STM32CubeIDE_1.18.0/STM32CubeIDE/plugins/com.st.stm32cube.ide.mcu.externaltools.gnu-tools-for-stm32.13.3.rel1.win32_1.0.0.202411081344/tools/bin/../lib/gcc/arm-none-eabi/13.3.1/../../../../arm-none-eabi/lib/thumb/v7e-m+dp/hard\libc_nano.a
LOAD C:/ST/STM32CubeIDE_1.18.0/STM32CubeIDE/plugins/com.st.stm32cube.ide.mcu.externaltools.gnu-tools-for-stm32.13.3.rel1.win32_1.0.0.202411081344/tools/bin/../lib/gcc/arm-none-eabi/13.3.1/../../../../arm-none-eabi/lib/thumb/v7e-m+dp/hard\libnosys.a
END GROUP
START GROUP
LOAD C:/ST/STM32CubeIDE_1.18.0/STM32CubeIDE/plugins/com.st.stm32cube.ide.mcu.externaltools.gnu-tools-for-stm32.13.3.rel1.win32_1.0.0.202411081344/tools/bin/../lib/gcc/arm-none-eabi/13.3.1/thumb/v7e-m+dp/hard\libgcc.a
LOAD C:/ST/STM32CubeIDE_1.18.0/STM32CubeIDE/plugins/com.st.stm32cube.ide.mcu.externaltools.gnu-tools-for-stm32.13.3.rel1.win32_1.0.0.202411081344/tools/bin/../lib/gcc/arm-none-eabi/13.3.1/../../../../arm-none-eabi/lib/thumb/v7e-m+dp/hard\libc_nano.a
LOAD C:/ST/STM32CubeIDE_1.18.0/STM32CubeIDE/plugins/com.st.stm32cube.ide.mcu.externaltools.gnu-tools-for-stm32.13.3.rel1.win32_1.0.0.202411081344/tools/bin/../lib/gcc/arm-none-eabi/13.3.1/../../../../arm-none-eabi/lib/thumb/v7e-m+dp/hard\libnosys.a
END GROUP
LOAD C:/ST/STM32CubeIDE_1.18.0/STM32CubeIDE/plugins/com.st.stm32cube.ide.mcu.externaltools.gnu-tools-for-stm32.13.3.rel1.win32_1.0.0.202411081344/tools/bin/../lib/gcc/arm-none-eabi/13.3.1/thumb/v7e-m+dp/hard/crtend.o
LOAD C:/ST/STM32CubeIDE_1.18.0/STM32CubeIDE/plugins/com.st.stm32cube.ide.mcu.externaltools.gnu-tools-for-stm32.13.3.rel1.win32_1.0.0.202411081344/tools/bin/../lib/gcc/arm-none-eabi/13.3.1/thumb/v7e-m+dp/hard/crtn.o
                0x24080000                        _estack = (ORIGIN (RAM_D1) + LENGTH (RAM_D1))
                0x00000200                        _Min_Heap_Size = 0x200
                0x00000400                        _Min_Stack_Size = 0x400

.isr_vector     0x08000000      0x298
                0x08000000                        . = ALIGN (0x4)
 *(.isr_vector)
 .isr_vector    0x08000000      0x298 ./Core/Startup/startup_stm32h743iitx.o
                0x08000000                g_pfnVectors
                0x08000298                        . = ALIGN (0x4)

.text           0x080002a0     0x9c5c
                0x080002a0                        . = ALIGN (0x4)
 *(.text)
 .text          0x080002a0       0x40 C:/ST/STM32CubeIDE_1.18.0/STM32CubeIDE/plugins/com.st.stm32cube.ide.mcu.externaltools.gnu-tools-for-stm32.13.3.rel1.win32_1.0.0.202411081344/tools/bin/../lib/gcc/arm-none-eabi/13.3.1/thumb/v7e-m+dp/hard/crtbegin.o
 .text          0x080002e0       0xc0 C:\Users\Hassa\Documents\GitHub\BCIT\BEngCapstone\STM32H743-DSP\Lib\libarm_cortexM7lfsp_math.a(arm_bitreversal2.o)
                0x080002e0                arm_bitreversal_32
                0x0800034a                arm_bitreversal_16
 .text          0x080003a0       0xa0 C:/ST/STM32CubeIDE_1.18.0/STM32CubeIDE/plugins/com.st.stm32cube.ide.mcu.externaltools.gnu-tools-for-stm32.13.3.rel1.win32_1.0.0.202411081344/tools/bin/../lib/gcc/arm-none-eabi/13.3.1/../../../../arm-none-eabi/lib/thumb/v7e-m+dp/hard\libc_nano.a(libc_a-memchr.o)
                0x080003a0                memchr
 .text          0x08000440      0x378 C:/ST/STM32CubeIDE_1.18.0/STM32CubeIDE/plugins/com.st.stm32cube.ide.mcu.externaltools.gnu-tools-for-stm32.13.3.rel1.win32_1.0.0.202411081344/tools/bin/../lib/gcc/arm-none-eabi/13.3.1/thumb/v7e-m+dp/hard\libgcc.a(_arm_addsubdf3.o)
                0x08000440                __aeabi_drsub
                0x08000448                __aeabi_dsub
                0x08000448                __subdf3
                0x0800044c                __aeabi_dadd
                0x0800044c                __adddf3
                0x080006c4                __floatunsidf
                0x080006c4                __aeabi_ui2d
                0x080006e4                __floatsidf
                0x080006e4                __aeabi_i2d
                0x08000708                __aeabi_f2d
                0x08000708                __extendsfdf2
                0x0800074c                __floatundidf
                0x0800074c                __aeabi_ul2d
                0x0800075c                __floatdidf
                0x0800075c                __aeabi_l2d
 *(.text*)
 .text.cabinet_simulation_f32_process
                0x080007b8       0x2c ./Core/Src/_MULTI_FX_EFFECTS/FX_Definitions/cabinet_simulation_f32.o
 .text.fx_cabinet_clean
                0x080007e4       0x24 ./Core/Src/_MULTI_FX_EFFECTS/FX_Definitions/cabinet_simulation_f32.o
                0x080007e4                fx_cabinet_clean
 .text.fx_cabinet_parameters
                0x08000808        0x4 ./Core/Src/_MULTI_FX_EFFECTS/FX_Definitions/cabinet_simulation_f32.o
                0x08000808                fx_cabinet_parameters
 .text.fx_cabinet_init
                0x0800080c       0x8c ./Core/Src/_MULTI_FX_EFFECTS/FX_Definitions/cabinet_simulation_f32.o
                0x0800080c                fx_cabinet_init
 .text.fx_chorus_clean
                0x08000898       0x1c ./Core/Src/_MULTI_FX_EFFECTS/FX_Definitions/chorus_f32.o
                0x08000898                fx_chorus_clean
 *fill*         0x080008b4        0x4 
 .text.chorus_f32_process
                0x080008b8      0x144 ./Core/Src/_MULTI_FX_EFFECTS/FX_Definitions/chorus_f32.o
 .text.fx_chorus_parameters
                0x080009fc        0x8 ./Core/Src/_MULTI_FX_EFFECTS/FX_Definitions/chorus_f32.o
                0x080009fc                fx_chorus_parameters
 .text.fx_chorus_init
                0x08000a04       0xac ./Core/Src/_MULTI_FX_EFFECTS/FX_Definitions/chorus_f32.o
                0x08000a04                fx_chorus_init
 .text.convolution_reverb_f32_process
                0x08000ab0       0x28 ./Core/Src/_MULTI_FX_EFFECTS/FX_Definitions/convolution_reverb_f32.o
 .text.fx_reverb_parameters
                0x08000ad8        0x4 ./Core/Src/_MULTI_FX_EFFECTS/FX_Definitions/convolution_reverb_f32.o
                0x08000ad8                fx_reverb_parameters
 .text.fx_reverb_init
                0x08000adc       0x8c ./Core/Src/_MULTI_FX_EFFECTS/FX_Definitions/convolution_reverb_f32.o
                0x08000adc                fx_reverb_init
 .text.fx_reverb_clean
                0x08000b68       0x24 ./Core/Src/_MULTI_FX_EFFECTS/FX_Definitions/convolution_reverb_f32.o
                0x08000b68                fx_reverb_clean
 .text.fx_null_process
                0x08000b8c        0x4 ./Core/Src/_MULTI_FX_EFFECTS/FX_Definitions/null_f32.o
 .text.fx_null_clean
                0x08000b90        0x4 ./Core/Src/_MULTI_FX_EFFECTS/FX_Definitions/null_f32.o
 .text.fx_null_init
                0x08000b94       0x14 ./Core/Src/_MULTI_FX_EFFECTS/FX_Definitions/null_f32.o
                0x08000b94                fx_null_init
 .text.fx_null_parameters
                0x08000ba8        0x4 ./Core/Src/_MULTI_FX_EFFECTS/FX_Definitions/null_f32.o
                0x08000ba8                fx_null_parameters
 .text.fx_phaser_clean
                0x08000bac       0x1c ./Core/Src/_MULTI_FX_EFFECTS/FX_Definitions/phaser_f32.o
                0x08000bac                fx_phaser_clean
 .text.phaser_f32_process
                0x08000bc8       0xc0 ./Core/Src/_MULTI_FX_EFFECTS/FX_Definitions/phaser_f32.o
 .text.fx_phaser_init
                0x08000c88       0x9c ./Core/Src/_MULTI_FX_EFFECTS/FX_Definitions/phaser_f32.o
                0x08000c88                fx_phaser_init
 .text.fx_phaser_parameters
                0x08000d24        0x8 ./Core/Src/_MULTI_FX_EFFECTS/FX_Definitions/phaser_f32.o
                0x08000d24                fx_phaser_parameters
 .text.supro_simulation_f32_process
                0x08000d2c      0x2d0 ./Core/Src/_MULTI_FX_EFFECTS/FX_Definitions/supro_simulation_f32.o
 .text.fx_supro_parameters
                0x08000ffc        0x4 ./Core/Src/_MULTI_FX_EFFECTS/FX_Definitions/supro_simulation_f32.o
                0x08000ffc                fx_supro_parameters
 .text.fx_supro_init
                0x08001000      0x138 ./Core/Src/_MULTI_FX_EFFECTS/FX_Definitions/supro_simulation_f32.o
                0x08001000                fx_supro_init
 .text.fir_OD_M212_VINT_DYN_201_P05_00_f32_init
                0x08001138       0x28 ./Core/Src/_MULTI_FX_EFFECTS/IR_Definitions/OD-M212-VINT-DYN-201-P05-00.o
                0x08001138                fir_OD_M212_VINT_DYN_201_P05_00_f32_init
 .text.fir_OD_M212_VINT_DYN_201_P05_00_f32_clean
                0x08001160        0xc ./Core/Src/_MULTI_FX_EFFECTS/IR_Definitions/OD-M212-VINT-DYN-201-P05-00.o
                0x08001160                fir_OD_M212_VINT_DYN_201_P05_00_f32_clean
 .text.fir_emt_140_dark_3_f32_init
                0x0800116c       0x48 ./Core/Src/_MULTI_FX_EFFECTS/IR_Definitions/emt_140_dark_3.o
                0x0800116c                fir_emt_140_dark_3_f32_init
 .text.fir_emt_140_dark_3_f32_clean
                0x080011b4       0x40 ./Core/Src/_MULTI_FX_EFFECTS/IR_Definitions/emt_140_dark_3.o
                0x080011b4                fir_emt_140_dark_3_f32_clean
 .text.fir_h1_f32_init
                0x080011f4       0x28 ./Core/Src/_MULTI_FX_EFFECTS/IR_Definitions/h1_gaincorrected.o
                0x080011f4                fir_h1_f32_init
 .text.fir_h1_f32_init_clean
                0x0800121c        0xc ./Core/Src/_MULTI_FX_EFFECTS/IR_Definitions/h1_gaincorrected.o
                0x0800121c                fir_h1_f32_init_clean
 .text.fir_h2_f32_init
                0x08001228       0x28 ./Core/Src/_MULTI_FX_EFFECTS/IR_Definitions/h2_gaincorrected.o
                0x08001228                fir_h2_f32_init
 .text.fir_h2_f32_init_clean
                0x08001250        0xc ./Core/Src/_MULTI_FX_EFFECTS/IR_Definitions/h2_gaincorrected.o
                0x08001250                fir_h2_f32_init_clean
 .text.fir_h3_f32_init
                0x0800125c       0x28 ./Core/Src/_MULTI_FX_EFFECTS/IR_Definitions/h3_gaincorrected.o
                0x0800125c                fir_h3_f32_init
 .text.fir_h3_f32_init_clean
                0x08001284        0xc ./Core/Src/_MULTI_FX_EFFECTS/IR_Definitions/h3_gaincorrected.o
                0x08001284                fir_h3_f32_init_clean
 .text.dctm_pool_init
                0x08001290       0x18 ./Core/Src/_MULTI_FX_MEM/mem_manager_multi_fx.o
                0x08001290                dctm_pool_init
 .text.static_pool_init
                0x080012a8       0x3c ./Core/Src/_MULTI_FX_MEM/mem_manager_multi_fx.o
                0x080012a8                static_pool_init
 .text._dctm_static_mem_alloc
                0x080012e4       0x2c ./Core/Src/_MULTI_FX_MEM/mem_manager_multi_fx.o
                0x080012e4                _dctm_static_mem_alloc
 .text._static_mem_alloc
                0x08001310       0x30 ./Core/Src/_MULTI_FX_MEM/mem_manager_multi_fx.o
                0x08001310                _static_mem_alloc
 .text._static_mem_alloc_ram_d2
                0x08001340       0x30 ./Core/Src/_MULTI_FX_MEM/mem_manager_multi_fx.o
                0x08001340                _static_mem_alloc_ram_d2
 .text.HAL_ADC_ConvHalfCpltCallback
                0x08001370       0x40 ./Core/Src/main.o
                0x08001370                HAL_ADC_ConvHalfCpltCallback
 .text.HAL_ADC_ConvCpltCallback
                0x080013b0       0x48 ./Core/Src/main.o
                0x080013b0                HAL_ADC_ConvCpltCallback
 .text.SystemClock_Config
                0x080013f8       0xb8 ./Core/Src/main.o
                0x080013f8                SystemClock_Config
 .text.PeriphCommonClock_Config
                0x080014b0       0x2c ./Core/Src/main.o
                0x080014b0                PeriphCommonClock_Config
 *fill*         0x080014dc        0x4 
 .text.startup.main
                0x080014e0      0x5e4 ./Core/Src/main.o
                0x080014e0                main
 .text.Error_Handler
                0x08001ac4        0x4 ./Core/Src/main.o
                0x08001ac4                Error_Handler
 .text.partitioned_fir_convolution_fft
                0x08001ac8      0x474 ./Core/Src/partitioned_fir_convolution_fft.o
                0x08001ac8                partitioned_fir_convolution_fft
 .text.pipe_getDelayBuffer
                0x08001f3c       0x30 ./Core/Src/pipe.o
                0x08001f3c                pipe_getDelayBuffer
 .text.pipe_loadProcess
                0x08001f6c       0x14 ./Core/Src/pipe.o
 .text.pipe_updateDelayBuffer
                0x08001f80       0x34 ./Core/Src/pipe.o
 .text.pipe_updateDACOutput
                0x08001fb4       0x5c ./Core/Src/pipe.o
 .text.pipe_ADC_Complete
                0x08002010       0x68 ./Core/Src/pipe.o
 .text.pipe_ADC_HalfComplete
                0x08002078       0x60 ./Core/Src/pipe.o
 .text.pipeInit
                0x080020d8       0x60 ./Core/Src/pipe.o
                0x080020d8                pipeInit
 .text.HAL_MspInit
                0x08002138       0x24 ./Core/Src/stm32h7xx_hal_msp.o
                0x08002138                HAL_MspInit
 .text.HAL_ADC_MspInit
                0x0800215c       0xf4 ./Core/Src/stm32h7xx_hal_msp.o
                0x0800215c                HAL_ADC_MspInit
 .text.HAL_DAC_MspInit
                0x08002250       0xc8 ./Core/Src/stm32h7xx_hal_msp.o
                0x08002250                HAL_DAC_MspInit
 .text.HAL_TIM_Base_MspInit
                0x08002318       0x34 ./Core/Src/stm32h7xx_hal_msp.o
                0x08002318                HAL_TIM_Base_MspInit
 .text.NMI_Handler
                0x0800234c        0x4 ./Core/Src/stm32h7xx_it.o
                0x0800234c                NMI_Handler
 .text.HardFault_Handler
                0x08002350        0x4 ./Core/Src/stm32h7xx_it.o
                0x08002350                HardFault_Handler
 .text.MemManage_Handler
                0x08002354        0x4 ./Core/Src/stm32h7xx_it.o
                0x08002354                MemManage_Handler
 .text.BusFault_Handler
                0x08002358        0x4 ./Core/Src/stm32h7xx_it.o
                0x08002358                BusFault_Handler
 .text.UsageFault_Handler
                0x0800235c        0x4 ./Core/Src/stm32h7xx_it.o
                0x0800235c                UsageFault_Handler
 .text.SVC_Handler
                0x08002360        0x4 ./Core/Src/stm32h7xx_it.o
                0x08002360                SVC_Handler
 .text.DebugMon_Handler
                0x08002364        0x4 ./Core/Src/stm32h7xx_it.o
                0x08002364                DebugMon_Handler
 .text.PendSV_Handler
                0x08002368        0x4 ./Core/Src/stm32h7xx_it.o
                0x08002368                PendSV_Handler
 .text.SysTick_Handler
                0x0800236c        0x4 ./Core/Src/stm32h7xx_it.o
                0x0800236c                SysTick_Handler
 .text.DMA1_Stream0_IRQHandler
                0x08002370        0xc ./Core/Src/stm32h7xx_it.o
                0x08002370                DMA1_Stream0_IRQHandler
 .text.DMA1_Stream1_IRQHandler
                0x0800237c        0xc ./Core/Src/stm32h7xx_it.o
                0x0800237c                DMA1_Stream1_IRQHandler
 .text.ADC_IRQHandler
                0x08002388        0xc ./Core/Src/stm32h7xx_it.o
                0x08002388                ADC_IRQHandler
 .text.TIM6_DAC_IRQHandler
                0x08002394        0xc ./Core/Src/stm32h7xx_it.o
                0x08002394                TIM6_DAC_IRQHandler
 .text._getpid  0x080023a0        0x4 ./Core/Src/syscalls.o
                0x080023a0                _getpid
 .text._kill    0x080023a4       0x14 ./Core/Src/syscalls.o
                0x080023a4                _kill
 .text._exit    0x080023b8        0xc ./Core/Src/syscalls.o
                0x080023b8                _exit
 .text._read    0x080023c4       0x1c ./Core/Src/syscalls.o
                0x080023c4                _read
 .text._write   0x080023e0       0x1c ./Core/Src/syscalls.o
                0x080023e0                _write
 .text._close   0x080023fc        0x8 ./Core/Src/syscalls.o
                0x080023fc                _close
 .text._fstat   0x08002404        0xc ./Core/Src/syscalls.o
                0x08002404                _fstat
 .text._isatty  0x08002410        0x4 ./Core/Src/syscalls.o
                0x08002410                _isatty
 .text._lseek   0x08002414        0x4 ./Core/Src/syscalls.o
                0x08002414                _lseek
 .text._sbrk    0x08002418       0x48 ./Core/Src/sysmem.o
                0x08002418                _sbrk
 .text.SystemInit
                0x08002460       0xc8 ./Core/Src/system_stm32h7xx.o
                0x08002460                SystemInit
 .text.Reset_Handler
                0x08002528       0x50 ./Core/Startup/startup_stm32h743iitx.o
                0x08002528                Reset_Handler
 .text.Default_Handler
                0x08002578        0x2 ./Core/Startup/startup_stm32h743iitx.o
                0x08002578                RTC_Alarm_IRQHandler
                0x08002578                EXTI2_IRQHandler
                0x08002578                TIM8_CC_IRQHandler
                0x08002578                HRTIM1_Master_IRQHandler
                0x08002578                UART8_IRQHandler
                0x08002578                SPI4_IRQHandler
                0x08002578                TIM1_CC_IRQHandler
                0x08002578                BDMA_Channel6_IRQHandler
                0x08002578                DMA2_Stream5_IRQHandler
                0x08002578                HRTIM1_FLT_IRQHandler
                0x08002578                JPEG_IRQHandler
                0x08002578                DMA1_Stream5_IRQHandler
                0x08002578                BDMA_Channel1_IRQHandler
                0x08002578                HRTIM1_TIMD_IRQHandler
                0x08002578                TAMP_STAMP_IRQHandler
                0x08002578                EXTI3_IRQHandler
                0x08002578                LPTIM4_IRQHandler
                0x08002578                TIM8_TRG_COM_TIM14_IRQHandler
                0x08002578                LPTIM2_IRQHandler
                0x08002578                DFSDM1_FLT1_IRQHandler
                0x08002578                DMAMUX2_OVR_IRQHandler
                0x08002578                TIM8_UP_TIM13_IRQHandler
                0x08002578                I2C3_ER_IRQHandler
                0x08002578                DFSDM1_FLT2_IRQHandler
                0x08002578                MDMA_IRQHandler
                0x08002578                LPTIM3_IRQHandler
                0x08002578                HSEM1_IRQHandler
                0x08002578                EXTI0_IRQHandler
                0x08002578                I2C2_EV_IRQHandler
                0x08002578                DMA1_Stream2_IRQHandler
                0x08002578                FPU_IRQHandler
                0x08002578                OTG_HS_WKUP_IRQHandler
                0x08002578                FDCAN1_IT1_IRQHandler
                0x08002578                LTDC_ER_IRQHandler
                0x08002578                DMA2_Stream2_IRQHandler
                0x08002578                HRTIM1_TIME_IRQHandler
                0x08002578                SPI1_IRQHandler
                0x08002578                DCMI_IRQHandler
                0x08002578                HRTIM1_TIMC_IRQHandler
                0x08002578                DMA2_Stream3_IRQHandler
                0x08002578                SAI2_IRQHandler
                0x08002578                DFSDM1_FLT3_IRQHandler
                0x08002578                USART6_IRQHandler
                0x08002578                TIM17_IRQHandler
                0x08002578                USART3_IRQHandler
                0x08002578                BDMA_Channel7_IRQHandler
                0x08002578                LPTIM5_IRQHandler
                0x08002578                UART5_IRQHandler
                0x08002578                ADC3_IRQHandler
                0x08002578                DMA2_Stream0_IRQHandler
                0x08002578                TIM4_IRQHandler
                0x08002578                BDMA_Channel2_IRQHandler
                0x08002578                QUADSPI_IRQHandler
                0x08002578                I2C1_EV_IRQHandler
                0x08002578                DMA1_Stream6_IRQHandler
                0x08002578                DMAMUX1_OVR_IRQHandler
                0x08002578                TIM16_IRQHandler
                0x08002578                UART4_IRQHandler
                0x08002578                BDMA_Channel5_IRQHandler
                0x08002578                TIM3_IRQHandler
                0x08002578                RCC_IRQHandler
                0x08002578                TIM8_BRK_TIM12_IRQHandler
                0x08002578                TIM1_TRG_COM_IRQHandler
                0x08002578                Default_Handler
                0x08002578                ECC_IRQHandler
                0x08002578                CEC_IRQHandler
                0x08002578                EXTI15_10_IRQHandler
                0x08002578                BDMA_Channel0_IRQHandler
                0x08002578                DMA1_Stream7_IRQHandler
                0x08002578                HRTIM1_TIMA_IRQHandler
                0x08002578                SPI5_IRQHandler
                0x08002578                TIM7_IRQHandler
                0x08002578                SDMMC1_IRQHandler
                0x08002578                TIM5_IRQHandler
                0x08002578                DMA2_Stream7_IRQHandler
                0x08002578                TIM15_IRQHandler
                0x08002578                PVD_AVD_IRQHandler
                0x08002578                I2C3_EV_IRQHandler
                0x08002578                EXTI9_5_IRQHandler
                0x08002578                RTC_WKUP_IRQHandler
                0x08002578                LTDC_IRQHandler
                0x08002578                SAI3_IRQHandler
                0x08002578                ETH_WKUP_IRQHandler
                0x08002578                SPDIF_RX_IRQHandler
                0x08002578                SPI2_IRQHandler
                0x08002578                OTG_HS_EP1_IN_IRQHandler
                0x08002578                CRS_IRQHandler
                0x08002578                EXTI4_IRQHandler
                0x08002578                RNG_IRQHandler
                0x08002578                HRTIM1_TIMB_IRQHandler
                0x08002578                FDCAN2_IT1_IRQHandler
                0x08002578                ETH_IRQHandler
                0x08002578                TIM1_UP_IRQHandler
                0x08002578                BDMA_Channel4_IRQHandler
                0x08002578                OTG_HS_EP1_OUT_IRQHandler
                0x08002578                WWDG_IRQHandler
                0x08002578                SPI6_IRQHandler
                0x08002578                MDIOS_IRQHandler
                0x08002578                I2C4_EV_IRQHandler
                0x08002578                FDCAN2_IT0_IRQHandler
                0x08002578                LPUART1_IRQHandler
                0x08002578                FDCAN1_IT0_IRQHandler
                0x08002578                TIM2_IRQHandler
                0x08002578                OTG_FS_WKUP_IRQHandler
                0x08002578                OTG_HS_IRQHandler
                0x08002578                DMA2D_IRQHandler
                0x08002578                TIM1_BRK_IRQHandler
                0x08002578                EXTI1_IRQHandler
                0x08002578                SDMMC2_IRQHandler
                0x08002578                OTG_FS_EP1_OUT_IRQHandler
                0x08002578                BDMA_Channel3_IRQHandler
                0x08002578                UART7_IRQHandler
                0x08002578                MDIOS_WKUP_IRQHandler
                0x08002578                USART2_IRQHandler
                0x08002578                DFSDM1_FLT0_IRQHandler
                0x08002578                SAI4_IRQHandler
                0x08002578                I2C2_ER_IRQHandler
                0x08002578                DMA2_Stream1_IRQHandler
                0x08002578                FLASH_IRQHandler
                0x08002578                DMA2_Stream4_IRQHandler
                0x08002578                USART1_IRQHandler
                0x08002578                OTG_FS_IRQHandler
                0x08002578                SPI3_IRQHandler
                0x08002578                WAKEUP_PIN_IRQHandler
                0x08002578                DMA1_Stream4_IRQHandler
                0x08002578                OTG_FS_EP1_IN_IRQHandler
                0x08002578                I2C1_ER_IRQHandler
                0x08002578                FMC_IRQHandler
                0x08002578                FDCAN_CAL_IRQHandler
                0x08002578                SWPMI1_IRQHandler
                0x08002578                COMP1_IRQHandler
                0x08002578                LPTIM1_IRQHandler
                0x08002578                I2C4_ER_IRQHandler
                0x08002578                DMA2_Stream6_IRQHandler
                0x08002578                SAI1_IRQHandler
                0x08002578                DMA1_Stream3_IRQHandler
 *fill*         0x0800257a        0x2 
 .text.HAL_InitTick
                0x0800257c       0x4c ./Drivers/STM32H7xx_HAL_Driver/Src/stm32h7xx_hal.o
                0x0800257c                HAL_InitTick
 .text.HAL_Init
                0x080025c8       0x60 ./Drivers/STM32H7xx_HAL_Driver/Src/stm32h7xx_hal.o
                0x080025c8                HAL_Init
 .text.HAL_IncTick
                0x08002628       0x18 ./Drivers/STM32H7xx_HAL_Driver/Src/stm32h7xx_hal.o
                0x08002628                HAL_IncTick
 .text.HAL_GetTick
                0x08002640        0xc ./Drivers/STM32H7xx_HAL_Driver/Src/stm32h7xx_hal.o
                0x08002640                HAL_GetTick
 .text.HAL_GetREVID
                0x0800264c        0xc ./Drivers/STM32H7xx_HAL_Driver/Src/stm32h7xx_hal.o
                0x0800264c                HAL_GetREVID
 .text.ADC_DMAHalfConvCplt
                0x08002658        0xc ./Drivers/STM32H7xx_HAL_Driver/Src/stm32h7xx_hal_adc.o
                0x08002658                ADC_DMAHalfConvCplt
 .text.HAL_ADC_LevelOutOfWindowCallback
                0x08002664        0x4 ./Drivers/STM32H7xx_HAL_Driver/Src/stm32h7xx_hal_adc.o
                0x08002664                HAL_ADC_LevelOutOfWindowCallback
 .text.HAL_ADC_ErrorCallback
                0x08002668        0x4 ./Drivers/STM32H7xx_HAL_Driver/Src/stm32h7xx_hal_adc.o
                0x08002668                HAL_ADC_ErrorCallback
 .text.HAL_ADC_IRQHandler
                0x0800266c      0x278 ./Drivers/STM32H7xx_HAL_Driver/Src/stm32h7xx_hal_adc.o
                0x0800266c                HAL_ADC_IRQHandler
 .text.ADC_DMAConvCplt
                0x080028e4       0x6c ./Drivers/STM32H7xx_HAL_Driver/Src/stm32h7xx_hal_adc.o
                0x080028e4                ADC_DMAConvCplt
 .text.ADC_DMAError
                0x08002950       0x1c ./Drivers/STM32H7xx_HAL_Driver/Src/stm32h7xx_hal_adc.o
                0x08002950                ADC_DMAError
 .text.HAL_ADC_ConfigChannel
                0x0800296c      0x420 ./Drivers/STM32H7xx_HAL_Driver/Src/stm32h7xx_hal_adc.o
                0x0800296c                HAL_ADC_ConfigChannel
 .text.ADC_Enable
                0x08002d8c       0xb0 ./Drivers/STM32H7xx_HAL_Driver/Src/stm32h7xx_hal_adc.o
                0x08002d8c                ADC_Enable
 .text.HAL_ADC_Start_DMA
                0x08002e3c      0x118 ./Drivers/STM32H7xx_HAL_Driver/Src/stm32h7xx_hal_adc.o
                0x08002e3c                HAL_ADC_Start_DMA
 .text.ADC_Disable
                0x08002f54       0x74 ./Drivers/STM32H7xx_HAL_Driver/Src/stm32h7xx_hal_adc.o
                0x08002f54                ADC_Disable
 .text.ADC_ConfigureBoostMode
                0x08002fc8      0x15c ./Drivers/STM32H7xx_HAL_Driver/Src/stm32h7xx_hal_adc.o
                0x08002fc8                ADC_ConfigureBoostMode
 .text.HAL_ADC_Init
                0x08003124      0x218 ./Drivers/STM32H7xx_HAL_Driver/Src/stm32h7xx_hal_adc.o
                0x08003124                HAL_ADC_Init
 .text.HAL_ADCEx_Calibration_Start
                0x0800333c       0xa4 ./Drivers/STM32H7xx_HAL_Driver/Src/stm32h7xx_hal_adc_ex.o
                0x0800333c                HAL_ADCEx_Calibration_Start
 .text.HAL_ADCEx_InjectedConvCpltCallback
                0x080033e0        0x4 ./Drivers/STM32H7xx_HAL_Driver/Src/stm32h7xx_hal_adc_ex.o
                0x080033e0                HAL_ADCEx_InjectedConvCpltCallback
 .text.HAL_ADCEx_InjectedQueueOverflowCallback
                0x080033e4        0x4 ./Drivers/STM32H7xx_HAL_Driver/Src/stm32h7xx_hal_adc_ex.o
                0x080033e4                HAL_ADCEx_InjectedQueueOverflowCallback
 .text.HAL_ADCEx_LevelOutOfWindow2Callback
                0x080033e8        0x4 ./Drivers/STM32H7xx_HAL_Driver/Src/stm32h7xx_hal_adc_ex.o
                0x080033e8                HAL_ADCEx_LevelOutOfWindow2Callback
 .text.HAL_ADCEx_LevelOutOfWindow3Callback
                0x080033ec        0x4 ./Drivers/STM32H7xx_HAL_Driver/Src/stm32h7xx_hal_adc_ex.o
                0x080033ec                HAL_ADCEx_LevelOutOfWindow3Callback
 .text.HAL_ADCEx_EndOfSamplingCallback
                0x080033f0        0x4 ./Drivers/STM32H7xx_HAL_Driver/Src/stm32h7xx_hal_adc_ex.o
                0x080033f0                HAL_ADCEx_EndOfSamplingCallback
 .text.HAL_ADCEx_MultiModeConfigChannel
                0x080033f4       0xc4 ./Drivers/STM32H7xx_HAL_Driver/Src/stm32h7xx_hal_adc_ex.o
                0x080033f4                HAL_ADCEx_MultiModeConfigChannel
 .text.HAL_NVIC_SetPriorityGrouping
                0x080034b8       0x24 ./Drivers/STM32H7xx_HAL_Driver/Src/stm32h7xx_hal_cortex.o
                0x080034b8                HAL_NVIC_SetPriorityGrouping
 .text.HAL_NVIC_SetPriority
                0x080034dc       0x78 ./Drivers/STM32H7xx_HAL_Driver/Src/stm32h7xx_hal_cortex.o
                0x080034dc                HAL_NVIC_SetPriority
 .text.HAL_NVIC_EnableIRQ
                0x08003554       0x1c ./Drivers/STM32H7xx_HAL_Driver/Src/stm32h7xx_hal_cortex.o
                0x08003554                HAL_NVIC_EnableIRQ
 .text.HAL_SYSTICK_Config
                0x08003570       0x2c ./Drivers/STM32H7xx_HAL_Driver/Src/stm32h7xx_hal_cortex.o
                0x08003570                HAL_SYSTICK_Config
 .text.HAL_MPU_Disable
                0x0800359c       0x1c ./Drivers/STM32H7xx_HAL_Driver/Src/stm32h7xx_hal_cortex.o
                0x0800359c                HAL_MPU_Disable
 .text.HAL_MPU_Enable
                0x080035b8       0x20 ./Drivers/STM32H7xx_HAL_Driver/Src/stm32h7xx_hal_cortex.o
                0x080035b8                HAL_MPU_Enable
 .text.HAL_MPU_ConfigRegion
                0x080035d8       0x60 ./Drivers/STM32H7xx_HAL_Driver/Src/stm32h7xx_hal_cortex.o
                0x080035d8                HAL_MPU_ConfigRegion
 .text.HAL_DAC_Init
                0x08003638       0x2c ./Drivers/STM32H7xx_HAL_Driver/Src/stm32h7xx_hal_dac.o
                0x08003638                HAL_DAC_Init
 .text.HAL_DAC_Start_DMA
                0x08003664       0xf4 ./Drivers/STM32H7xx_HAL_Driver/Src/stm32h7xx_hal_dac.o
                0x08003664                HAL_DAC_Start_DMA
 .text.HAL_DAC_ConvCpltCallbackCh1
                0x08003758        0x4 ./Drivers/STM32H7xx_HAL_Driver/Src/stm32h7xx_hal_dac.o
                0x08003758                HAL_DAC_ConvCpltCallbackCh1
 .text.DAC_DMAConvCpltCh1
                0x0800375c       0x10 ./Drivers/STM32H7xx_HAL_Driver/Src/stm32h7xx_hal_dac.o
                0x0800375c                DAC_DMAConvCpltCh1
 .text.HAL_DAC_ConvHalfCpltCallbackCh1
                0x0800376c        0x4 ./Drivers/STM32H7xx_HAL_Driver/Src/stm32h7xx_hal_dac.o
                0x0800376c                HAL_DAC_ConvHalfCpltCallbackCh1
 .text.DAC_DMAHalfConvCpltCh1
                0x08003770        0xc ./Drivers/STM32H7xx_HAL_Driver/Src/stm32h7xx_hal_dac.o
                0x08003770                DAC_DMAHalfConvCpltCh1
 .text.HAL_DAC_ErrorCallbackCh1
                0x0800377c        0x4 ./Drivers/STM32H7xx_HAL_Driver/Src/stm32h7xx_hal_dac.o
                0x0800377c                HAL_DAC_ErrorCallbackCh1
 .text.DAC_DMAErrorCh1
                0x08003780       0x18 ./Drivers/STM32H7xx_HAL_Driver/Src/stm32h7xx_hal_dac.o
                0x08003780                DAC_DMAErrorCh1
 .text.HAL_DAC_DMAUnderrunCallbackCh1
                0x08003798        0x4 ./Drivers/STM32H7xx_HAL_Driver/Src/stm32h7xx_hal_dac.o
                0x08003798                HAL_DAC_DMAUnderrunCallbackCh1
 .text.HAL_DAC_IRQHandler
                0x0800379c       0x64 ./Drivers/STM32H7xx_HAL_Driver/Src/stm32h7xx_hal_dac.o
                0x0800379c                HAL_DAC_IRQHandler
 .text.HAL_DAC_ConfigChannel
                0x08003800      0x154 ./Drivers/STM32H7xx_HAL_Driver/Src/stm32h7xx_hal_dac.o
                0x08003800                HAL_DAC_ConfigChannel
 .text.HAL_DACEx_ConvCpltCallbackCh2
                0x08003954        0x4 ./Drivers/STM32H7xx_HAL_Driver/Src/stm32h7xx_hal_dac_ex.o
                0x08003954                HAL_DACEx_ConvCpltCallbackCh2
 .text.DAC_DMAConvCpltCh2
                0x08003958       0x10 ./Drivers/STM32H7xx_HAL_Driver/Src/stm32h7xx_hal_dac_ex.o
                0x08003958                DAC_DMAConvCpltCh2
 .text.HAL_DACEx_ConvHalfCpltCallbackCh2
                0x08003968        0x4 ./Drivers/STM32H7xx_HAL_Driver/Src/stm32h7xx_hal_dac_ex.o
                0x08003968                HAL_DACEx_ConvHalfCpltCallbackCh2
 .text.DAC_DMAHalfConvCpltCh2
                0x0800396c        0xc ./Drivers/STM32H7xx_HAL_Driver/Src/stm32h7xx_hal_dac_ex.o
                0x0800396c                DAC_DMAHalfConvCpltCh2
 .text.HAL_DACEx_ErrorCallbackCh2
                0x08003978        0x4 ./Drivers/STM32H7xx_HAL_Driver/Src/stm32h7xx_hal_dac_ex.o
                0x08003978                HAL_DACEx_ErrorCallbackCh2
 .text.DAC_DMAErrorCh2
                0x0800397c       0x18 ./Drivers/STM32H7xx_HAL_Driver/Src/stm32h7xx_hal_dac_ex.o
                0x0800397c                DAC_DMAErrorCh2
 .text.HAL_DACEx_DMAUnderrunCallbackCh2
                0x08003994        0x4 ./Drivers/STM32H7xx_HAL_Driver/Src/stm32h7xx_hal_dac_ex.o
                0x08003994                HAL_DACEx_DMAUnderrunCallbackCh2
 .text.DMA_CalcBaseAndBitshift
                0x08003998      0x100 ./Drivers/STM32H7xx_HAL_Driver/Src/stm32h7xx_hal_dma.o
 .text.DMA_CalcDMAMUXChannelBaseAndMask
                0x08003a98       0xd4 ./Drivers/STM32H7xx_HAL_Driver/Src/stm32h7xx_hal_dma.o
 .text.HAL_DMA_Init
                0x08003b6c      0x520 ./Drivers/STM32H7xx_HAL_Driver/Src/stm32h7xx_hal_dma.o
                0x08003b6c                HAL_DMA_Init
 .text.HAL_DMA_Start_IT
                0x0800408c      0x668 ./Drivers/STM32H7xx_HAL_Driver/Src/stm32h7xx_hal_dma.o
                0x0800408c                HAL_DMA_Start_IT
 .text.HAL_DMA_IRQHandler
                0x080046f4      0x424 ./Drivers/STM32H7xx_HAL_Driver/Src/stm32h7xx_hal_dma.o
                0x080046f4                HAL_DMA_IRQHandler
 .text.HAL_GPIO_Init
                0x08004b18      0x40c ./Drivers/STM32H7xx_HAL_Driver/Src/stm32h7xx_hal_gpio.o
                0x08004b18                HAL_GPIO_Init
 .text.HAL_GPIO_WritePin
                0x08004f24        0x8 ./Drivers/STM32H7xx_HAL_Driver/Src/stm32h7xx_hal_gpio.o
                0x08004f24                HAL_GPIO_WritePin
 .text.HAL_PWREx_ConfigSupply
                0x08004f2c       0x48 ./Drivers/STM32H7xx_HAL_Driver/Src/stm32h7xx_hal_pwr_ex.o
                0x08004f2c                HAL_PWREx_ConfigSupply
 .text.HAL_RCC_GetSysClockFreq.part.0
                0x08004f74       0xe4 ./Drivers/STM32H7xx_HAL_Driver/Src/stm32h7xx_hal_rcc.o
 .text.HAL_RCC_OscConfig
                0x08005058      0x5dc ./Drivers/STM32H7xx_HAL_Driver/Src/stm32h7xx_hal_rcc.o
                0x08005058                HAL_RCC_OscConfig
 .text.HAL_RCC_GetSysClockFreq
                0x08005634      0x11c ./Drivers/STM32H7xx_HAL_Driver/Src/stm32h7xx_hal_rcc.o
                0x08005634                HAL_RCC_GetSysClockFreq
 .text.HAL_RCC_ClockConfig
                0x08005750      0x254 ./Drivers/STM32H7xx_HAL_Driver/Src/stm32h7xx_hal_rcc.o
                0x08005750                HAL_RCC_ClockConfig
 .text.HAL_RCC_GetHCLKFreq
                0x080059a4       0x80 ./Drivers/STM32H7xx_HAL_Driver/Src/stm32h7xx_hal_rcc.o
                0x080059a4                HAL_RCC_GetHCLKFreq
 .text.HAL_RCC_GetPCLK1Freq
                0x08005a24       0x90 ./Drivers/STM32H7xx_HAL_Driver/Src/stm32h7xx_hal_rcc.o
                0x08005a24                HAL_RCC_GetPCLK1Freq
 .text.RCCEx_PLL2_Config.part.0
                0x08005ab4       0xe0 ./Drivers/STM32H7xx_HAL_Driver/Src/stm32h7xx_hal_rcc_ex.o
 .text.RCCEx_PLL3_Config.part.0
                0x08005b94       0xe0 ./Drivers/STM32H7xx_HAL_Driver/Src/stm32h7xx_hal_rcc_ex.o
 .text.HAL_RCCEx_PeriphCLKConfig
                0x08005c74      0xe88 ./Drivers/STM32H7xx_HAL_Driver/Src/stm32h7xx_hal_rcc_ex.o
                0x08005c74                HAL_RCCEx_PeriphCLKConfig
 .text.HAL_RCCEx_GetPLL2ClockFreq
                0x08006afc      0x134 ./Drivers/STM32H7xx_HAL_Driver/Src/stm32h7xx_hal_rcc_ex.o
                0x08006afc                HAL_RCCEx_GetPLL2ClockFreq
 .text.HAL_RCCEx_GetPLL3ClockFreq
                0x08006c30      0x134 ./Drivers/STM32H7xx_HAL_Driver/Src/stm32h7xx_hal_rcc_ex.o
                0x08006c30                HAL_RCCEx_GetPLL3ClockFreq
 .text.HAL_RCCEx_GetPLL1ClockFreq
                0x08006d64      0x134 ./Drivers/STM32H7xx_HAL_Driver/Src/stm32h7xx_hal_rcc_ex.o
                0x08006d64                HAL_RCCEx_GetPLL1ClockFreq
 .text.HAL_RCCEx_GetPeriphCLKFreq
                0x08006e98      0x340 ./Drivers/STM32H7xx_HAL_Driver/Src/stm32h7xx_hal_rcc_ex.o
                0x08006e98                HAL_RCCEx_GetPeriphCLKFreq
 .text.HAL_TIM_Base_Init
                0x080071d8      0x14c ./Drivers/STM32H7xx_HAL_Driver/Src/stm32h7xx_hal_tim.o
                0x080071d8                HAL_TIM_Base_Init
 .text.HAL_TIM_Base_Start
                0x08007324       0x9c ./Drivers/STM32H7xx_HAL_Driver/Src/stm32h7xx_hal_tim.o
                0x08007324                HAL_TIM_Base_Start
 .text.HAL_TIM_ConfigClockSource
                0x080073c0      0x190 ./Drivers/STM32H7xx_HAL_Driver/Src/stm32h7xx_hal_tim.o
                0x080073c0                HAL_TIM_ConfigClockSource
 .text.HAL_TIMEx_MasterConfigSynchronization
                0x08007550       0xb4 ./Drivers/STM32H7xx_HAL_Driver/Src/stm32h7xx_hal_tim_ex.o
                0x08007550                HAL_TIMEx_MasterConfigSynchronization
 .text.arm_fill_f32
                0x08007604       0x3c C:\Users\Hassa\Documents\GitHub\BCIT\BEngCapstone\STM32H743-DSP\Lib\libarm_cortexM7lfsp_math.a(arm_fill_f32.o)
                0x08007604                arm_fill_f32
 .text.arm_copy_f32
                0x08007640       0x60 C:\Users\Hassa\Documents\GitHub\BCIT\BEngCapstone\STM32H743-DSP\Lib\libarm_cortexM7lfsp_math.a(arm_copy_f32.o)
                0x08007640                arm_copy_f32
 .text.arm_rfft_fast_init_f32
                0x080076a0      0x164 C:\Users\Hassa\Documents\GitHub\BCIT\BEngCapstone\STM32H743-DSP\Lib\libarm_cortexM7lfsp_math.a(arm_rfft_fast_init_f32.o)
                0x080076a0                arm_rfft_fast_init_f32
 .text.arm_rfft_fast_f32
                0x08007804      0x188 C:\Users\Hassa\Documents\GitHub\BCIT\BEngCapstone\STM32H743-DSP\Lib\libarm_cortexM7lfsp_math.a(arm_rfft_fast_f32.o)
                0x08007804                arm_rfft_fast_f32
 .text.arm_cfft_radix8by2_f32
                0x0800798c      0x1a4 C:\Users\Hassa\Documents\GitHub\BCIT\BEngCapstone\STM32H743-DSP\Lib\libarm_cortexM7lfsp_math.a(arm_cfft_f32.o)
                0x0800798c                arm_cfft_radix8by2_f32
 .text.arm_cfft_radix8by4_f32
                0x08007b30      0x4b0 C:\Users\Hassa\Documents\GitHub\BCIT\BEngCapstone\STM32H743-DSP\Lib\libarm_cortexM7lfsp_math.a(arm_cfft_f32.o)
                0x08007b30                arm_cfft_radix8by4_f32
 .text.arm_cfft_f32
                0x08007fe0       0xf0 C:\Users\Hassa\Documents\GitHub\BCIT\BEngCapstone\STM32H743-DSP\Lib\libarm_cortexM7lfsp_math.a(arm_cfft_f32.o)
                0x08007fe0                arm_cfft_f32
 .text.arm_biquad_cascade_df1_init_f32
                0x080080d0       0x1c C:\Users\Hassa\Documents\GitHub\BCIT\BEngCapstone\STM32H743-DSP\Lib\libarm_cortexM7lfsp_math.a(arm_biquad_cascade_df1_init_f32.o)
                0x080080d0                arm_biquad_cascade_df1_init_f32
 .text.arm_biquad_cascade_df1_f32
                0x080080ec      0x198 C:\Users\Hassa\Documents\GitHub\BCIT\BEngCapstone\STM32H743-DSP\Lib\libarm_cortexM7lfsp_math.a(arm_biquad_cascade_df1_f32.o)
                0x080080ec                arm_biquad_cascade_df1_f32
 .text.arm_scale_f32
                0x08008284       0x6c C:\Users\Hassa\Documents\GitHub\BCIT\BEngCapstone\STM32H743-DSP\Lib\libarm_cortexM7lfsp_math.a(arm_scale_f32.o)
                0x08008284                arm_scale_f32
 .text.arm_offset_f32
                0x080082f0       0x6c C:\Users\Hassa\Documents\GitHub\BCIT\BEngCapstone\STM32H743-DSP\Lib\libarm_cortexM7lfsp_math.a(arm_offset_f32.o)
                0x080082f0                arm_offset_f32
 .text.arm_mult_f32
                0x0800835c       0x8c C:\Users\Hassa\Documents\GitHub\BCIT\BEngCapstone\STM32H743-DSP\Lib\libarm_cortexM7lfsp_math.a(arm_mult_f32.o)
                0x0800835c                arm_mult_f32
 .text.arm_add_f32
                0x080083e8       0x8c C:\Users\Hassa\Documents\GitHub\BCIT\BEngCapstone\STM32H743-DSP\Lib\libarm_cortexM7lfsp_math.a(arm_add_f32.o)
                0x080083e8                arm_add_f32
 .text.arm_radix8_butterfly_f32
                0x08008474      0x5c0 C:\Users\Hassa\Documents\GitHub\BCIT\BEngCapstone\STM32H743-DSP\Lib\libarm_cortexM7lfsp_math.a(arm_cfft_radix8_f32.o)
                0x08008474                arm_radix8_butterfly_f32
 .text.srand    0x08008a34       0x5c C:/ST/STM32CubeIDE_1.18.0/STM32CubeIDE/plugins/com.st.stm32cube.ide.mcu.externaltools.gnu-tools-for-stm32.13.3.rel1.win32_1.0.0.202411081344/tools/bin/../lib/gcc/arm-none-eabi/13.3.1/../../../../arm-none-eabi/lib/thumb/v7e-m+dp/hard\libc_nano.a(libc_a-rand.o)
                0x08008a34                srand
 .text.std      0x08008a90       0x6c C:/ST/STM32CubeIDE_1.18.0/STM32CubeIDE/plugins/com.st.stm32cube.ide.mcu.externaltools.gnu-tools-for-stm32.13.3.rel1.win32_1.0.0.202411081344/tools/bin/../lib/gcc/arm-none-eabi/13.3.1/../../../../arm-none-eabi/lib/thumb/v7e-m+dp/hard\libc_nano.a(libc_a-findfp.o)
 .text.stdio_exit_handler
                0x08008afc       0x18 C:/ST/STM32CubeIDE_1.18.0/STM32CubeIDE/plugins/com.st.stm32cube.ide.mcu.externaltools.gnu-tools-for-stm32.13.3.rel1.win32_1.0.0.202411081344/tools/bin/../lib/gcc/arm-none-eabi/13.3.1/../../../../arm-none-eabi/lib/thumb/v7e-m+dp/hard\libc_nano.a(libc_a-findfp.o)
 .text.cleanup_stdio
                0x08008b14       0x40 C:/ST/STM32CubeIDE_1.18.0/STM32CubeIDE/plugins/com.st.stm32cube.ide.mcu.externaltools.gnu-tools-for-stm32.13.3.rel1.win32_1.0.0.202411081344/tools/bin/../lib/gcc/arm-none-eabi/13.3.1/../../../../arm-none-eabi/lib/thumb/v7e-m+dp/hard\libc_nano.a(libc_a-findfp.o)
 .text.global_stdio_init.part.0
                0x08008b54       0x3c C:/ST/STM32CubeIDE_1.18.0/STM32CubeIDE/plugins/com.st.stm32cube.ide.mcu.externaltools.gnu-tools-for-stm32.13.3.rel1.win32_1.0.0.202411081344/tools/bin/../lib/gcc/arm-none-eabi/13.3.1/../../../../arm-none-eabi/lib/thumb/v7e-m+dp/hard\libc_nano.a(libc_a-findfp.o)
 .text.__sfp_lock_acquire
                0x08008b90        0xc C:/ST/STM32CubeIDE_1.18.0/STM32CubeIDE/plugins/com.st.stm32cube.ide.mcu.externaltools.gnu-tools-for-stm32.13.3.rel1.win32_1.0.0.202411081344/tools/bin/../lib/gcc/arm-none-eabi/13.3.1/../../../../arm-none-eabi/lib/thumb/v7e-m+dp/hard\libc_nano.a(libc_a-findfp.o)
                0x08008b90                __sfp_lock_acquire
 .text.__sfp_lock_release
                0x08008b9c        0xc C:/ST/STM32CubeIDE_1.18.0/STM32CubeIDE/plugins/com.st.stm32cube.ide.mcu.externaltools.gnu-tools-for-stm32.13.3.rel1.win32_1.0.0.202411081344/tools/bin/../lib/gcc/arm-none-eabi/13.3.1/../../../../arm-none-eabi/lib/thumb/v7e-m+dp/hard\libc_nano.a(libc_a-findfp.o)
                0x08008b9c                __sfp_lock_release
 .text.__sinit  0x08008ba8       0x30 C:/ST/STM32CubeIDE_1.18.0/STM32CubeIDE/plugins/com.st.stm32cube.ide.mcu.externaltools.gnu-tools-for-stm32.13.3.rel1.win32_1.0.0.202411081344/tools/bin/../lib/gcc/arm-none-eabi/13.3.1/../../../../arm-none-eabi/lib/thumb/v7e-m+dp/hard\libc_nano.a(libc_a-findfp.o)
                0x08008ba8                __sinit
 .text._fwalk_sglue
                0x08008bd8       0x3c C:/ST/STM32CubeIDE_1.18.0/STM32CubeIDE/plugins/com.st.stm32cube.ide.mcu.externaltools.gnu-tools-for-stm32.13.3.rel1.win32_1.0.0.202411081344/tools/bin/../lib/gcc/arm-none-eabi/13.3.1/../../../../arm-none-eabi/lib/thumb/v7e-m+dp/hard\libc_nano.a(libc_a-fwalk.o)
                0x08008bd8                _fwalk_sglue
 .text.__sread  0x08008c14       0x22 C:/ST/STM32CubeIDE_1.18.0/STM32CubeIDE/plugins/com.st.stm32cube.ide.mcu.externaltools.gnu-tools-for-stm32.13.3.rel1.win32_1.0.0.202411081344/tools/bin/../lib/gcc/arm-none-eabi/13.3.1/../../../../arm-none-eabi/lib/thumb/v7e-m+dp/hard\libc_nano.a(libc_a-stdio.o)
                0x08008c14                __sread
 .text.__swrite
                0x08008c36       0x38 C:/ST/STM32CubeIDE_1.18.0/STM32CubeIDE/plugins/com.st.stm32cube.ide.mcu.externaltools.gnu-tools-for-stm32.13.3.rel1.win32_1.0.0.202411081344/tools/bin/../lib/gcc/arm-none-eabi/13.3.1/../../../../arm-none-eabi/lib/thumb/v7e-m+dp/hard\libc_nano.a(libc_a-stdio.o)
                0x08008c36                __swrite
 .text.__sseek  0x08008c6e       0x24 C:/ST/STM32CubeIDE_1.18.0/STM32CubeIDE/plugins/com.st.stm32cube.ide.mcu.externaltools.gnu-tools-for-stm32.13.3.rel1.win32_1.0.0.202411081344/tools/bin/../lib/gcc/arm-none-eabi/13.3.1/../../../../arm-none-eabi/lib/thumb/v7e-m+dp/hard\libc_nano.a(libc_a-stdio.o)
                0x08008c6e                __sseek
 .text.__sclose
                0x08008c92        0x8 C:/ST/STM32CubeIDE_1.18.0/STM32CubeIDE/plugins/com.st.stm32cube.ide.mcu.externaltools.gnu-tools-for-stm32.13.3.rel1.win32_1.0.0.202411081344/tools/bin/../lib/gcc/arm-none-eabi/13.3.1/../../../../arm-none-eabi/lib/thumb/v7e-m+dp/hard\libc_nano.a(libc_a-stdio.o)
                0x08008c92                __sclose
 .text.memset   0x08008c9a       0x10 C:/ST/STM32CubeIDE_1.18.0/STM32CubeIDE/plugins/com.st.stm32cube.ide.mcu.externaltools.gnu-tools-for-stm32.13.3.rel1.win32_1.0.0.202411081344/tools/bin/../lib/gcc/arm-none-eabi/13.3.1/../../../../arm-none-eabi/lib/thumb/v7e-m+dp/hard\libc_nano.a(libc_a-memset.o)
                0x08008c9a                memset
 *fill*         0x08008caa        0x2 
 .text._close_r
                0x08008cac       0x20 C:/ST/STM32CubeIDE_1.18.0/STM32CubeIDE/plugins/com.st.stm32cube.ide.mcu.externaltools.gnu-tools-for-stm32.13.3.rel1.win32_1.0.0.202411081344/tools/bin/../lib/gcc/arm-none-eabi/13.3.1/../../../../arm-none-eabi/lib/thumb/v7e-m+dp/hard\libc_nano.a(libc_a-closer.o)
                0x08008cac                _close_r
 .text._lseek_r
                0x08008ccc       0x24 C:/ST/STM32CubeIDE_1.18.0/STM32CubeIDE/plugins/com.st.stm32cube.ide.mcu.externaltools.gnu-tools-for-stm32.13.3.rel1.win32_1.0.0.202411081344/tools/bin/../lib/gcc/arm-none-eabi/13.3.1/../../../../arm-none-eabi/lib/thumb/v7e-m+dp/hard\libc_nano.a(libc_a-lseekr.o)
                0x08008ccc                _lseek_r
 .text._read_r  0x08008cf0       0x24 C:/ST/STM32CubeIDE_1.18.0/STM32CubeIDE/plugins/com.st.stm32cube.ide.mcu.externaltools.gnu-tools-for-stm32.13.3.rel1.win32_1.0.0.202411081344/tools/bin/../lib/gcc/arm-none-eabi/13.3.1/../../../../arm-none-eabi/lib/thumb/v7e-m+dp/hard\libc_nano.a(libc_a-readr.o)
                0x08008cf0                _read_r
 .text._write_r
                0x08008d14       0x24 C:/ST/STM32CubeIDE_1.18.0/STM32CubeIDE/plugins/com.st.stm32cube.ide.mcu.externaltools.gnu-tools-for-stm32.13.3.rel1.win32_1.0.0.202411081344/tools/bin/../lib/gcc/arm-none-eabi/13.3.1/../../../../arm-none-eabi/lib/thumb/v7e-m+dp/hard\libc_nano.a(libc_a-writer.o)
                0x08008d14                _write_r
 .text.__errno  0x08008d38        0xc C:/ST/STM32CubeIDE_1.18.0/STM32CubeIDE/plugins/com.st.stm32cube.ide.mcu.externaltools.gnu-tools-for-stm32.13.3.rel1.win32_1.0.0.202411081344/tools/bin/../lib/gcc/arm-none-eabi/13.3.1/../../../../arm-none-eabi/lib/thumb/v7e-m+dp/hard\libc_nano.a(libc_a-errno.o)
                0x08008d38                __errno
 .text.__libc_init_array
                0x08008d44       0x48 C:/ST/STM32CubeIDE_1.18.0/STM32CubeIDE/plugins/com.st.stm32cube.ide.mcu.externaltools.gnu-tools-for-stm32.13.3.rel1.win32_1.0.0.202411081344/tools/bin/../lib/gcc/arm-none-eabi/13.3.1/../../../../arm-none-eabi/lib/thumb/v7e-m+dp/hard\libc_nano.a(libc_a-init.o)
                0x08008d44                __libc_init_array
 .text.__retarget_lock_init_recursive
                0x08008d8c        0x2 C:/ST/STM32CubeIDE_1.18.0/STM32CubeIDE/plugins/com.st.stm32cube.ide.mcu.externaltools.gnu-tools-for-stm32.13.3.rel1.win32_1.0.0.202411081344/tools/bin/../lib/gcc/arm-none-eabi/13.3.1/../../../../arm-none-eabi/lib/thumb/v7e-m+dp/hard\libc_nano.a(libc_a-lock.o)
                0x08008d8c                __retarget_lock_init_recursive
 .text.__retarget_lock_acquire_recursive
                0x08008d8e        0x2 C:/ST/STM32CubeIDE_1.18.0/STM32CubeIDE/plugins/com.st.stm32cube.ide.mcu.externaltools.gnu-tools-for-stm32.13.3.rel1.win32_1.0.0.202411081344/tools/bin/../lib/gcc/arm-none-eabi/13.3.1/../../../../arm-none-eabi/lib/thumb/v7e-m+dp/hard\libc_nano.a(libc_a-lock.o)
                0x08008d8e                __retarget_lock_acquire_recursive
 .text.__retarget_lock_release_recursive
                0x08008d90        0x2 C:/ST/STM32CubeIDE_1.18.0/STM32CubeIDE/plugins/com.st.stm32cube.ide.mcu.externaltools.gnu-tools-for-stm32.13.3.rel1.win32_1.0.0.202411081344/tools/bin/../lib/gcc/arm-none-eabi/13.3.1/../../../../arm-none-eabi/lib/thumb/v7e-m+dp/hard\libc_nano.a(libc_a-lock.o)
                0x08008d90                __retarget_lock_release_recursive
 *fill*         0x08008d92        0x2 
 .text.__assert_func
                0x08008d94       0x3c C:/ST/STM32CubeIDE_1.18.0/STM32CubeIDE/plugins/com.st.stm32cube.ide.mcu.externaltools.gnu-tools-for-stm32.13.3.rel1.win32_1.0.0.202411081344/tools/bin/../lib/gcc/arm-none-eabi/13.3.1/../../../../arm-none-eabi/lib/thumb/v7e-m+dp/hard\libc_nano.a(libc_a-assert.o)
                0x08008d94                __assert_func
 .text._free_r  0x08008dd0       0x94 C:/ST/STM32CubeIDE_1.18.0/STM32CubeIDE/plugins/com.st.stm32cube.ide.mcu.externaltools.gnu-tools-for-stm32.13.3.rel1.win32_1.0.0.202411081344/tools/bin/../lib/gcc/arm-none-eabi/13.3.1/../../../../arm-none-eabi/lib/thumb/v7e-m+dp/hard\libc_nano.a(libc_a-freer.o)
                0x08008dd0                _free_r
 .text.malloc   0x08008e64       0x10 C:/ST/STM32CubeIDE_1.18.0/STM32CubeIDE/plugins/com.st.stm32cube.ide.mcu.externaltools.gnu-tools-for-stm32.13.3.rel1.win32_1.0.0.202411081344/tools/bin/../lib/gcc/arm-none-eabi/13.3.1/../../../../arm-none-eabi/lib/thumb/v7e-m+dp/hard\libc_nano.a(libc_a-malloc.o)
                0x08008e64                malloc
 .text.sbrk_aligned
                0x08008e74       0x44 C:/ST/STM32CubeIDE_1.18.0/STM32CubeIDE/plugins/com.st.stm32cube.ide.mcu.externaltools.gnu-tools-for-stm32.13.3.rel1.win32_1.0.0.202411081344/tools/bin/../lib/gcc/arm-none-eabi/13.3.1/../../../../arm-none-eabi/lib/thumb/v7e-m+dp/hard\libc_nano.a(libc_a-mallocr.o)
 .text._malloc_r
                0x08008eb8      0x100 C:/ST/STM32CubeIDE_1.18.0/STM32CubeIDE/plugins/com.st.stm32cube.ide.mcu.externaltools.gnu-tools-for-stm32.13.3.rel1.win32_1.0.0.202411081344/tools/bin/../lib/gcc/arm-none-eabi/13.3.1/../../../../arm-none-eabi/lib/thumb/v7e-m+dp/hard\libc_nano.a(libc_a-mallocr.o)
                0x08008eb8                _malloc_r
 .text.__malloc_lock
                0x08008fb8        0xc C:/ST/STM32CubeIDE_1.18.0/STM32CubeIDE/plugins/com.st.stm32cube.ide.mcu.externaltools.gnu-tools-for-stm32.13.3.rel1.win32_1.0.0.202411081344/tools/bin/../lib/gcc/arm-none-eabi/13.3.1/../../../../arm-none-eabi/lib/thumb/v7e-m+dp/hard\libc_nano.a(libc_a-mlock.o)
                0x08008fb8                __malloc_lock
 .text.__malloc_unlock
                0x08008fc4        0xc C:/ST/STM32CubeIDE_1.18.0/STM32CubeIDE/plugins/com.st.stm32cube.ide.mcu.externaltools.gnu-tools-for-stm32.13.3.rel1.win32_1.0.0.202411081344/tools/bin/../lib/gcc/arm-none-eabi/13.3.1/../../../../arm-none-eabi/lib/thumb/v7e-m+dp/hard\libc_nano.a(libc_a-mlock.o)
                0x08008fc4                __malloc_unlock
 .text.__sflush_r
                0x08008fd0      0x108 C:/ST/STM32CubeIDE_1.18.0/STM32CubeIDE/plugins/com.st.stm32cube.ide.mcu.externaltools.gnu-tools-for-stm32.13.3.rel1.win32_1.0.0.202411081344/tools/bin/../lib/gcc/arm-none-eabi/13.3.1/../../../../arm-none-eabi/lib/thumb/v7e-m+dp/hard\libc_nano.a(libc_a-fflush.o)
                0x08008fd0                __sflush_r
 .text._fflush_r
                0x080090d8       0x50 C:/ST/STM32CubeIDE_1.18.0/STM32CubeIDE/plugins/com.st.stm32cube.ide.mcu.externaltools.gnu-tools-for-stm32.13.3.rel1.win32_1.0.0.202411081344/tools/bin/../lib/gcc/arm-none-eabi/13.3.1/../../../../arm-none-eabi/lib/thumb/v7e-m+dp/hard\libc_nano.a(libc_a-fflush.o)
                0x080090d8                _fflush_r
 .text.fprintf  0x08009128       0x24 C:/ST/STM32CubeIDE_1.18.0/STM32CubeIDE/plugins/com.st.stm32cube.ide.mcu.externaltools.gnu-tools-for-stm32.13.3.rel1.win32_1.0.0.202411081344/tools/bin/../lib/gcc/arm-none-eabi/13.3.1/../../../../arm-none-eabi/lib/thumb/v7e-m+dp/hard\libc_nano.a(libc_a-fprintf.o)
                0x08009128                fiprintf
                0x08009128                fprintf
 .text._sbrk_r  0x0800914c       0x20 C:/ST/STM32CubeIDE_1.18.0/STM32CubeIDE/plugins/com.st.stm32cube.ide.mcu.externaltools.gnu-tools-for-stm32.13.3.rel1.win32_1.0.0.202411081344/tools/bin/../lib/gcc/arm-none-eabi/13.3.1/../../../../arm-none-eabi/lib/thumb/v7e-m+dp/hard\libc_nano.a(libc_a-sbrkr.o)
                0x0800914c                _sbrk_r
 .text.abort    0x0800916c        0xe C:/ST/STM32CubeIDE_1.18.0/STM32CubeIDE/plugins/com.st.stm32cube.ide.mcu.externaltools.gnu-tools-for-stm32.13.3.rel1.win32_1.0.0.202411081344/tools/bin/../lib/gcc/arm-none-eabi/13.3.1/../../../../arm-none-eabi/lib/thumb/v7e-m+dp/hard\libc_nano.a(libc_a-abort.o)
                0x0800916c                abort
 .text.__sfputc_r
                0x0800917a       0x2e C:/ST/STM32CubeIDE_1.18.0/STM32CubeIDE/plugins/com.st.stm32cube.ide.mcu.externaltools.gnu-tools-for-stm32.13.3.rel1.win32_1.0.0.202411081344/tools/bin/../lib/gcc/arm-none-eabi/13.3.1/../../../../arm-none-eabi/lib/thumb/v7e-m+dp/hard\libc_nano.a(libc_a-nano-vfprintf.o)
 .text.__sfputs_r
                0x080091a8       0x24 C:/ST/STM32CubeIDE_1.18.0/STM32CubeIDE/plugins/com.st.stm32cube.ide.mcu.externaltools.gnu-tools-for-stm32.13.3.rel1.win32_1.0.0.202411081344/tools/bin/../lib/gcc/arm-none-eabi/13.3.1/../../../../arm-none-eabi/lib/thumb/v7e-m+dp/hard\libc_nano.a(libc_a-nano-vfprintf.o)
                0x080091a8                __sfputs_r
 .text._vfprintf_r
                0x080091cc      0x230 C:/ST/STM32CubeIDE_1.18.0/STM32CubeIDE/plugins/com.st.stm32cube.ide.mcu.externaltools.gnu-tools-for-stm32.13.3.rel1.win32_1.0.0.202411081344/tools/bin/../lib/gcc/arm-none-eabi/13.3.1/../../../../arm-none-eabi/lib/thumb/v7e-m+dp/hard\libc_nano.a(libc_a-nano-vfprintf.o)
                0x080091cc                _vfprintf_r
                0x080091cc                _vfiprintf_r
 .text._printf_common
                0x080093fc       0xda C:/ST/STM32CubeIDE_1.18.0/STM32CubeIDE/plugins/com.st.stm32cube.ide.mcu.externaltools.gnu-tools-for-stm32.13.3.rel1.win32_1.0.0.202411081344/tools/bin/../lib/gcc/arm-none-eabi/13.3.1/../../../../arm-none-eabi/lib/thumb/v7e-m+dp/hard\libc_nano.a(libc_a-nano-vfprintf_i.o)
                0x080093fc                _printf_common
 *fill*         0x080094d6        0x2 
 .text._printf_i
                0x080094d8      0x23c C:/ST/STM32CubeIDE_1.18.0/STM32CubeIDE/plugins/com.st.stm32cube.ide.mcu.externaltools.gnu-tools-for-stm32.13.3.rel1.win32_1.0.0.202411081344/tools/bin/../lib/gcc/arm-none-eabi/13.3.1/../../../../arm-none-eabi/lib/thumb/v7e-m+dp/hard\libc_nano.a(libc_a-nano-vfprintf_i.o)
                0x080094d8                _printf_i
 .text.__swbuf_r
                0x08009714       0x7c C:/ST/STM32CubeIDE_1.18.0/STM32CubeIDE/plugins/com.st.stm32cube.ide.mcu.externaltools.gnu-tools-for-stm32.13.3.rel1.win32_1.0.0.202411081344/tools/bin/../lib/gcc/arm-none-eabi/13.3.1/../../../../arm-none-eabi/lib/thumb/v7e-m+dp/hard\libc_nano.a(libc_a-wbuf.o)
                0x08009714                __swbuf_r
 .text.__swsetup_r
                0x08009790       0xac C:/ST/STM32CubeIDE_1.18.0/STM32CubeIDE/plugins/com.st.stm32cube.ide.mcu.externaltools.gnu-tools-for-stm32.13.3.rel1.win32_1.0.0.202411081344/tools/bin/../lib/gcc/arm-none-eabi/13.3.1/../../../../arm-none-eabi/lib/thumb/v7e-m+dp/hard\libc_nano.a(libc_a-wsetup.o)
                0x08009790                __swsetup_r
 .text._raise_r
                0x0800983c       0x50 C:/ST/STM32CubeIDE_1.18.0/STM32CubeIDE/plugins/com.st.stm32cube.ide.mcu.externaltools.gnu-tools-for-stm32.13.3.rel1.win32_1.0.0.202411081344/tools/bin/../lib/gcc/arm-none-eabi/13.3.1/../../../../arm-none-eabi/lib/thumb/v7e-m+dp/hard\libc_nano.a(libc_a-signal.o)
                0x0800983c                _raise_r
 .text.raise    0x0800988c       0x10 C:/ST/STM32CubeIDE_1.18.0/STM32CubeIDE/plugins/com.st.stm32cube.ide.mcu.externaltools.gnu-tools-for-stm32.13.3.rel1.win32_1.0.0.202411081344/tools/bin/../lib/gcc/arm-none-eabi/13.3.1/../../../../arm-none-eabi/lib/thumb/v7e-m+dp/hard\libc_nano.a(libc_a-signal.o)
                0x0800988c                raise
 .text._kill_r  0x0800989c       0x24 C:/ST/STM32CubeIDE_1.18.0/STM32CubeIDE/plugins/com.st.stm32cube.ide.mcu.externaltools.gnu-tools-for-stm32.13.3.rel1.win32_1.0.0.202411081344/tools/bin/../lib/gcc/arm-none-eabi/13.3.1/../../../../arm-none-eabi/lib/thumb/v7e-m+dp/hard\libc_nano.a(libc_a-signalr.o)
                0x0800989c                _kill_r
 .text._getpid_r
                0x080098c0        0x4 C:/ST/STM32CubeIDE_1.18.0/STM32CubeIDE/plugins/com.st.stm32cube.ide.mcu.externaltools.gnu-tools-for-stm32.13.3.rel1.win32_1.0.0.202411081344/tools/bin/../lib/gcc/arm-none-eabi/13.3.1/../../../../arm-none-eabi/lib/thumb/v7e-m+dp/hard\libc_nano.a(libc_a-signalr.o)
                0x080098c0                _getpid_r
 .text.__swhatbuf_r
                0x080098c4       0x4c C:/ST/STM32CubeIDE_1.18.0/STM32CubeIDE/plugins/com.st.stm32cube.ide.mcu.externaltools.gnu-tools-for-stm32.13.3.rel1.win32_1.0.0.202411081344/tools/bin/../lib/gcc/arm-none-eabi/13.3.1/../../../../arm-none-eabi/lib/thumb/v7e-m+dp/hard\libc_nano.a(libc_a-makebuf.o)
                0x080098c4                __swhatbuf_r
 .text.__smakebuf_r
                0x08009910       0x78 C:/ST/STM32CubeIDE_1.18.0/STM32CubeIDE/plugins/com.st.stm32cube.ide.mcu.externaltools.gnu-tools-for-stm32.13.3.rel1.win32_1.0.0.202411081344/tools/bin/../lib/gcc/arm-none-eabi/13.3.1/../../../../arm-none-eabi/lib/thumb/v7e-m+dp/hard\libc_nano.a(libc_a-makebuf.o)
                0x08009910                __smakebuf_r
 .text._fstat_r
                0x08009988       0x24 C:/ST/STM32CubeIDE_1.18.0/STM32CubeIDE/plugins/com.st.stm32cube.ide.mcu.externaltools.gnu-tools-for-stm32.13.3.rel1.win32_1.0.0.202411081344/tools/bin/../lib/gcc/arm-none-eabi/13.3.1/../../../../arm-none-eabi/lib/thumb/v7e-m+dp/hard\libc_nano.a(libc_a-fstatr.o)
                0x08009988                _fstat_r
 .text._isatty_r
                0x080099ac       0x20 C:/ST/STM32CubeIDE_1.18.0/STM32CubeIDE/plugins/com.st.stm32cube.ide.mcu.externaltools.gnu-tools-for-stm32.13.3.rel1.win32_1.0.0.202411081344/tools/bin/../lib/gcc/arm-none-eabi/13.3.1/../../../../arm-none-eabi/lib/thumb/v7e-m+dp/hard\libc_nano.a(libc_a-isattyr.o)
                0x080099ac                _isatty_r
 .text.tanhf    0x080099cc       0xd4 C:/ST/STM32CubeIDE_1.18.0/STM32CubeIDE/plugins/com.st.stm32cube.ide.mcu.externaltools.gnu-tools-for-stm32.13.3.rel1.win32_1.0.0.202411081344/tools/bin/../lib/gcc/arm-none-eabi/13.3.1/../../../../arm-none-eabi/lib/thumb/v7e-m+dp/hard\libm.a(libm_a-sf_tanh.o)
                0x080099cc                tanhf
 .text.expm1f   0x08009aa0      0x250 C:/ST/STM32CubeIDE_1.18.0/STM32CubeIDE/plugins/com.st.stm32cube.ide.mcu.externaltools.gnu-tools-for-stm32.13.3.rel1.win32_1.0.0.202411081344/tools/bin/../lib/gcc/arm-none-eabi/13.3.1/../../../../arm-none-eabi/lib/thumb/v7e-m+dp/hard\libm.a(libm_a-sf_expm1.o)
                0x08009aa0                expm1f
 .text.sinf_poly
                0x08009cf0       0x54 C:/ST/STM32CubeIDE_1.18.0/STM32CubeIDE/plugins/com.st.stm32cube.ide.mcu.externaltools.gnu-tools-for-stm32.13.3.rel1.win32_1.0.0.202411081344/tools/bin/../lib/gcc/arm-none-eabi/13.3.1/../../../../arm-none-eabi/lib/thumb/v7e-m+dp/hard\libm.a(libm_a-sinf.o)
 *fill*         0x08009d44        0x4 
 .text.sinf     0x08009d48      0x130 C:/ST/STM32CubeIDE_1.18.0/STM32CubeIDE/plugins/com.st.stm32cube.ide.mcu.externaltools.gnu-tools-for-stm32.13.3.rel1.win32_1.0.0.202411081344/tools/bin/../lib/gcc/arm-none-eabi/13.3.1/../../../../arm-none-eabi/lib/thumb/v7e-m+dp/hard\libm.a(libm_a-sinf.o)
                0x08009d48                sinf
 .text.with_errnof
                0x08009e78       0x1c C:/ST/STM32CubeIDE_1.18.0/STM32CubeIDE/plugins/com.st.stm32cube.ide.mcu.externaltools.gnu-tools-for-stm32.13.3.rel1.win32_1.0.0.202411081344/tools/bin/../lib/gcc/arm-none-eabi/13.3.1/../../../../arm-none-eabi/lib/thumb/v7e-m+dp/hard\libm.a(libm_a-math_errf.o)
 .text.xflowf   0x08009e94       0x16 C:/ST/STM32CubeIDE_1.18.0/STM32CubeIDE/plugins/com.st.stm32cube.ide.mcu.externaltools.gnu-tools-for-stm32.13.3.rel1.win32_1.0.0.202411081344/tools/bin/../lib/gcc/arm-none-eabi/13.3.1/../../../../arm-none-eabi/lib/thumb/v7e-m+dp/hard\libm.a(libm_a-math_errf.o)
 *fill*         0x08009eaa        0x2 
 .text.__math_oflowf
                0x08009eac        0xc C:/ST/STM32CubeIDE_1.18.0/STM32CubeIDE/plugins/com.st.stm32cube.ide.mcu.externaltools.gnu-tools-for-stm32.13.3.rel1.win32_1.0.0.202411081344/tools/bin/../lib/gcc/arm-none-eabi/13.3.1/../../../../arm-none-eabi/lib/thumb/v7e-m+dp/hard\libm.a(libm_a-math_errf.o)
                0x08009eac                __math_oflowf
 .text.__math_invalidf
                0x08009eb8       0x1e C:/ST/STM32CubeIDE_1.18.0/STM32CubeIDE/plugins/com.st.stm32cube.ide.mcu.externaltools.gnu-tools-for-stm32.13.3.rel1.win32_1.0.0.202411081344/tools/bin/../lib/gcc/arm-none-eabi/13.3.1/../../../../arm-none-eabi/lib/thumb/v7e-m+dp/hard\libm.a(libm_a-math_errf.o)
                0x08009eb8                __math_invalidf
 .text.fabsf    0x08009ed6        0xe C:/ST/STM32CubeIDE_1.18.0/STM32CubeIDE/plugins/com.st.stm32cube.ide.mcu.externaltools.gnu-tools-for-stm32.13.3.rel1.win32_1.0.0.202411081344/tools/bin/../lib/gcc/arm-none-eabi/13.3.1/../../../../arm-none-eabi/lib/thumb/v7e-m+dp/hard\libm.a(libm_a-sf_fabs.o)
                0x08009ed6                fabsf
 *(.glue_7)
 .glue_7        0x08009ee4        0x0 linker stubs
 *(.glue_7t)
 .glue_7t       0x08009ee4        0x0 linker stubs
 *(.eh_frame)
 .eh_frame      0x08009ee4        0x0 C:/ST/STM32CubeIDE_1.18.0/STM32CubeIDE/plugins/com.st.stm32cube.ide.mcu.externaltools.gnu-tools-for-stm32.13.3.rel1.win32_1.0.0.202411081344/tools/bin/../lib/gcc/arm-none-eabi/13.3.1/thumb/v7e-m+dp/hard/crtbegin.o
 *(.init)
 .init          0x08009ee4        0x4 C:/ST/STM32CubeIDE_1.18.0/STM32CubeIDE/plugins/com.st.stm32cube.ide.mcu.externaltools.gnu-tools-for-stm32.13.3.rel1.win32_1.0.0.202411081344/tools/bin/../lib/gcc/arm-none-eabi/13.3.1/thumb/v7e-m+dp/hard/crti.o
                0x08009ee4                _init
 .init          0x08009ee8        0x8 C:/ST/STM32CubeIDE_1.18.0/STM32CubeIDE/plugins/com.st.stm32cube.ide.mcu.externaltools.gnu-tools-for-stm32.13.3.rel1.win32_1.0.0.202411081344/tools/bin/../lib/gcc/arm-none-eabi/13.3.1/thumb/v7e-m+dp/hard/crtn.o
 *(.fini)
 .fini          0x08009ef0        0x4 C:/ST/STM32CubeIDE_1.18.0/STM32CubeIDE/plugins/com.st.stm32cube.ide.mcu.externaltools.gnu-tools-for-stm32.13.3.rel1.win32_1.0.0.202411081344/tools/bin/../lib/gcc/arm-none-eabi/13.3.1/thumb/v7e-m+dp/hard/crti.o
                0x08009ef0                _fini
 .fini          0x08009ef4        0x8 C:/ST/STM32CubeIDE_1.18.0/STM32CubeIDE/plugins/com.st.stm32cube.ide.mcu.externaltools.gnu-tools-for-stm32.13.3.rel1.win32_1.0.0.202411081344/tools/bin/../lib/gcc/arm-none-eabi/13.3.1/thumb/v7e-m+dp/hard/crtn.o
                0x08009efc                        . = ALIGN (0x4)
                0x08009efc                        _etext = .

.vfp11_veneer   0x08009efc        0x0
 .vfp11_veneer  0x08009efc        0x0 linker stubs

.v4_bx          0x08009efc        0x0
 .v4_bx         0x08009efc        0x0 linker stubs

.iplt           0x08009efc        0x0
 .iplt          0x08009efc        0x0 C:/ST/STM32CubeIDE_1.18.0/STM32CubeIDE/plugins/com.st.stm32cube.ide.mcu.externaltools.gnu-tools-for-stm32.13.3.rel1.win32_1.0.0.202411081344/tools/bin/../lib/gcc/arm-none-eabi/13.3.1/thumb/v7e-m+dp/hard/crtbegin.o

.rodata         0x08009f00    0x777a0
                0x08009f00                        . = ALIGN (0x4)
 *(.rodata)
 .rodata        0x08009f00       0x18 ./Core/Src/main.o
 *(.rodata*)
 .rodata.LP5Hz_Biquad
                0x08009f18       0x14 ./Core/Src/_MULTI_FX_EFFECTS/FX_Definitions/supro_simulation_f32.o
 .rodata.supro_parameters
                0x08009f2c       0xd4 ./Core/Src/_MULTI_FX_EFFECTS/FX_Definitions/supro_simulation_f32.o
 .rodata._CAB_IR_FFT_ALL
                0x0800a000     0x2000 ./Core/Src/_MULTI_FX_EFFECTS/IR_Definitions/OD-M212-VINT-DYN-201-P05-00.o
                0x0800a000                _CAB_IR_FFT_ALL
 .rodata._EMT_IR_FFT_ALL
                0x0800c000    0x5c000 ./Core/Src/_MULTI_FX_EFFECTS/IR_Definitions/emt_140_dark_3.o
                0x0800c000                _EMT_IR_FFT_ALL
 .rodata._H1_IR_FFT_ALL
                0x08068000     0x2000 ./Core/Src/_MULTI_FX_EFFECTS/IR_Definitions/h1_gaincorrected.o
                0x08068000                _H1_IR_FFT_ALL
 .rodata._H2_IR_FFT_ALL
                0x0806a000     0x2000 ./Core/Src/_MULTI_FX_EFFECTS/IR_Definitions/h2_gaincorrected.o
                0x0806a000                _H2_IR_FFT_ALL
 .rodata._H3_IR_FFT_ALL
                0x0806c000     0x2000 ./Core/Src/_MULTI_FX_EFFECTS/IR_Definitions/h3_gaincorrected.o
                0x0806c000                _H3_IR_FFT_ALL
 .rodata.D1CorePrescTable
                0x0806e000       0x10 ./Core/Src/system_stm32h7xx.o
                0x0806e000                D1CorePrescTable
 .rodata.flagBitshiftOffset.0
                0x0806e010        0x8 ./Drivers/STM32H7xx_HAL_Driver/Src/stm32h7xx_hal_dma.o
 .rodata.twiddleCoef_2048
                0x0806e018     0x4000 C:\Users\Hassa\Documents\GitHub\BCIT\BEngCapstone\STM32H743-DSP\Lib\libarm_cortexM7lfsp_math.a(arm_common_tables.o)
                0x0806e018                twiddleCoef_2048
 .rodata.twiddleCoef_rfft_64
                0x08072018      0x100 C:\Users\Hassa\Documents\GitHub\BCIT\BEngCapstone\STM32H743-DSP\Lib\libarm_cortexM7lfsp_math.a(arm_common_tables.o)
                0x08072018                twiddleCoef_rfft_64
 .rodata.armBitRevIndexTable64
                0x08072118       0x70 C:\Users\Hassa\Documents\GitHub\BCIT\BEngCapstone\STM32H743-DSP\Lib\libarm_cortexM7lfsp_math.a(arm_common_tables.o)
                0x08072118                armBitRevIndexTable64
 .rodata.twiddleCoef_rfft_2048
                0x08072188     0x2000 C:\Users\Hassa\Documents\GitHub\BCIT\BEngCapstone\STM32H743-DSP\Lib\libarm_cortexM7lfsp_math.a(arm_common_tables.o)
                0x08072188                twiddleCoef_rfft_2048
 .rodata.twiddleCoef_rfft_4096
                0x08074188     0x4000 C:\Users\Hassa\Documents\GitHub\BCIT\BEngCapstone\STM32H743-DSP\Lib\libarm_cortexM7lfsp_math.a(arm_common_tables.o)
                0x08074188                twiddleCoef_rfft_4096
 .rodata.twiddleCoef_256
                0x08078188      0x800 C:\Users\Hassa\Documents\GitHub\BCIT\BEngCapstone\STM32H743-DSP\Lib\libarm_cortexM7lfsp_math.a(arm_common_tables.o)
                0x08078188                twiddleCoef_256
 .rodata.twiddleCoef_16
                0x08078988       0x80 C:\Users\Hassa\Documents\GitHub\BCIT\BEngCapstone\STM32H743-DSP\Lib\libarm_cortexM7lfsp_math.a(arm_common_tables.o)
                0x08078988                twiddleCoef_16
 .rodata.twiddleCoef_1024
                0x08078a08     0x2000 C:\Users\Hassa\Documents\GitHub\BCIT\BEngCapstone\STM32H743-DSP\Lib\libarm_cortexM7lfsp_math.a(arm_common_tables.o)
                0x08078a08                twiddleCoef_1024
 .rodata.twiddleCoef_32
                0x0807aa08      0x100 C:\Users\Hassa\Documents\GitHub\BCIT\BEngCapstone\STM32H743-DSP\Lib\libarm_cortexM7lfsp_math.a(arm_common_tables.o)
                0x0807aa08                twiddleCoef_32
 .rodata.armBitRevIndexTable1024
                0x0807ab08      0xe10 C:\Users\Hassa\Documents\GitHub\BCIT\BEngCapstone\STM32H743-DSP\Lib\libarm_cortexM7lfsp_math.a(arm_common_tables.o)
                0x0807ab08                armBitRevIndexTable1024
 .rodata.armBitRevIndexTable16
                0x0807b918       0x28 C:\Users\Hassa\Documents\GitHub\BCIT\BEngCapstone\STM32H743-DSP\Lib\libarm_cortexM7lfsp_math.a(arm_common_tables.o)
                0x0807b918                armBitRevIndexTable16
 .rodata.twiddleCoef_rfft_32
                0x0807b940       0x80 C:\Users\Hassa\Documents\GitHub\BCIT\BEngCapstone\STM32H743-DSP\Lib\libarm_cortexM7lfsp_math.a(arm_common_tables.o)
                0x0807b940                twiddleCoef_rfft_32
 .rodata.armBitRevIndexTable32
                0x0807b9c0       0x60 C:\Users\Hassa\Documents\GitHub\BCIT\BEngCapstone\STM32H743-DSP\Lib\libarm_cortexM7lfsp_math.a(arm_common_tables.o)
                0x0807b9c0                armBitRevIndexTable32
 .rodata.twiddleCoef_128
                0x0807ba20      0x400 C:\Users\Hassa\Documents\GitHub\BCIT\BEngCapstone\STM32H743-DSP\Lib\libarm_cortexM7lfsp_math.a(arm_common_tables.o)
                0x0807ba20                twiddleCoef_128
 .rodata.twiddleCoef_512
                0x0807be20     0x1000 C:\Users\Hassa\Documents\GitHub\BCIT\BEngCapstone\STM32H743-DSP\Lib\libarm_cortexM7lfsp_math.a(arm_common_tables.o)
                0x0807be20                twiddleCoef_512
 .rodata.armBitRevIndexTable2048
                0x0807ce20     0x1dc0 C:\Users\Hassa\Documents\GitHub\BCIT\BEngCapstone\STM32H743-DSP\Lib\libarm_cortexM7lfsp_math.a(arm_common_tables.o)
                0x0807ce20                armBitRevIndexTable2048
 .rodata.twiddleCoef_64
                0x0807ebe0      0x200 C:\Users\Hassa\Documents\GitHub\BCIT\BEngCapstone\STM32H743-DSP\Lib\libarm_cortexM7lfsp_math.a(arm_common_tables.o)
                0x0807ebe0                twiddleCoef_64
 .rodata.twiddleCoef_rfft_512
                0x0807ede0      0x800 C:\Users\Hassa\Documents\GitHub\BCIT\BEngCapstone\STM32H743-DSP\Lib\libarm_cortexM7lfsp_math.a(arm_common_tables.o)
                0x0807ede0                twiddleCoef_rfft_512
 .rodata.armBitRevIndexTable512
                0x0807f5e0      0x380 C:\Users\Hassa\Documents\GitHub\BCIT\BEngCapstone\STM32H743-DSP\Lib\libarm_cortexM7lfsp_math.a(arm_common_tables.o)
                0x0807f5e0                armBitRevIndexTable512
 .rodata.twiddleCoef_rfft_1024
                0x0807f960     0x1000 C:\Users\Hassa\Documents\GitHub\BCIT\BEngCapstone\STM32H743-DSP\Lib\libarm_cortexM7lfsp_math.a(arm_common_tables.o)
                0x0807f960                twiddleCoef_rfft_1024
 .rodata.twiddleCoef_rfft_256
                0x08080960      0x400 C:\Users\Hassa\Documents\GitHub\BCIT\BEngCapstone\STM32H743-DSP\Lib\libarm_cortexM7lfsp_math.a(arm_common_tables.o)
                0x08080960                twiddleCoef_rfft_256
 .rodata.armBitRevIndexTable256
                0x08080d60      0x370 C:\Users\Hassa\Documents\GitHub\BCIT\BEngCapstone\STM32H743-DSP\Lib\libarm_cortexM7lfsp_math.a(arm_common_tables.o)
                0x08080d60                armBitRevIndexTable256
 .rodata.twiddleCoef_rfft_128
                0x080810d0      0x200 C:\Users\Hassa\Documents\GitHub\BCIT\BEngCapstone\STM32H743-DSP\Lib\libarm_cortexM7lfsp_math.a(arm_common_tables.o)
                0x080810d0                twiddleCoef_rfft_128
 .rodata.armBitRevIndexTable128
                0x080812d0      0x1a0 C:\Users\Hassa\Documents\GitHub\BCIT\BEngCapstone\STM32H743-DSP\Lib\libarm_cortexM7lfsp_math.a(arm_common_tables.o)
                0x080812d0                armBitRevIndexTable128
 .rodata.srand.str1.1
                0x08081470       0xde C:/ST/STM32CubeIDE_1.18.0/STM32CubeIDE/plugins/com.st.stm32cube.ide.mcu.externaltools.gnu-tools-for-stm32.13.3.rel1.win32_1.0.0.202411081344/tools/bin/../lib/gcc/arm-none-eabi/13.3.1/../../../../arm-none-eabi/lib/thumb/v7e-m+dp/hard\libc_nano.a(libc_a-rand.o)
                                 0x6f (size before relaxing)
 .rodata.__assert_func.str1.1
                0x0808154e       0x3d C:/ST/STM32CubeIDE_1.18.0/STM32CubeIDE/plugins/com.st.stm32cube.ide.mcu.externaltools.gnu-tools-for-stm32.13.3.rel1.win32_1.0.0.202411081344/tools/bin/../lib/gcc/arm-none-eabi/13.3.1/../../../../arm-none-eabi/lib/thumb/v7e-m+dp/hard\libc_nano.a(libc_a-assert.o)
 .rodata._vfprintf_r.str1.1
                0x0808154e       0x11 C:/ST/STM32CubeIDE_1.18.0/STM32CubeIDE/plugins/com.st.stm32cube.ide.mcu.externaltools.gnu-tools-for-stm32.13.3.rel1.win32_1.0.0.202411081344/tools/bin/../lib/gcc/arm-none-eabi/13.3.1/../../../../arm-none-eabi/lib/thumb/v7e-m+dp/hard\libc_nano.a(libc_a-nano-vfprintf.o)
 .rodata._printf_i.str1.1
                0x0808154e       0x22 C:/ST/STM32CubeIDE_1.18.0/STM32CubeIDE/plugins/com.st.stm32cube.ide.mcu.externaltools.gnu-tools-for-stm32.13.3.rel1.win32_1.0.0.202411081344/tools/bin/../lib/gcc/arm-none-eabi/13.3.1/../../../../arm-none-eabi/lib/thumb/v7e-m+dp/hard\libc_nano.a(libc_a-nano-vfprintf_i.o)
 *fill*         0x0808154e        0x2 
 .rodata.tiny   0x08081550        0x4 C:/ST/STM32CubeIDE_1.18.0/STM32CubeIDE/plugins/com.st.stm32cube.ide.mcu.externaltools.gnu-tools-for-stm32.13.3.rel1.win32_1.0.0.202411081344/tools/bin/../lib/gcc/arm-none-eabi/13.3.1/../../../../arm-none-eabi/lib/thumb/v7e-m+dp/hard\libm.a(libm_a-sf_tanh.o)
 .rodata.two    0x08081554        0x4 C:/ST/STM32CubeIDE_1.18.0/STM32CubeIDE/plugins/com.st.stm32cube.ide.mcu.externaltools.gnu-tools-for-stm32.13.3.rel1.win32_1.0.0.202411081344/tools/bin/../lib/gcc/arm-none-eabi/13.3.1/../../../../arm-none-eabi/lib/thumb/v7e-m+dp/hard\libm.a(libm_a-sf_tanh.o)
 .rodata.one    0x08081558        0x4 C:/ST/STM32CubeIDE_1.18.0/STM32CubeIDE/plugins/com.st.stm32cube.ide.mcu.externaltools.gnu-tools-for-stm32.13.3.rel1.win32_1.0.0.202411081344/tools/bin/../lib/gcc/arm-none-eabi/13.3.1/../../../../arm-none-eabi/lib/thumb/v7e-m+dp/hard\libm.a(libm_a-sf_tanh.o)
 .rodata.__inv_pio4
                0x0808155c       0x60 C:/ST/STM32CubeIDE_1.18.0/STM32CubeIDE/plugins/com.st.stm32cube.ide.mcu.externaltools.gnu-tools-for-stm32.13.3.rel1.win32_1.0.0.202411081344/tools/bin/../lib/gcc/arm-none-eabi/13.3.1/../../../../arm-none-eabi/lib/thumb/v7e-m+dp/hard\libm.a(libm_a-sincosf_data.o)
                0x0808155c                __inv_pio4
 *fill*         0x080815bc        0x4 
 .rodata.__sincosf_table
                0x080815c0       0xe0 C:/ST/STM32CubeIDE_1.18.0/STM32CubeIDE/plugins/com.st.stm32cube.ide.mcu.externaltools.gnu-tools-for-stm32.13.3.rel1.win32_1.0.0.202411081344/tools/bin/../lib/gcc/arm-none-eabi/13.3.1/../../../../arm-none-eabi/lib/thumb/v7e-m+dp/hard\libm.a(libm_a-sincosf_data.o)
                0x080815c0                __sincosf_table
                0x080816a0                        . = ALIGN (0x4)

.ARM.extab
 *(.ARM.extab* .gnu.linkonce.armextab.*)

.ARM            0x080816a0        0x8
                0x080816a0                        __exidx_start = .
 *(.ARM.exidx*)
 .ARM.exidx     0x080816a0        0x8 C:/ST/STM32CubeIDE_1.18.0/STM32CubeIDE/plugins/com.st.stm32cube.ide.mcu.externaltools.gnu-tools-for-stm32.13.3.rel1.win32_1.0.0.202411081344/tools/bin/../lib/gcc/arm-none-eabi/13.3.1/../../../../arm-none-eabi/lib/thumb/v7e-m+dp/hard\libc_nano.a(libc_a-memchr.o)
                0x080816a8                        __exidx_end = .

.preinit_array  0x080816a8        0x0
                0x080816a8                        PROVIDE (__preinit_array_start = .)
 *(.preinit_array*)
                0x080816a8                        PROVIDE (__preinit_array_end = .)

.init_array     0x080816a8        0x4
                0x080816a8                        PROVIDE (__init_array_start = .)
 *(SORT_BY_NAME(.init_array.*))
 *(.init_array*)
 .init_array    0x080816a8        0x4 C:/ST/STM32CubeIDE_1.18.0/STM32CubeIDE/plugins/com.st.stm32cube.ide.mcu.externaltools.gnu-tools-for-stm32.13.3.rel1.win32_1.0.0.202411081344/tools/bin/../lib/gcc/arm-none-eabi/13.3.1/thumb/v7e-m+dp/hard/crtbegin.o
                0x080816ac                        PROVIDE (__init_array_end = .)

.fini_array     0x080816ac        0x4
                [!provide]                        PROVIDE (__fini_array_start = .)
 *(SORT_BY_NAME(.fini_array.*))
 *(.fini_array*)
 .fini_array    0x080816ac        0x4 C:/ST/STM32CubeIDE_1.18.0/STM32CubeIDE/plugins/com.st.stm32cube.ide.mcu.externaltools.gnu-tools-for-stm32.13.3.rel1.win32_1.0.0.202411081344/tools/bin/../lib/gcc/arm-none-eabi/13.3.1/thumb/v7e-m+dp/hard/crtbegin.o
                [!provide]                        PROVIDE (__fini_array_end = .)
                0x080816b0                        _sidata = LOADADDR (.data)

.rel.dyn        0x080816b0        0x0
 .rel.iplt      0x080816b0        0x0 C:/ST/STM32CubeIDE_1.18.0/STM32CubeIDE/plugins/com.st.stm32cube.ide.mcu.externaltools.gnu-tools-for-stm32.13.3.rel1.win32_1.0.0.202411081344/tools/bin/../lib/gcc/arm-none-eabi/13.3.1/thumb/v7e-m+dp/hard/crtbegin.o

.data           0x24000000       0xa0 load address 0x080816b0
                0x24000000                        . = ALIGN (0x4)
                0x24000000                        _sdata = .
 *(.data)
 *(.data*)
 .data.noise_thresh
                0x24000000        0x4 ./Core/Src/main.o
                0x24000000                noise_thresh
 .data.fx_init  0x24000004       0x18 ./Core/Src/main.o
                0x24000004                fx_init
 .data.fx_param
                0x2400001c       0x18 ./Core/Src/main.o
                0x2400001c                fx_param
 .data.SystemD2Clock
                0x24000034        0x4 ./Core/Src/system_stm32h7xx.o
                0x24000034                SystemD2Clock
 .data.SystemCoreClock
                0x24000038        0x4 ./Core/Src/system_stm32h7xx.o
                0x24000038                SystemCoreClock
 .data.uwTickFreq
                0x2400003c        0x1 ./Drivers/STM32H7xx_HAL_Driver/Src/stm32h7xx_hal.o
                0x2400003c                uwTickFreq
 *fill*         0x2400003d        0x3 
 .data.uwTickPrio
                0x24000040        0x4 ./Drivers/STM32H7xx_HAL_Driver/Src/stm32h7xx_hal.o
                0x24000040                uwTickPrio
 .data.__sglue  0x24000044        0xc C:/ST/STM32CubeIDE_1.18.0/STM32CubeIDE/plugins/com.st.stm32cube.ide.mcu.externaltools.gnu-tools-for-stm32.13.3.rel1.win32_1.0.0.202411081344/tools/bin/../lib/gcc/arm-none-eabi/13.3.1/../../../../arm-none-eabi/lib/thumb/v7e-m+dp/hard\libc_nano.a(libc_a-findfp.o)
                0x24000044                __sglue
 .data._impure_ptr
                0x24000050        0x4 C:/ST/STM32CubeIDE_1.18.0/STM32CubeIDE/plugins/com.st.stm32cube.ide.mcu.externaltools.gnu-tools-for-stm32.13.3.rel1.win32_1.0.0.202411081344/tools/bin/../lib/gcc/arm-none-eabi/13.3.1/../../../../arm-none-eabi/lib/thumb/v7e-m+dp/hard\libc_nano.a(libc_a-impure.o)
                0x24000050                _impure_ptr
 .data._impure_data
                0x24000054       0x4c C:/ST/STM32CubeIDE_1.18.0/STM32CubeIDE/plugins/com.st.stm32cube.ide.mcu.externaltools.gnu-tools-for-stm32.13.3.rel1.win32_1.0.0.202411081344/tools/bin/../lib/gcc/arm-none-eabi/13.3.1/../../../../arm-none-eabi/lib/thumb/v7e-m+dp/hard\libc_nano.a(libc_a-impure.o)
                0x24000054                _impure_data
 *(.RamFunc)
 *(.RamFunc*)
                0x240000a0                        . = ALIGN (0x4)
                0x240000a0                        _edata = .

.igot.plt       0x240000a0        0x0 load address 0x08081750
 .igot.plt      0x240000a0        0x0 C:/ST/STM32CubeIDE_1.18.0/STM32CubeIDE/plugins/com.st.stm32cube.ide.mcu.externaltools.gnu-tools-for-stm32.13.3.rel1.win32_1.0.0.202411081344/tools/bin/../lib/gcc/arm-none-eabi/13.3.1/thumb/v7e-m+dp/hard/crtbegin.o

.dtcm_bss       0x20000000    0x11020
                0x20000000                        . = ALIGN (0x4)
                0x20000000                        __dtcm_bss_start = .
 *(.dtcm .dtcm.*)
 .dtcm          0x20000000     0xf020 ./Core/Src/_MULTI_FX_MEM/mem_manager_multi_fx.o
 .dtcm          0x2000f020     0x2000 ./Core/Src/partitioned_fir_convolution_fft.o
                0x2000f020                zeropad
                0x20011020                        . = ALIGN (0x4)
                0x20011020                        __dtcm_bss_end = .

.dtcm_data      0x20011020        0x0 load address 0x08081750
                0x20011020                        . = ALIGN (0x4)
                0x20011020                        __dtcm_data_start = .
 *(.data.dtcm .data.dtcm.*)
                0x20011020                        . = ALIGN (0x4)
                0x20011020                        __dtcm_data_end = .
                0x20011020                        . = ALIGN (0x4)

.bss            0x240000a0    0x7e484
                0x240000a0                        _sbss = .
                0x240000a0                        __bss_start__ = _sbss
 *(.bss)
 .bss           0x240000a0       0x1c C:/ST/STM32CubeIDE_1.18.0/STM32CubeIDE/plugins/com.st.stm32cube.ide.mcu.externaltools.gnu-tools-for-stm32.13.3.rel1.win32_1.0.0.202411081344/tools/bin/../lib/gcc/arm-none-eabi/13.3.1/thumb/v7e-m+dp/hard/crtbegin.o
 *(.bss*)
 .bss.pow_scratch.0
                0x240000bc     0x1000 ./Core/Src/_MULTI_FX_EFFECTS/FX_Definitions/supro_simulation_f32.o
 .bss.pre_env.1
                0x240010bc     0x1000 ./Core/Src/_MULTI_FX_EFFECTS/FX_Definitions/supro_simulation_f32.o
 .bss.pre_scratch.2
                0x240020bc     0x1000 ./Core/Src/_MULTI_FX_EFFECTS/FX_Definitions/supro_simulation_f32.o
 .bss.pool_head_ram_d2
                0x240030bc        0x4 ./Core/Src/_MULTI_FX_MEM/mem_manager_multi_fx.o
 .bss.pool_head
                0x240030c0        0x4 ./Core/Src/_MULTI_FX_MEM/mem_manager_multi_fx.o
 .bss.static_pool
                0x240030c4    0x68004 ./Core/Src/_MULTI_FX_MEM/mem_manager_multi_fx.o
 .bss.clipLedActive
                0x2406b0c8        0x1 ./Core/Src/main.o
                0x2406b0c8                clipLedActive
 *fill*         0x2406b0c9        0x3 
 .bss.clipLedDeadline
                0x2406b0cc        0x4 ./Core/Src/main.o
                0x2406b0cc                clipLedDeadline
 .bss.sum_of_squares
                0x2406b0d0        0x4 ./Core/Src/main.o
                0x2406b0d0                sum_of_squares
 .bss.dacOutput
                0x2406b0d4     0x1000 ./Core/Src/main.o
 .bss.adcInput  0x2406c0d4     0x1000 ./Core/Src/main.o
 .bss.fft       0x2406d0d4       0x18 ./Core/Src/main.o
                0x2406d0d4                fft
 .bss.nodes     0x2406d0ec       0x14 ./Core/Src/main.o
                0x2406d0ec                nodes
 .bss.fx_handle_4
                0x2406d100       0x30 ./Core/Src/main.o
                0x2406d100                fx_handle_4
 .bss.fx_handle_3
                0x2406d130       0x30 ./Core/Src/main.o
                0x2406d130                fx_handle_3
 .bss.fx_handle_2
                0x2406d160       0x30 ./Core/Src/main.o
                0x2406d160                fx_handle_2
 .bss.fx_handle_1
                0x2406d190       0x30 ./Core/Src/main.o
                0x2406d190                fx_handle_1
 .bss.fx_handle_0
                0x2406d1c0       0x30 ./Core/Src/main.o
                0x2406d1c0                fx_handle_0
 .bss.apipe     0x2406d1f0     0xf02c ./Core/Src/main.o
                0x2406d1f0                apipe
 .bss.htim8     0x2407c21c       0x4c ./Core/Src/main.o
                0x2407c21c                htim8
 .bss.hdma_dac1_ch1
                0x2407c268       0x78 ./Core/Src/main.o
                0x2407c268                hdma_dac1_ch1
 .bss.hdac1     0x2407c2e0       0x14 ./Core/Src/main.o
                0x2407c2e0                hdac1
 .bss.hdma_adc1
                0x2407c2f4       0x78 ./Core/Src/main.o
                0x2407c2f4                hdma_adc1
 .bss.hadc1     0x2407c36c       0x64 ./Core/Src/main.o
                0x2407c36c                hadc1
 .bss.fftOut    0x2407c3d0     0x2000 ./Core/Src/partitioned_fir_convolution_fft.o
                0x2407c3d0                fftOut
 .bss.__sbrk_heap_end
                0x2407e3d0        0x4 ./Core/Src/sysmem.o
 .bss.uwTick    0x2407e3d4        0x4 ./Drivers/STM32H7xx_HAL_Driver/Src/stm32h7xx_hal.o
                0x2407e3d4                uwTick
 .bss.__sf      0x2407e3d8      0x138 C:/ST/STM32CubeIDE_1.18.0/STM32CubeIDE/plugins/com.st.stm32cube.ide.mcu.externaltools.gnu-tools-for-stm32.13.3.rel1.win32_1.0.0.202411081344/tools/bin/../lib/gcc/arm-none-eabi/13.3.1/../../../../arm-none-eabi/lib/thumb/v7e-m+dp/hard\libc_nano.a(libc_a-findfp.o)
                0x2407e3d8                __sf
 .bss.__stdio_exit_handler
                0x2407e510        0x4 C:/ST/STM32CubeIDE_1.18.0/STM32CubeIDE/plugins/com.st.stm32cube.ide.mcu.externaltools.gnu-tools-for-stm32.13.3.rel1.win32_1.0.0.202411081344/tools/bin/../lib/gcc/arm-none-eabi/13.3.1/../../../../arm-none-eabi/lib/thumb/v7e-m+dp/hard\libc_nano.a(libc_a-findfp.o)
                0x2407e510                __stdio_exit_handler
 .bss.errno     0x2407e514        0x4 C:/ST/STM32CubeIDE_1.18.0/STM32CubeIDE/plugins/com.st.stm32cube.ide.mcu.externaltools.gnu-tools-for-stm32.13.3.rel1.win32_1.0.0.202411081344/tools/bin/../lib/gcc/arm-none-eabi/13.3.1/../../../../arm-none-eabi/lib/thumb/v7e-m+dp/hard\libc_nano.a(libc_a-reent.o)
                0x2407e514                errno
 .bss.__lock___malloc_recursive_mutex
                0x2407e518        0x1 C:/ST/STM32CubeIDE_1.18.0/STM32CubeIDE/plugins/com.st.stm32cube.ide.mcu.externaltools.gnu-tools-for-stm32.13.3.rel1.win32_1.0.0.202411081344/tools/bin/../lib/gcc/arm-none-eabi/13.3.1/../../../../arm-none-eabi/lib/thumb/v7e-m+dp/hard\libc_nano.a(libc_a-lock.o)
                0x2407e518                __lock___malloc_recursive_mutex
 .bss.__lock___sfp_recursive_mutex
                0x2407e519        0x1 C:/ST/STM32CubeIDE_1.18.0/STM32CubeIDE/plugins/com.st.stm32cube.ide.mcu.externaltools.gnu-tools-for-stm32.13.3.rel1.win32_1.0.0.202411081344/tools/bin/../lib/gcc/arm-none-eabi/13.3.1/../../../../arm-none-eabi/lib/thumb/v7e-m+dp/hard\libc_nano.a(libc_a-lock.o)
                0x2407e519                __lock___sfp_recursive_mutex
 *fill*         0x2407e51a        0x2 
 .bss.__malloc_sbrk_start
                0x2407e51c        0x4 C:/ST/STM32CubeIDE_1.18.0/STM32CubeIDE/plugins/com.st.stm32cube.ide.mcu.externaltools.gnu-tools-for-stm32.13.3.rel1.win32_1.0.0.202411081344/tools/bin/../lib/gcc/arm-none-eabi/13.3.1/../../../../arm-none-eabi/lib/thumb/v7e-m+dp/hard\libc_nano.a(libc_a-mallocr.o)
                0x2407e51c                __malloc_sbrk_start
 .bss.__malloc_free_list
                0x2407e520        0x4 C:/ST/STM32CubeIDE_1.18.0/STM32CubeIDE/plugins/com.st.stm32cube.ide.mcu.externaltools.gnu-tools-for-stm32.13.3.rel1.win32_1.0.0.202411081344/tools/bin/../lib/gcc/arm-none-eabi/13.3.1/../../../../arm-none-eabi/lib/thumb/v7e-m+dp/hard\libc_nano.a(libc_a-mallocr.o)
                0x2407e520                __malloc_free_list
 *(COMMON)
                0x2407e524                        . = ALIGN (0x4)
                0x2407e524                        _ebss = .
                0x2407e524                        __bss_end__ = _ebss

._user_heap_stack
                0x2407e524      0x604
                0x2407e528                        . = ALIGN (0x8)
 *fill*         0x2407e524        0x4 
                [!provide]                        PROVIDE (end = .)
                0x2407e528                        PROVIDE (_end = .)
                0x2407e728                        . = (. + _Min_Heap_Size)
 *fill*         0x2407e528      0x200 
                0x2407eb28                        . = (. + _Min_Stack_Size)
 *fill*         0x2407e728      0x400 
                0x2407eb28                        . = ALIGN (0x8)

/DISCARD/
 libc.a(*)
 libm.a(*)
 libgcc.a(*)

.ramd2          0x30000000    0x28004
                0x30000000                        . = ALIGN (0x1)
 *(.ramd2)
 .ramd2         0x30000000    0x28004 ./Core/Src/_MULTI_FX_MEM/mem_manager_multi_fx.o
                0x30028004                        . = ALIGN (0x1)

.ARM.attributes
                0x00000000       0x2e
 *(.ARM.attributes)
 .ARM.attributes